Component: ARM Compiler 5.06 update 2 (build 183) Tool: armlink [4d35b7]

==============================================================================

Section Cross References

    ucos_task.o(.text) refers to leg.o(.text) for leg_init
    ucos_task.o(.text) refers to time.o(.text) for Get_Cycle_T
    ucos_task.o(.text) refers to delay.o(.text) for delay_ms
    ucos_task.o(.text) refers to brain.o(.text) for leg_task
    ucos_task.o(.text) refers to usart_fc.o(.text) for Send_LEG
    ucos_task.o(.text) refers to dflt_clz.o(x$fpl$dfltu) for __aeabi_ui2d
    ucos_task.o(.text) refers to drleqf.o(x$fpl$drleqf) for __aeabi_cdrcmple
    ucos_task.o(.text) refers to leg.o(.bss) for leg
    ucos_task.o(.text) refers to ucos_task.o(.bss) for leg_dt
    ucos_task.o(.text) refers to rc_mine.o(.data) for KEY
    ucos_task.o(.text) refers to ucos_task.o(.data) for tcnt
    ucos_task.o(.text) refers to os_core.o(.data) for OSCPUUsage
    main.o(.text) refers to os_mbox.o(.text) for OSMboxCreate
    main.o(.text) refers to os_q.o(.text) for OSQCreate
    main.o(.text) refers to os_flag.o(.text) for OSFlagCreate
    main.o(.text) refers to os_core.o(.text) for OSStatInit
    main.o(.text) refers to os_tmr.o(.text) for OSTmrCreate
    main.o(.text) refers to os_cpu_a.o(.text) for OS_CPU_SR_Save
    main.o(.text) refers to os_task.o(.text) for OSTaskCreate
    main.o(.text) refers to misc.o(.text) for NVIC_PriorityGroupConfig
    main.o(.text) refers to delay.o(.text) for delay_init
    main.o(.text) refers to time.o(.text) for Initial_Timer_SYS
    main.o(.text) refers to rng.o(.text) for RNG_Init
    main.o(.text) refers to usart_fc.o(.text) for Usart1_Init
    main.o(.text) refers to dma.o(.text) for MYDMA_Config
    main.o(.text) refers to stm32f4xx_usart.o(.text) for USART_DMACmd
    main.o(.text) refers to led_fc.o(.text) for LED_Init
    main.o(.text) refers to main.o(.data) for msg_key
    main.o(.text) refers to main.o(.bss) for MsgGrp
    main.o(.text) refers to ucos_task.o(.text) for tmr1_callback
    main.o(.text) refers to ucos_task.o(.data) for tmr1
    main.o(.text) refers to ucos_task.o(.bss) for BRAIN_TASK_STK
    main.o(.text) refers to usart_fc.o(.bss) for SendBuff1
    system_stm32f4xx.o(.text) refers to system_stm32f4xx.o(.data) for SystemCoreClock
    startup_stm32f40_41xxx.o(STACK) refers (Special) to heapauxi.o(.text) for __use_two_region_memory
    startup_stm32f40_41xxx.o(HEAP) refers (Special) to heapauxi.o(.text) for __use_two_region_memory
    startup_stm32f40_41xxx.o(RESET) refers (Special) to heapauxi.o(.text) for __use_two_region_memory
    startup_stm32f40_41xxx.o(RESET) refers to startup_stm32f40_41xxx.o(STACK) for __initial_sp
    startup_stm32f40_41xxx.o(RESET) refers to startup_stm32f40_41xxx.o(.text) for Reset_Handler
    startup_stm32f40_41xxx.o(RESET) refers to stm32f4xx_it.o(.text) for NMI_Handler
    startup_stm32f40_41xxx.o(RESET) refers to os_cpu_a.o(.text) for PendSV_Handler
    startup_stm32f40_41xxx.o(RESET) refers to delay.o(.text) for SysTick_Handler
    startup_stm32f40_41xxx.o(RESET) refers to usart_fc.o(.text) for USART1_IRQHandler
    startup_stm32f40_41xxx.o(.text) refers (Special) to heapauxi.o(.text) for __use_two_region_memory
    startup_stm32f40_41xxx.o(.text) refers to system_stm32f4xx.o(.text) for SystemInit
    startup_stm32f40_41xxx.o(.text) refers to __main.o(!!!main) for __main
    startup_stm32f40_41xxx.o(.text) refers to startup_stm32f40_41xxx.o(HEAP) for Heap_Mem
    startup_stm32f40_41xxx.o(.text) refers to startup_stm32f40_41xxx.o(STACK) for Stack_Mem
    delay.o(.text) refers to os_core.o(.text) for OSIntEnter
    delay.o(.text) refers to misc.o(.text) for SysTick_CLKSourceConfig
    delay.o(.text) refers to os_time.o(.text) for OSTimeDly
    delay.o(.text) refers to delay.o(.data) for fac_us
    delay.o(.text) refers to os_core.o(.data) for OSRunning
    stm32f4xx_gpio.o(.text) refers to stm32f4xx_rcc.o(.text) for RCC_AHB1PeriphResetCmd
    stm32f4xx_fsmc.o(.text) refers to stm32f4xx_fsmc.o(.constdata) for FSMC_DefaultTimingStruct
    stm32f4xx_rcc.o(.text) refers to stm32f4xx_rcc.o(.data) for APBAHBPrescTable
    stm32f4xx_syscfg.o(.text) refers to stm32f4xx_rcc.o(.text) for RCC_APB2PeriphResetCmd
    stm32f4xx_usart.o(.text) refers to stm32f4xx_rcc.o(.text) for RCC_APB2PeriphResetCmd
    stm32f4xx_tim.o(.text) refers to stm32f4xx_rcc.o(.text) for RCC_APB2PeriphResetCmd
    stm32f4xx_pwr.o(.text) refers to stm32f4xx_rcc.o(.text) for RCC_APB1PeriphResetCmd
    stm32f4xx_spi.o(.text) refers to stm32f4xx_rcc.o(.text) for RCC_APB2PeriphResetCmd
    stm32f4xx_rng.o(.text) refers to stm32f4xx_rcc.o(.text) for RCC_AHB2PeriphResetCmd
    os_core.o(.text) refers to os_task.o(.text) for OSTaskStkChk
    os_core.o(.text) refers to os_time.o(.text) for OSTimeDly
    os_core.o(.text) refers to os_cpu_a.o(.text) for OS_CPU_SR_Save
    os_core.o(.text) refers to os_cpu_c.o(.text) for OSTaskStatHook
    os_core.o(.text) refers to os_flag.o(.text) for OS_FlagInit
[...]
    __rt_entry_postsh_1                      0x0800024f   Thumb Code     0  __rtentry2.o(.ARM.Collect$$rtentry$$00000009)
    __rt_entry_main                          0x08000253   Thumb Code     0  __rtentry2.o(.ARM.Collect$$rtentry$$0000000D)
    __rt_entry_postli_1                      0x08000253   Thumb Code     0  __rtentry2.o(.ARM.Collect$$rtentry$$0000000C)
    __rt_exit                                0x0800025b   Thumb Code     0  rtexit.o(.ARM.Collect$$rtexit$$00000000)
    __rt_exit_ls                             0x0800025d   Thumb Code     0  rtexit2.o(.ARM.Collect$$rtexit$$00000003)
    __rt_exit_prels_1                        0x0800025d   Thumb Code     0  rtexit2.o(.ARM.Collect$$rtexit$$00000002)
    __rt_exit_exit                           0x08000261   Thumb Code     0  rtexit2.o(.ARM.Collect$$rtexit$$00000004)
    leg1_task                                0x08000269   Thumb Code    40  ucos_task.o(.text)
    leg2_task                                0x08000291   Thumb Code    40  ucos_task.o(.text)
    leg3_task                                0x080002b9   Thumb Code    40  ucos_task.o(.text)
    leg4_task                                0x080002e1   Thumb Code    40  ucos_task.o(.text)
    brain_task                               0x08000309   Thumb Code   300  ucos_task.o(.text)
    uart_task                                0x08000435   Thumb Code    34  ucos_task.o(.text)
    tmr1_callback                            0x08000457   Thumb Code    44  ucos_task.o(.text)
    tmr2_callback                            0x08000483   Thumb Code   170  ucos_task.o(.text)
    tmr3_callback                            0x0800052d   Thumb Code     2  ucos_task.o(.text)
    start_task                               0x08000571   Thumb Code   168  main.o(.text)
    main                                     0x08000619   Thumb Code   170  main.o(.text)
    flags_task                               0x080006c3   Thumb Code    38  main.o(.text)
    NMI_Handler                              0x08000739   Thumb Code     2  stm32f4xx_it.o(.text)
    HardFault_Handler                        0x0800073b   Thumb Code     4  stm32f4xx_it.o(.text)
    MemManage_Handler                        0x0800073f   Thumb Code     4  stm32f4xx_it.o(.text)
    BusFault_Handler                         0x08000743   Thumb Code     4  stm32f4xx_it.o(.text)
    UsageFault_Handler                       0x08000747   Thumb Code     4  stm32f4xx_it.o(.text)
    SVC_Handler                              0x0800074b   Thumb Code     2  stm32f4xx_it.o(.text)
    DebugMon_Handler                         0x0800074d   Thumb Code     2  stm32f4xx_it.o(.text)
    SystemInit                               0x0800082d   Thumb Code    88  system_stm32f4xx.o(.text)
    SystemCoreClockUpdate                    0x08000885   Thumb Code   174  system_stm32f4xx.o(.text)
    Reset_Handler                            0x08000961   Thumb Code     8  startup_stm32f40_41xxx.o(.text)
    ADC_IRQHandler                           0x0800097b   Thumb Code     0  startup_stm32f40_41xxx.o(.text)
    CAN1_RX0_IRQHandler                      0x0800097b   Thumb Code     0  startup_stm32f40_41xxx.o(.text)
    CAN1_RX1_IRQHandler                      0x0800097b   Thumb Code     0  startup_stm32f40_41xxx.o(.text)
    CAN1_SCE_IRQHandler                      0x0800097b   Thumb Code     0  startup_stm32f40_41xxx.o(.text)
    CAN1_TX_IRQHandler                       0x0800097b   Thumb Code     0  startup_stm32f40_41xxx.o(.text)
    CAN2_RX0_IRQHandler                      0x0800097b   Thumb Code     0  startup_stm32f40_41xxx.o(.text)
    CAN2_RX1_IRQHandler                      0x0800097b   Thumb Code     0  startup_stm32f40_41xxx.o(.text)
    CAN2_SCE_IRQHandler                      0x0800097b   Thumb Code     0  startup_stm32f40_41xxx.o(.text)
    CAN2_TX_IRQHandler                       0x0800097b   Thumb Code     0  startup_stm32f40_41xxx.o(.text)
    CRYP_IRQHandler                          0x0800097b   Thumb Code     0  startup_stm32f40_41xxx.o(.text)
    DCMI_IRQHandler                          0x0800097b   Thumb Code     0  startup_stm32f40_41xxx.o(.text)
    DMA1_Stream0_IRQHandler                  0x0800097b   Thumb Code     0  startup_stm32f40_41xxx.o(.text)
    DMA1_Stream1_IRQHandler                  0x0800097b   Thumb Code     0  startup_stm32f40_41xxx.o(.text)
    DMA1_Stream2_IRQHandler                  0x0800097b   Thumb Code     0  startup_stm32f40_41xxx.o(.text)
    DMA1_Stream3_IRQHandler                  0x0800097b   Thumb Code     0  startup_stm32f40_41xxx.o(.text)
    DMA1_Stream4_IRQHandler                  0x0800097b   Thumb Code     0  startup_stm32f40_41xxx.o(.text)
    DMA1_Stream5_IRQHandler                  0x0800097b   Thumb Code     0  startup_stm32f40_41xxx.o(.text)
    DMA1_Stream6_IRQHandler                  0x0800097b   Thumb Code     0  startup_stm32f40_41xxx.o(.text)
    DMA1_Stream7_IRQHandler                  0x0800097b   Thumb Code     0  startup_stm32f40_41xxx.o(.text)
    DMA2_Stream0_IRQHandler                  0x0800097b   Thumb Code     0  startup_stm32f40_41xxx.o(.text)
    DMA2_Stream1_IRQHandler                  0x0800097b   Thumb Code     0  startup_stm32f40_41xxx.o(.text)
    DMA2_Stream2_IRQHandler                  0x0800097b   Thumb Code     0  startup_stm32f40_41xxx.o(.text)
    DMA2_Stream3_IRQHandler                  0x0800097b   Thumb Code     0  startup_stm32f40_41xxx.o(.text)
    DMA2_Stream4_IRQHandler                  0x0800097b   Thumb Code     0  startup_stm32f40_41xxx.o(.text)
    DMA2_Stream5_IRQHandler                  0x0800097b   Thumb Code     0  startup_stm32f40_41xxx.o(.text)
    DMA2_Stream6_IRQHandler                  0x0800097b   Thumb Code     0  startup_stm32f40_41xxx.o(.text)
    DMA2_Stream7_IRQHandler                  0x0800097b   Thumb Code     0  startup_stm32f40_41xxx.o(.text)
    ETH_IRQHandler                           0x0800097b   Thumb Code     0  startup_stm32f40_41xxx.o(.text)
    ETH_WKUP_IRQHandler                      0x0800097b   Thumb Code     0  startup_stm32f40_41xxx.o(.text)
    EXTI0_IRQHandler                         0x0800097b   Thumb Code     0  startup_stm32f40_41xxx.o(.text)
    EXTI15_10_IRQHandler                     0x0800097b   Thumb Code     0  startup_stm32f40_41xxx.o(.text)
    EXTI1_IRQHandler                         0x0800097b   Thumb Code     0  startup_stm32f40_41xxx.o(.text)
    EXTI2_IRQHandler                         0x0800097b   Thumb Code     0  startup_stm32f40_41xxx.o(.text)
    EXTI3_IRQHandler                         0x0800097b   Thumb Code     0  startup_stm32f40_41xxx.o(.text)
    EXTI4_IRQHandler                         0x0800097b   Thumb Code     0  startup_stm32f40_41xxx.o(.text)
    EXTI9_5_IRQHandler                       0x0800097b   Thumb Code     0  startup_stm32f40_41xxx.o(.text)
    FLASH_IRQHandler                         0x0800097b   Thumb Code     0  startup_stm32f40_41xxx.o(.text)
    FPU_IRQHandler                           0x0800097b   Thumb Code     0  startup_stm32f40_41xxx.o(.text)
    FSMC_IRQHandler                          0x0800097b   Thumb Code     0  startup_stm32f40_41xxx.o(.text)
    HASH_RNG_IRQHandler                      0x0800097b   Thumb Code     0  startup_stm32f40_41xxx.o(.text)
    I2C1_ER_IRQHandler                       0x0800097b   Thumb Code     0  startup_stm32f40_41xxx.o(.text)
    I2C1_EV_IRQHandler                       0x0800097b   Thumb Code     0  startup_stm32f40_41xxx.o(.text)
    I2C2_ER_IRQHandler                       0x0800097b   Thumb Code     0  startup_stm32f40_41xxx.o(.text)
    I2C2_EV_IRQHandler                       0x0800097b   Thumb Code     0  startup_stm32f40_41xxx.o(.text)
    I2C3_ER_IRQHandler                       0x0800097b   Thumb Code     0  startup_stm32f40_41xxx.o(.text)
    I2C3_EV_IRQHandler                       0x0800097b   Thumb Code     0  startup_stm32f40_41xxx.o(.text)
    OTG_FS_IRQHandler                        0x0800097b   Thumb Code     0  startup_stm32f40_41xxx.o(.text)
    OTG_FS_WKUP_IRQHandler                   0x0800097b   Thumb Code     0  startup_stm32f40_41xxx.o(.text)
    OTG_HS_EP1_IN_IRQHandler                 0x0800097b   Thumb Code     0  startup_stm32f40_41xxx.o(.text)
    OTG_HS_EP1_OUT_IRQHandler                0x0800097b   Thumb Code     0  startup_stm32f40_41xxx.o(.text)
    OTG_HS_IRQHandler                        0x0800097b   Thumb Code     0  startup_stm32f40_41xxx.o(.text)
    OTG_HS_WKUP_IRQHandler                   0x0800097b   Thumb Code     0  startup_stm32f40_41xxx.o(.text)
    PVD_IRQHandler                           0x0800097b   Thumb Code     0  startup_stm32f40_41xxx.o(.text)
    RCC_IRQHandler                           0x0800097b   Thumb Code     0  startup_stm32f40_41xxx.o(.text)
    RTC_Alarm_IRQHandler                     0x0800097b   Thumb Code     0  startup_stm32f40_41xxx.o(.text)
    RTC_WKUP_IRQHandler                      0x0800097b   Thumb Code     0  startup_stm32f40_41xxx.o(.text)
    SDIO_IRQHandler                          0x0800097b   Thumb Code     0  startup_stm32f40_41xxx.o(.text)
    SPI1_IRQHandler                          0x0800097b   Thumb Code     0  startup_stm32f40_41xxx.o(.text)
    SPI2_IRQHandler                          0x0800097b   Thumb Code     0  startup_stm32f40_41xxx.o(.text)
    SPI3_IRQHandler                          0x0800097b   Thumb Code     0  startup_stm32f40_41xxx.o(.text)
    TAMP_STAMP_IRQHandler                    0x0800097b   Thumb Code     0  startup_stm32f40_41xxx.o(.text)
    TIM1_BRK_TIM9_IRQHandler                 0x0800097b   Thumb Code     0  startup_stm32f40_41xxx.o(.text)
    TIM1_CC_IRQHandler                       0x0800097b   Thumb Code     0  startup_stm32f40_41xxx.o(.text)
    TIM1_TRG_COM_TIM11_IRQHandler            0x0800097b   Thumb Code     0  startup_stm32f40_41xxx.o(.text)
    TIM1_UP_TIM10_IRQHandler                 0x0800097b   Thumb Code     0  startup_stm32f40_41xxx.o(.text)
    TIM2_IRQHandler                          0x0800097b   Thumb Code     0  startup_stm32f40_41xxx.o(.text)
    TIM3_IRQHandler                          0x0800097b   Thumb Code     0  startup_stm32f40_41xxx.o(.text)
    TIM4_IRQHandler                          0x0800097b   Thumb Code     0  startup_stm32f40_41xxx.o(.text)
    TIM5_IRQHandler                          0x0800097b   Thumb Code     0  startup_stm32f40_41xxx.o(.text)
    TIM6_DAC_IRQHandler                      0x0800097b   Thumb Code     0  startup_stm32f40_41xxx.o(.text)
    TIM7_IRQHandler                          0x0800097b   Thumb Code     0  startup_stm32f40_41xxx.o(.text)
    TIM8_BRK_TIM12_IRQHandler                0x0800097b   Thumb Code     0  startup_stm32f40_41xxx.o(.text)
    TIM8_CC_IRQHandler                       0x0800097b   Thumb Code     0  startup_stm32f40_41xxx.o(.text)
    TIM8_TRG_COM_TIM14_IRQHandler            0x0800097b   Thumb Code     0  startup_stm32f40_41xxx.o(.text)
    TIM8_UP_TIM13_IRQHandler                 0x0800097b   Thumb Code     0  startup_stm32f40_41xxx.o(.text)
    USART6_IRQHandler                        0x0800097b   Thumb Code     0  startup_stm32f40_41xxx.o(.text)
    WWDG_IRQHandler                          0x0800097b   Thumb Code     0  startup_stm32f40_41xxx.o(.text)
    __user_initial_stackheap                 0x0800097d   Thumb Code     0  startup_stm32f40_41xxx.o(.text)
    SysTick_Handler                          0x080009a1   Thumb Code    16  delay.o(.text)
    delay_init                               0x080009b1   Thumb Code    76  delay.o(.text)
    delay_us                                 0x080009fd   Thumb Code    86  delay.o(.text)
    delay_ms                                 0x08000a53   Thumb Code    68  delay.o(.text)
    NVIC_PriorityGroupConfig                 0x08000aa9   Thumb Code    10  misc.o(.text)
    NVIC_Init                                0x08000ab3   Thumb Code   106  misc.o(.text)
    NVIC_SetVectorTable                      0x08000b1d   Thumb Code    14  misc.o(.text)
    NVIC_SystemLPConfig                      0x08000b2b   Thumb Code    34  misc.o(.text)
    SysTick_CLKSourceConfig                  0x08000b4d   Thumb Code    40  misc.o(.text)
    GPIO_DeInit                              0x08000b89   Thumb Code   268  stm32f4xx_gpio.o(.text)
    GPIO_Init                                0x08000c95   Thumb Code   144  stm32f4xx_gpio.o(.text)
    GPIO_StructInit                          0x08000d25   Thumb Code    18  stm32f4xx_gpio.o(.text)
    GPIO_PinLockConfig                       0x08000d37   Thumb Code    34  stm32f4xx_gpio.o(.text)
    GPIO_ReadInputDataBit                    0x08000d59   Thumb Code    18  stm32f4xx_gpio.o(.text)
    GPIO_ReadInputData                       0x08000d6b   Thumb Code     8  stm32f4xx_gpio.o(.text)
    GPIO_ReadOutputDataBit                   0x08000d73   Thumb Code    18  stm32f4xx_gpio.o(.text)
    GPIO_ReadOutputData                      0x08000d85   Thumb Code     8  stm32f4xx_gpio.o(.text)
    GPIO_SetBits                             0x08000d8d   Thumb Code     4  stm32f4xx_gpio.o(.text)
    GPIO_ResetBits                           0x08000d91   Thumb Code     4  stm32f4xx_gpio.o(.text)
    GPIO_WriteBit                            0x08000d95   Thumb Code    10  stm32f4xx_gpio.o(.text)
    GPIO_Write                               0x08000d9f   Thumb Code     4  stm32f4xx_gpio.o(.text)
    GPIO_ToggleBits                          0x08000da3   Thumb Code     8  stm32f4xx_gpio.o(.text)
    GPIO_PinAFConfig                         0x08000dab   Thumb Code    70  stm32f4xx_gpio.o(.text)
    RCC_DeInit                               0x08000e1d   Thumb Code    82  stm32f4xx_rcc.o(.text)
    RCC_HSEConfig                            0x08000e6f   Thumb Code    14  stm32f4xx_rcc.o(.text)
    RCC_GetFlagStatus                        0x08000e7d   Thumb Code    60  stm32f4xx_rcc.o(.text)
    RCC_WaitForHSEStartUp                    0x08000eb9   Thumb Code    56  stm32f4xx_rcc.o(.text)
    RCC_AdjustHSICalibrationValue            0x08000ef1   Thumb Code    20  stm32f4xx_rcc.o(.text)
    RCC_HSICmd                               0x08000f05   Thumb Code     6  stm32f4xx_rcc.o(.text)
    RCC_LSEConfig                            0x08000f0b   Thumb Code    46  stm32f4xx_rcc.o(.text)
    RCC_LSICmd                               0x08000f39   Thumb Code     6  stm32f4xx_rcc.o(.text)
    RCC_PLLConfig                            0x08000f3f   Thumb Code    32  stm32f4xx_rcc.o(.text)
    RCC_PLLCmd                               0x08000f5f   Thumb Code     6  stm32f4xx_rcc.o(.text)
    RCC_PLLI2SConfig                         0x08000f65   Thumb Code    14  stm32f4xx_rcc.o(.text)
    RCC_PLLI2SCmd                            0x08000f73   Thumb Code     6  stm32f4xx_rcc.o(.text)
    RCC_PLLSAIConfig                         0x08000f79   Thumb Code    20  stm32f4xx_rcc.o(.text)
    RCC_PLLSAICmd                            0x08000f8d   Thumb Code     6  stm32f4xx_rcc.o(.text)
    RCC_ClockSecuritySystemCmd               0x08000f93   Thumb Code     6  stm32f4xx_rcc.o(.text)
    RCC_MCO1Config                           0x08000f99   Thumb Code    28  stm32f4xx_rcc.o(.text)
    RCC_MCO2Config                           0x08000fb5   Thumb Code    28  stm32f4xx_rcc.o(.text)
    RCC_SYSCLKConfig                         0x08000fd1   Thumb Code    20  stm32f4xx_rcc.o(.text)
    RCC_GetSYSCLKSource                      0x08000fe5   Thumb Code    12  stm32f4xx_rcc.o(.text)
    RCC_HCLKConfig                           0x08000ff1   Thumb Code    20  stm32f4xx_rcc.o(.text)
    RCC_PCLK1Config                          0x08001005   Thumb Code    20  stm32f4xx_rcc.o(.text)
    RCC_PCLK2Config                          0x08001019   Thumb Code    22  stm32f4xx_rcc.o(.text)
    RCC_GetClocksFreq                        0x0800102f   Thumb Code   222  stm32f4xx_rcc.o(.text)
    RCC_RTCCLKConfig                         0x0800110d   Thumb Code    54  stm32f4xx_rcc.o(.text)
    RCC_RTCCLKCmd                            0x08001143   Thumb Code     8  stm32f4xx_rcc.o(.text)
    RCC_BackupResetCmd                       0x0800114b   Thumb Code     8  stm32f4xx_rcc.o(.text)
    RCC_I2SCLKConfig                         0x08001153   Thumb Code     6  stm32f4xx_rcc.o(.text)
    RCC_SAIPLLI2SClkDivConfig                0x08001159   Thumb Code    26  stm32f4xx_rcc.o(.text)
    RCC_SAIPLLSAIClkDivConfig                0x08001173   Thumb Code    28  stm32f4xx_rcc.o(.text)
    RCC_SAIBlockACLKConfig                   0x0800118f   Thumb Code    20  stm32f4xx_rcc.o(.text)
    RCC_SAIBlockBCLKConfig                   0x080011a3   Thumb Code    20  stm32f4xx_rcc.o(.text)
    RCC_LTDCCLKDivConfig                     0x080011b7   Thumb Code    20  stm32f4xx_rcc.o(.text)
    RCC_TIMCLKPresConfig                     0x080011cb   Thumb Code     6  stm32f4xx_rcc.o(.text)
    RCC_AHB1PeriphClockCmd                   0x080011d1   Thumb Code    34  stm32f4xx_rcc.o(.text)
    RCC_AHB2PeriphClockCmd                   0x080011f3   Thumb Code    78  stm32f4xx_rcc.o(.text)
    RCC_AHB3PeriphClockCmd                   0x08001241   Thumb Code    34  stm32f4xx_rcc.o(.text)
    RCC_APB1PeriphClockCmd                   0x08001263   Thumb Code    34  stm32f4xx_rcc.o(.text)
    RCC_APB2PeriphClockCmd                   0x08001285   Thumb Code    34  stm32f4xx_rcc.o(.text)
    RCC_AHB1PeriphResetCmd                   0x080012a7   Thumb Code    34  stm32f4xx_rcc.o(.text)
    RCC_AHB2PeriphResetCmd                   0x080012c9   Thumb Code    34  stm32f4xx_rcc.o(.text)
    RCC_AHB3PeriphResetCmd                   0x080012eb   Thumb Code    34  stm32f4xx_rcc.o(.text)
    RCC_APB1PeriphResetCmd                   0x0800130d   Thumb Code    34  stm32f4xx_rcc.o(.text)
    RCC_APB2PeriphResetCmd                   0x0800132f   Thumb Code    34  stm32f4xx_rcc.o(.text)
    RCC_AHB1PeriphClockLPModeCmd             0x08001351   Thumb Code    34  stm32f4xx_rcc.o(.text)
    RCC_AHB2PeriphClockLPModeCmd             0x08001373   Thumb Code    34  stm32f4xx_rcc.o(.text)
    RCC_AHB3PeriphClockLPModeCmd             0x08001395   Thumb Code    34  stm32f4xx_rcc.o(.text)
    RCC_APB1PeriphClockLPModeCmd             0x080013b7   Thumb Code    34  stm32f4xx_rcc.o(.text)
    RCC_APB2PeriphClockLPModeCmd             0x080013d9   Thumb Code    34  stm32f4xx_rcc.o(.text)
    RCC_LSEModeConfig                        0x080013fb   Thumb Code    40  stm32f4xx_rcc.o(.text)
    RCC_ITConfig                             0x08001423   Thumb Code    34  stm32f4xx_rcc.o(.text)
    RCC_ClearFlag                            0x08001445   Thumb Code    18  stm32f4xx_rcc.o(.text)
    RCC_GetITStatus                          0x08001457   Thumb Code    22  stm32f4xx_rcc.o(.text)
    RCC_ClearITPendingBit                    0x0800146d   Thumb Code     8  stm32f4xx_rcc.o(.text)
    USART_DeInit                             0x08001479   Thumb Code   206  stm32f4xx_usart.o(.text)
    USART_Init                               0x08001547   Thumb Code   204  stm32f4xx_usart.o(.text)
    USART_StructInit                         0x08001613   Thumb Code    24  stm32f4xx_usart.o(.text)
    USART_ClockInit                          0x0800162b   Thumb Code    32  stm32f4xx_usart.o(.text)
    USART_ClockStructInit                    0x0800164b   Thumb Code    12  stm32f4xx_usart.o(.text)
    USART_Cmd                                0x08001657   Thumb Code    24  stm32f4xx_usart.o(.text)
    USART_SetPrescaler                       0x0800166f   Thumb Code    16  stm32f4xx_usart.o(.text)
    USART_OverSampling8Cmd                   0x0800167f   Thumb Code    22  stm32f4xx_usart.o(.text)
    USART_OneBitMethodCmd                    0x08001695   Thumb Code    24  stm32f4xx_usart.o(.text)
    USART_SendData                           0x080016ad   Thumb Code     8  stm32f4xx_usart.o(.text)
    USART_ReceiveData                        0x080016b5   Thumb Code    10  stm32f4xx_usart.o(.text)
    USART_SetAddress                         0x080016bf   Thumb Code    18  stm32f4xx_usart.o(.text)
    USART_ReceiverWakeUpCmd                  0x080016d1   Thumb Code    24  stm32f4xx_usart.o(.text)
    USART_WakeUpConfig                       0x080016e9   Thumb Code    18  stm32f4xx_usart.o(.text)
    USART_LINBreakDetectLengthConfig         0x080016fb   Thumb Code    18  stm32f4xx_usart.o(.text)
    USART_LINCmd                             0x0800170d   Thumb Code    24  stm32f4xx_usart.o(.text)
    USART_SendBreak                          0x08001725   Thumb Code    10  stm32f4xx_usart.o(.text)
    USART_HalfDuplexCmd                      0x0800172f   Thumb Code    24  stm32f4xx_usart.o(.text)
    USART_SetGuardTime                       0x08001747   Thumb Code    16  stm32f4xx_usart.o(.text)
    USART_SmartCardCmd                       0x08001757   Thumb Code    24  stm32f4xx_usart.o(.text)
    USART_SmartCardNACKCmd                   0x0800176f   Thumb Code    24  stm32f4xx_usart.o(.text)
    USART_IrDAConfig                         0x08001787   Thumb Code    18  stm32f4xx_usart.o(.text)
    USART_IrDACmd                            0x08001799   Thumb Code    24  stm32f4xx_usart.o(.text)
    USART_DMACmd                             0x080017b1   Thumb Code    18  stm32f4xx_usart.o(.text)
    USART_ITConfig                           0x080017c3   Thumb Code    74  stm32f4xx_usart.o(.text)
    USART_GetFlagStatus                      0x0800180d   Thumb Code    26  stm32f4xx_usart.o(.text)
    USART_ClearFlag                          0x08001827   Thumb Code    18  stm32f4xx_usart.o(.text)
    USART_GetITStatus                        0x08001839   Thumb Code   118  stm32f4xx_usart.o(.text)
    USART_ClearITPendingBit                  0x080018af   Thumb Code    30  stm32f4xx_usart.o(.text)
    DMA_DeInit                               0x080018cd   Thumb Code   324  stm32f4xx_dma.o(.text)
    DMA_Init                                 0x08001a11   Thumb Code    82  stm32f4xx_dma.o(.text)
    DMA_StructInit                           0x08001a63   Thumb Code    34  stm32f4xx_dma.o(.text)
    DMA_Cmd                                  0x08001a85   Thumb Code    22  stm32f4xx_dma.o(.text)
    DMA_PeriphIncOffsetSizeConfig            0x08001a9b   Thumb Code    22  stm32f4xx_dma.o(.text)
    DMA_FlowControllerConfig                 0x08001ab1   Thumb Code    22  stm32f4xx_dma.o(.text)
    DMA_SetCurrDataCounter                   0x08001ac7   Thumb Code     4  stm32f4xx_dma.o(.text)
    DMA_GetCurrDataCounter                   0x08001acb   Thumb Code     8  stm32f4xx_dma.o(.text)
    DMA_DoubleBufferModeConfig               0x08001ad3   Thumb Code    24  stm32f4xx_dma.o(.text)
    DMA_DoubleBufferModeCmd                  0x08001aeb   Thumb Code    22  stm32f4xx_dma.o(.text)
    DMA_MemoryTargetConfig                   0x08001b01   Thumb Code    10  stm32f4xx_dma.o(.text)
    DMA_GetCurrentMemoryTarget               0x08001b0b   Thumb Code    20  stm32f4xx_dma.o(.text)
    DMA_GetCmdStatus                         0x08001b1f   Thumb Code    20  stm32f4xx_dma.o(.text)
    DMA_GetFIFOStatus                        0x08001b33   Thumb Code    12  stm32f4xx_dma.o(.text)
    DMA_GetFlagStatus                        0x08001b3f   Thumb Code    56  stm32f4xx_dma.o(.text)
    DMA_ClearFlag                            0x08001b77   Thumb Code    40  stm32f4xx_dma.o(.text)
    DMA_ITConfig                             0x08001b9f   Thumb Code    58  stm32f4xx_dma.o(.text)
    DMA_GetITStatus                          0x08001bd9   Thumb Code    84  stm32f4xx_dma.o(.text)
    DMA_ClearITPendingBit                    0x08001c2d   Thumb Code    40  stm32f4xx_dma.o(.text)
    RNG_DeInit                               0x08001c75   Thumb Code    20  stm32f4xx_rng.o(.text)
    RNG_Cmd                                  0x08001c89   Thumb Code    30  stm32f4xx_rng.o(.text)
    RNG_GetRandomNumber                      0x08001ca7   Thumb Code     8  stm32f4xx_rng.o(.text)
    RNG_ITConfig                             0x08001caf   Thumb Code    30  stm32f4xx_rng.o(.text)
    RNG_GetFlagStatus                        0x08001ccd   Thumb Code    22  stm32f4xx_rng.o(.text)
    RNG_ClearFlag                            0x08001ce3   Thumb Code    12  stm32f4xx_rng.o(.text)
    RNG_GetITStatus                          0x08001cef   Thumb Code    22  stm32f4xx_rng.o(.text)
    RNG_ClearITPendingBit                    0x08001d05   Thumb Code    12  stm32f4xx_rng.o(.text)
    OS_TaskStatStkChk                        0x08001d15   Thumb Code    54  os_core.o(.text)
    OS_TaskStat                              0x08001d4b   Thumb Code   116  os_core.o(.text)
    OS_TaskIdle                              0x08001df3   Thumb Code    34  os_core.o(.text)
    OS_MemClr                                0x08001e49   Thumb Code    18  os_core.o(.text)
    OSInit                                   0x08001f67   Thumb Code    48  os_core.o(.text)
    OSIntEnter                               0x08001f97   Thumb Code    28  os_core.o(.text)
    OSIntExit                                0x08001fcd   Thumb Code   112  os_core.o(.text)
    OSSchedLock                              0x0800203d   Thumb Code    50  os_core.o(.text)
    OS_Sched                                 0x0800206f   Thumb Code    88  os_core.o(.text)
    OSSchedUnlock                            0x080020c7   Thumb Code   238  os_core.o(.text)
    OSStart                                  0x080021b5   Thumb Code    48  os_core.o(.text)
    OSStatInit                               0x080021e5   Thumb Code    62  os_core.o(.text)
    OSTimeTick                               0x08002223   Thumb Code   210  os_core.o(.text)
    OSVersion                                0x080022f5   Thumb Code     6  os_core.o(.text)
    OS_Dummy                                 0x080022fb   Thumb Code     2  os_core.o(.text)
    OS_EventTaskRemove                       0x080022fd   Thumb Code    42  os_core.o(.text)
    OS_EventTaskRdy                          0x08002327   Thumb Code   114  os_core.o(.text)
    OS_EventTaskWait                         0x08002399   Thumb Code   112  os_core.o(.text)
    OS_EventWaitListInit                     0x08002409   Thumb Code    28  os_core.o(.text)
    OS_MemCopy                               0x08002425   Thumb Code    20  os_core.o(.text)
    OS_StrLen                                0x08002439   Thumb Code    20  os_core.o(.text)
    OS_TCBInit                               0x0800244d   Thumb Code   280  os_core.o(.text)
    OSFlagAccept                             0x080025a9   Thumb Code   252  os_flag.o(.text)
    OSFlagCreate                             0x080026a5   Thumb Code    86  os_flag.o(.text)
    OS_FlagUnlink                            0x080026fb   Thumb Code    36  os_flag.o(.text)
    OSFlagDel                                0x08002771   Thumb Code   214  os_flag.o(.text)
    OSFlagNameGet                            0x08002847   Thumb Code    80  os_flag.o(.text)
    OSFlagNameSet                            0x08002897   Thumb Code    66  os_flag.o(.text)
    OSFlagPend                               0x08002971   Thumb Code   614  os_flag.o(.text)
    OSFlagPendGetFlagsRdy                    0x08002bd7   Thumb Code    26  os_flag.o(.text)
    OSFlagPost                               0x08002bf1   Thumb Code   312  os_flag.o(.text)
    OSFlagQuery                              0x08002d29   Thumb Code    48  os_flag.o(.text)
    OS_FlagInit                              0x08002d59   Thumb Code    78  os_flag.o(.text)
    OSMboxAccept                             0x08002db5   Thumb Code    38  os_mbox.o(.text)
    OSMboxCreate                             0x08002ddb   Thumb Code    68  os_mbox.o(.text)
    OSMboxDel                                0x08002e1f   Thumb Code   200  os_mbox.o(.text)
    OSMboxPend                               0x08002ee7   Thumb Code   246  os_mbox.o(.text)
    OSMboxPendAbort                          0x08002fdd   Thumb Code   128  os_mbox.o(.text)
    OSMboxPost                               0x0800305d   Thumb Code    80  os_mbox.o(.text)
    OSMboxPostOpt                            0x080030ad   Thumb Code   120  os_mbox.o(.text)
    OSMboxQuery                              0x08003125   Thumb Code    76  os_mbox.o(.text)
    OSQAccept                                0x08003181   Thumb Code    88  os_q.o(.text)
    OSQCreate                                0x080031d9   Thumb Code   140  os_q.o(.text)
    OSQDel                                   0x08003265   Thumb Code   236  os_q.o(.text)
    OSQFlush                                 0x08003351   Thumb Code    36  os_q.o(.text)
    OSQPend                                  0x08003375   Thumb Code   272  os_q.o(.text)
    OSQPendAbort                             0x08003485   Thumb Code   128  os_q.o(.text)
    OSQPost                                  0x08003505   Thumb Code   114  os_q.o(.text)
    OSQPostFront                             0x08003577   Thumb Code   136  os_q.o(.text)
    OSQPostOpt                               0x080035ff   Thumb Code   182  os_q.o(.text)
    OSQQuery                                 0x080036b5   Thumb Code    98  os_q.o(.text)
    OS_QInit                                 0x08003717   Thumb Code    72  os_q.o(.text)
    OSSemAccept                              0x08003769   Thumb Code    42  os_sem.o(.text)
    OSSemCreate                              0x08003793   Thumb Code    68  os_sem.o(.text)
    OSSemDel                                 0x080037d7   Thumb Code   200  os_sem.o(.text)
    OSSemPend                                0x0800389f   Thumb Code   222  os_sem.o(.text)
    OSSemPendAbort                           0x0800397d   Thumb Code   128  os_sem.o(.text)
    OSSemPost                                0x080039fd   Thumb Code    88  os_sem.o(.text)
    OSSemQuery                               0x08003a55   Thumb Code    76  os_sem.o(.text)
    OSSemSet                                 0x08003aa1   Thumb Code    66  os_sem.o(.text)
    OSTaskChangePrio                         0x08003af5   Thumb Code   308  os_task.o(.text)
    OSTaskCreate                             0x08003c29   Thumb Code   148  os_task.o(.text)
    OS_TaskStkClr                            0x08003cbd   Thumb Code    26  os_task.o(.text)
    OSTaskCreateExt                          0x08003cd7   Thumb Code   170  os_task.o(.text)
    OSTaskDel                                0x08003d81   Thumb Code   294  os_task.o(.text)
    OSTaskDelReq                             0x08003ea7   Thumb Code   144  os_task.o(.text)
    OSTaskNameGet                            0x08003f37   Thumb Code   114  os_task.o(.text)
    OSTaskNameSet                            0x08003fa9   Thumb Code    98  os_task.o(.text)
    OSTaskResume                             0x0800400b   Thumb Code   154  os_task.o(.text)
    OSTaskStkChk                             0x080040a5   Thumb Code   132  os_task.o(.text)
    OSTaskSuspend                            0x08004129   Thumb Code   152  os_task.o(.text)
    OSTaskQuery                              0x080041c1   Thumb Code    82  os_task.o(.text)
    OSTaskRegGet                             0x08004213   Thumb Code    60  os_task.o(.text)
    OSTaskRegSet                             0x0800424f   Thumb Code    62  os_task.o(.text)
    OS_TaskReturn                            0x0800428d   Thumb Code    18  os_task.o(.text)
    OSTimeDly                                0x080042b9   Thumb Code   100  os_time.o(.text)
    OSTimeDlyHMSM                            0x0800431d   Thumb Code    86  os_time.o(.text)
    OSTimeDlyResume                          0x08004373   Thumb Code   168  os_time.o(.text)
    OSTimeGet                                0x0800441b   Thumb Code    24  os_time.o(.text)
    OSTimeSet                                0x08004433   Thumb Code    24  os_time.o(.text)
    OSTmrCreate                              0x0800449b   Thumb Code    96  os_tmr.o(.text)
    OSTmrDel                                 0x08004573   Thumb Code   124  os_tmr.o(.text)
    OSTmrNameGet                             0x080045ef   Thumb Code   114  os_tmr.o(.text)
    OSTmrRemainGet                           0x08004661   Thumb Code   164  os_tmr.o(.text)
    OSTmrStateGet                            0x08004705   Thumb Code    86  os_tmr.o(.text)
    OSTmrStart                               0x080047bf   Thumb Code   128  os_tmr.o(.text)
    OSTmrStop                                0x0800483f   Thumb Code   210  os_tmr.o(.text)
    OSTmrSignal                              0x08004911   Thumb Code    16  os_tmr.o(.text)
    OSTmr_Init                               0x080049c5   Thumb Code   152  os_tmr.o(.text)
    OS_CPU_SR_Save                           0x08004a9d   Thumb Code     0  os_cpu_a.o(.text)
    OS_CPU_SR_Restore                        0x08004aa5   Thumb Code     0  os_cpu_a.o(.text)
    OSStartHighRdy                           0x08004aab   Thumb Code     0  os_cpu_a.o(.text)
    OSCtxSw                                  0x08004acf   Thumb Code     0  os_cpu_a.o(.text)
    OSIntCtxSw                               0x08004add   Thumb Code     0  os_cpu_a.o(.text)
    PendSV_Handler                           0x08004aed   Thumb Code     0  os_cpu_a.o(.text)
    OSInitHookBegin                          0x08004b65   Thumb Code     8  os_cpu_c.o(.text)
    OSInitHookEnd                            0x08004b6d   Thumb Code     2  os_cpu_c.o(.text)
    OSTaskCreateHook                         0x08004b6f   Thumb Code     2  os_cpu_c.o(.text)
    OSTaskDelHook                            0x08004b71   Thumb Code     2  os_cpu_c.o(.text)
    OSTaskIdleHook                           0x08004b73   Thumb Code     2  os_cpu_c.o(.text)
    OSTaskStatHook                           0x08004b75   Thumb Code     2  os_cpu_c.o(.text)
    OSTaskStkInit                            0x08004b77   Thumb Code   426  os_cpu_c.o(.text)
    OSTaskSwHook                             0x08004d21   Thumb Code     2  os_cpu_c.o(.text)
    OSTCBInitHook                            0x08004d23   Thumb Code     2  os_cpu_c.o(.text)
    OSTimeTickHook                           0x08004d25   Thumb Code    30  os_cpu_c.o(.text)
    OSTaskReturnHook                         0x08004d43   Thumb Code     2  os_cpu_c.o(.text)
    LED_Init                                 0x08004d4d   Thumb Code    42  led_fc.o(.text)
    LEDRGB                                   0x08004d77   Thumb Code   116  led_fc.o(.text)
    LEDRGB_STATE                             0x08004deb   Thumb Code    42  led_fc.o(.text)
    SysTick_Configuration                    0x08004e1d   Thumb Code    98  time.o(.text)
    micros                                   0x08004e7f   Thumb Code    10  time.o(.text)
    GetSysTime_us                            0x08004e89   Thumb Code     8  time.o(.text)
    Delay_us                                 0x08004e91   Thumb Code    12  time.o(.text)
    Delay_ms                                 0x08004e9d   Thumb Code    24  time.o(.text)
    Get_Cycle_T                              0x08004eb5   Thumb Code   118  time.o(.text)
    Cycle_Time_Init                          0x08004f2b   Thumb Code    22  time.o(.text)
    Initial_Timer_SYS                        0x08004f41   Thumb Code    46  time.o(.text)
    MYDMA_Config                             0x08004f81   Thumb Code   184  dma.o(.text)
    MYDMA_Enable                             0x08005039   Thumb Code    44  dma.o(.text)
    RNG_Init                                 0x08005069   Thumb Code    62  rng.o(.text)
    RNG_Get_RandomNum                        0x080050a7   Thumb Code    20  rng.o(.text)
    RNG_Get_RandomRange                      0x080050bb   Thumb Code    26  rng.o(.text)
    Usart1_Init                              0x080050d5   Thumb Code   218  usart_fc.o(.text)
    Usart2_Init                              0x080051af   Thumb Code   210  usart_fc.o(.text)
    Usart3_Init                              0x08005281   Thumb Code   218  usart_fc.o(.text)
    Usart4_Init                              0x0800535b   Thumb Code   218  usart_fc.o(.text)
    Uart5_Init                               0x08005435   Thumb Code   244  usart_fc.o(.text)
    Uart6_Init                               0x08005529   Thumb Code   196  usart_fc.o(.text)
    UsartSend_LEG4                           0x080055ed   Thumb Code    28  usart_fc.o(.text)
    UsartSend_LEG3                           0x08005609   Thumb Code    28  usart_fc.o(.text)
    UsartSend_LEG2                           0x08005625   Thumb Code    28  usart_fc.o(.text)
    UsartSend_LEG1                           0x08005641   Thumb Code    28  usart_fc.o(.text)
    my_itoa                                  0x0800567d   Thumb Code   136  usart_fc.o(.text)
    UsartSend_LEG_BUF_BUF                    0x08005705   Thumb Code   408  usart_fc.o(.text)
    UsartSend_LEG_BUF_BUF_2                  0x0800589d   Thumb Code   432  usart_fc.o(.text)
    LEG_POWER_OFF                            0x08005a4d   Thumb Code   144  usart_fc.o(.text)
    Send_LEG                                 0x08005add   Thumb Code    28  usart_fc.o(.text)
    Data_LEG_CMD                             0x08005af9   Thumb Code   736  usart_fc.o(.text)
    Data_Receive_Anl1_RC                     0x08005dd9   Thumb Code    92  usart_fc.o(.text)
    USART1_IRQHandler                        0x08005e35   Thumb Code   344  usart_fc.o(.text)
    Data_LEG                                 0x08005f8d   Thumb Code  1058  usart_fc.o(.text)
    USART2_IRQHandler                        0x080063af   Thumb Code   340  usart_fc.o(.text)
    USART3_IRQHandler                        0x08006503   Thumb Code   340  usart_fc.o(.text)
    UART4_IRQHandler                         0x08006657   Thumb Code   422  usart_fc.o(.text)
    UART5_IRQHandler                         0x080067fd   Thumb Code   330  usart_fc.o(.text)
    data_per_uart1                           0x08006947   Thumb Code  1352  usart_fc.o(.text)
    GOL_LINK_TASK_DMA                        0x08006e8f   Thumb Code    28  usart_fc.o(.text)
    clear_leg_uart                           0x08006eab   Thumb Code    26  usart_fc.o(.text)
    GetMedianNum                             0x08006ed5   Thumb Code   174  rc_mine.o(.text)
    NRF_DataAnl                              0x08006f83   Thumb Code   642  rc_mine.o(.text)
    READ_LEG_ID                              0x08007265   Thumb Code     8  leg.o(.text)
    leg_init                                 0x0800726d   Thumb Code   982  leg.o(.text)
    pos_range_check                          0x08007643   Thumb Code   240  leg.o(.text)
    cal_sita_from_pos                        0x08007733   Thumb Code  2912  leg.o(.text)
    cal_pos_from_sita                        0x08008293   Thumb Code  1760  leg.o(.text)
    cal_pwm_from_sita                        0x08008973   Thumb Code   656  leg.o(.text)
    curve_cal                                0x08008c03   Thumb Code   436  leg.o(.text)
    cal_curve_from_pos                       0x08008db7   Thumb Code  1478  leg.o(.text)
    cal_pos_tar_from_curve                   0x0800937d   Thumb Code   146  leg.o(.text)
    leg_follow_curve                         0x0800940f   Thumb Code   360  leg.o(.text)
    cal_pos_tar_for_deng                     0x08009577   Thumb Code   266  leg.o(.text)
    leg_ground_check                         0x08009681   Thumb Code    32  leg.o(.text)
    leg_publish                              0x080096a1   Thumb Code   802  leg.o(.text)
    leg_drive                                0x080099c3   Thumb Code   510  leg.o(.text)
    cal_area_trig                            0x08009bd9   Thumb Code    42  brain.o(.text)
    inTrig                                   0x08009c03   Thumb Code   360  brain.o(.text)
    segmentsIntr                             0x08009d6b   Thumb Code   492  brain.o(.text)
    inTrig2                                  0x08009f57   Thumb Code   374  brain.o(.text)
    find_closet_point                        0x0800a0eb   Thumb Code   720  brain.o(.text)
    barin_init                               0x0800a3bb   Thumb Code   532  brain.o(.text)
    conver_legpos_to_barin                   0x0800a5cf   Thumb Code   174  brain.o(.text)
    estimate_center                          0x0800a67d   Thumb Code   526  brain.o(.text)
    find_leg_need_move                       0x0800a88b   Thumb Code   908  brain.o(.text)
    check_leg_need_move                      0x0800ac17   Thumb Code  1034  brain.o(.text)
    cal_center_of_leg_ground                 0x0800b021   Thumb Code  1428  brain.o(.text)
    center_control                           0x0800b5b5   Thumb Code   370  brain.o(.text)
    leg_tar_est                              0x0800b727   Thumb Code  3824  brain.o(.text)
    get_leg_tar_trig                         0x0800c617   Thumb Code   484  brain.o(.text)
    cal_deng_from_spd                        0x0800c7fb   Thumb Code   744  brain.o(.text)
    leg_task                                 0x0800cae3   Thumb Code   212  brain.o(.text)
    my_abs                                   0x0800cbe9   Thumb Code    26  my_math.o(.text)
    fast_atan2                               0x0800cc03   Thumb Code   350  my_math.o(.text)
    my_atan                                  0x0800cd61   Thumb Code    24  my_math.o(.text)
    my_pow                                   0x0800cd79   Thumb Code    10  my_math.o(.text)
    my_sqrt                                  0x0800cd83   Thumb Code    88  my_math.o(.text)
    mx_sin                                   0x0800cddb   Thumb Code   292  my_math.o(.text)
    my_sin                                   0x0800ceff   Thumb Code   108  my_math.o(.text)
    my_cos                                   0x0800cf6b   Thumb Code   136  my_math.o(.text)
    my_deathzoom                             0x0800cff3   Thumb Code   158  my_math.o(.text)
    my_deathzoom_2                           0x0800d091   Thumb Code    40  my_math.o(.text)
    limit_mine                               0x0800d0b9   Thumb Code    40  my_math.o(.text)
    limit_mine2                              0x0800d0e1   Thumb Code    36  my_math.o(.text)
    To_180_degrees                           0x0800d105   Thumb Code    58  my_math.o(.text)
    my_pow_2_curve                           0x0800d13f   Thumb Code    80  my_math.o(.text)
    __aeabi_memcpy4                          0x0800d19d   Thumb Code     0  rt_memcpy_w.o(.text)
    __aeabi_memcpy8                          0x0800d19d   Thumb Code     0  rt_memcpy_w.o(.text)
    __rt_memcpy_w                            0x0800d19d   Thumb Code   100  rt_memcpy_w.o(.text)
    _memcpy_lastbytes_aligned                0x0800d1e5   Thumb Code     0  rt_memcpy_w.o(.text)
    __aeabi_memclr4                          0x0800d201   Thumb Code     0  rt_memclr_w.o(.text)
    __aeabi_memclr8                          0x0800d201   Thumb Code     0  rt_memclr_w.o(.text)
    __rt_memclr_w                            0x0800d201   Thumb Code    78  rt_memclr_w.o(.text)
    _memset_w                                0x0800d205   Thumb Code     0  rt_memclr_w.o(.text)
    __use_two_region_memory                  0x0800d24f   Thumb Code     2  heapauxi.o(.text)
    __rt_heap_escrow$2region                 0x0800d251   Thumb Code     2  heapauxi.o(.text)
    __rt_heap_expand$2region                 0x0800d253   Thumb Code     2  heapauxi.o(.text)
    __read_errno                             0x0800d255   Thumb Code    10  _rserrno.o(.text)
    __set_errno                              0x0800d25f   Thumb Code    12  _rserrno.o(.text)
    __aeabi_errno_addr                       0x0800d26d   Thumb Code     8  rt_errno_addr_intlibspace.o(.text)
    __errno$intlibspace                      0x0800d26d   Thumb Code     0  rt_errno_addr_intlibspace.o(.text)
    __rt_errno_addr$intlibspace              0x0800d26d   Thumb Code     0  rt_errno_addr_intlibspace.o(.text)
    __user_libspace                          0x0800d275   Thumb Code     8  libspace.o(.text)
    __user_perproc_libspace                  0x0800d275   Thumb Code     0  libspace.o(.text)
    __user_perthread_libspace                0x0800d275   Thumb Code     0  libspace.o(.text)
    __user_setup_stackheap                   0x0800d27d   Thumb Code    74  sys_stackheap_outer.o(.text)
    exit                                     0x0800d2c7   Thumb Code    18  exit.o(.text)
    _sys_exit                                0x0800d2d9   Thumb Code     8  sys_exit.o(.text)
    __I$use$semihosting                      0x0800d2e5   Thumb Code     0  use_no_semi.o(.text)
    __use_no_semihosting_swi                 0x0800d2e5   Thumb Code     2  use_no_semi.o(.text)
    __ARM_fpclassify                         0x0800d2e7   Thumb Code    48  fpclassify.o(i.__ARM_fpclassify)
    __semihosting_library_function           0x0800d2e7   Thumb Code     0  indicate_semi.o(.text)
    __hardfp_acos                            0x0800d319   Thumb Code   738  acos.o(i.__hardfp_acos)
    __hardfp_cos                             0x0800d671   Thumb Code   180  cos.o(i.__hardfp_cos)
    __hardfp_fabs                            0x0800d739   Thumb Code    20  fabs.o(i.__hardfp_fabs)
    __hardfp_pow                             0x0800d751   Thumb Code  3072  pow.o(i.__hardfp_pow)
    __hardfp_sin                             0x0800e3a1   Thumb Code   180  sin.o(i.__hardfp_sin)
    __hardfp_sqrt                            0x0800e469   Thumb Code   122  sqrt.o(i.__hardfp_sqrt)
    __ieee754_rem_pio2                       0x0800e4e9   Thumb Code   938  rred.o(i.__ieee754_rem_pio2)
    __kernel_cos                             0x0800e921   Thumb Code   322  cos_i.o(i.__kernel_cos)
    __kernel_poly                            0x0800ea91   Thumb Code   248  poly.o(i.__kernel_poly)
    __kernel_sin                             0x0800eb89   Thumb Code   280  sin_i.o(i.__kernel_sin)
    __mathlib_dbl_divzero                    0x0800ecb9   Thumb Code    28  dunder.o(i.__mathlib_dbl_divzero)
    __mathlib_dbl_infnan                     0x0800ece9   Thumb Code    20  dunder.o(i.__mathlib_dbl_infnan)
    __mathlib_dbl_infnan2                    0x0800ecfd   Thumb Code    20  dunder.o(i.__mathlib_dbl_infnan2)
    __mathlib_dbl_invalid                    0x0800ed11   Thumb Code    24  dunder.o(i.__mathlib_dbl_invalid)
    __mathlib_dbl_overflow                   0x0800ed31   Thumb Code    24  dunder.o(i.__mathlib_dbl_overflow)
    __mathlib_dbl_underflow                  0x0800ed51   Thumb Code    24  dunder.o(i.__mathlib_dbl_underflow)
    fabs                                     0x0800ed71   Thumb Code    24  fabs.o(i.fabs)
    sqrt                                     0x0800ed89   Thumb Code   110  sqrt.o(i.sqrt)
    __aeabi_dneg                             0x0800edf7   Thumb Code     0  basic.o(x$fpl$basic)
    _dneg                                    0x0800edf7   Thumb Code     6  basic.o(x$fpl$basic)
    __aeabi_fneg                             0x0800edfd   Thumb Code     0  basic.o(x$fpl$basic)
    _fneg                                    0x0800edfd   Thumb Code     6  basic.o(x$fpl$basic)
    _dabs                                    0x0800ee03   Thumb Code     6  basic.o(x$fpl$basic)
    _fabs                                    0x0800ee09   Thumb Code     6  basic.o(x$fpl$basic)
    __aeabi_d2f                              0x0800ee11   Thumb Code     0  d2f.o(x$fpl$d2f)
    _d2f                                     0x0800ee11   Thumb Code    98  d2f.o(x$fpl$d2f)
    __aeabi_dadd                             0x0800ee75   Thumb Code     0  daddsub_clz.o(x$fpl$dadd)
    _dadd                                    0x0800ee75   Thumb Code   332  daddsub_clz.o(x$fpl$dadd)
    __fpl_dcheck_NaN1                        0x0800efc5   Thumb Code    10  dcheck1.o(x$fpl$dcheck1)
    __fpl_dcmp_Inf                           0x0800efd5   Thumb Code    24  dcmpi.o(x$fpl$dcmpinf)
    __aeabi_ddiv                             0x0800efed   Thumb Code     0  ddiv.o(x$fpl$ddiv)
    _ddiv                                    0x0800efed   Thumb Code   552  ddiv.o(x$fpl$ddiv)
    __aeabi_d2iz                             0x0800f29d   Thumb Code     0  dfix.o(x$fpl$dfix)
    _dfix                                    0x0800f29d   Thumb Code    94  dfix.o(x$fpl$dfix)
    __aeabi_i2d                              0x0800f2fb   Thumb Code     0  dflt_clz.o(x$fpl$dflt)
    _dflt                                    0x0800f2fb   Thumb Code    46  dflt_clz.o(x$fpl$dflt)
    __aeabi_ui2d                             0x0800f329   Thumb Code     0  dflt_clz.o(x$fpl$dfltu)
    _dfltu                                   0x0800f329   Thumb Code    38  dflt_clz.o(x$fpl$dfltu)
    __aeabi_cdcmple                          0x0800f351   Thumb Code     0  dleqf.o(x$fpl$dleqf)
    _dcmple                                  0x0800f351   Thumb Code   120  dleqf.o(x$fpl$dleqf)
    __fpl_dcmple_InfNaN                      0x0800f3b3   Thumb Code     0  dleqf.o(x$fpl$dleqf)
    __aeabi_dmul                             0x0800f3c9   Thumb Code     0  dmul.o(x$fpl$dmul)
    _dmul                                    0x0800f3c9   Thumb Code   332  dmul.o(x$fpl$dmul)
    __fpl_dnaninf                            0x0800f51d   Thumb Code   156  dnaninf.o(x$fpl$dnaninf)
    __fpl_dretinf                            0x0800f5b9   Thumb Code    12  dretinf.o(x$fpl$dretinf)
    __aeabi_cdrcmple                         0x0800f5c5   Thumb Code     0  drleqf.o(x$fpl$drleqf)
    _drcmple                                 0x0800f5c5   Thumb Code   108  drleqf.o(x$fpl$drleqf)
    __aeabi_drsub                            0x0800f631   Thumb Code     0  daddsub_clz.o(x$fpl$drsb)
    _drsb                                    0x0800f631   Thumb Code    22  daddsub_clz.o(x$fpl$drsb)
    _dsqrt                                   0x0800f649   Thumb Code   404  dsqrt_umaal.o(x$fpl$dsqrt)
    __aeabi_dsub                             0x0800f7e1   Thumb Code     0  daddsub_clz.o(x$fpl$dsub)
    _dsub                                    0x0800f7e1   Thumb Code   464  daddsub_clz.o(x$fpl$dsub)
    __aeabi_f2d                              0x0800f9b5   Thumb Code     0  f2d.o(x$fpl$f2d)
    _f2d                                     0x0800f9b5   Thumb Code    86  f2d.o(x$fpl$f2d)
    __fpl_fnaninf                            0x0800fa0b   Thumb Code   140  fnaninf.o(x$fpl$fnaninf)
    _fp_init                                 0x0800fa97   Thumb Code    10  fpinit.o(x$fpl$fpinit)
    __fplib_config_fpu_vfp                   0x0800fa9f   Thumb Code     0  fpinit.o(x$fpl$fpinit)
    __fplib_config_pureend_doubles           0x0800fa9f   Thumb Code     0  fpinit.o(x$fpl$fpinit)
    __fpl_fretinf                            0x0800faa1   Thumb Code    10  fretinf.o(x$fpl$fretinf)
    __fpl_return_NaN                         0x0800faab   Thumb Code   100  retnan.o(x$fpl$retnan)
    __ARM_scalbn                             0x0800fb0f   Thumb Code    92  scalbn.o(x$fpl$scalbn)
    __fpl_cmpreturn                          0x0800fb6b   Thumb Code    48  trapv.o(x$fpl$trapveneer)
    OSUnMapTbl                               0x0800fb9a   Data         256  os_core.o(.constdata)
    __I$use$fp                               0x0800fb9a   Number         0  usenofp.o(x$fpl$usenofp)
    __mathlib_zero                           0x0800fe10   Data           8  qnan.o(.constdata)
    Region$$Table$$Base                      0x0800ff08   Number         0  anon$$obj.o(Region$$Table)
    Region$$Table$$Limit                     0x0800ff28   Number         0  anon$$obj.o(Region$$Table)
    test                                     0x20000000   Data          20  ucos_task.o(.data)
    k_rc                                     0x20000014   Data           8  ucos_task.o(.data)
    UART_UP_LOAD_SEL                         0x2000001c   Data           1  ucos_task.o(.data)
    state_v_test                             0x2000001d   Data           1  ucos_task.o(.data)
    num_need_to_check                        0x2000001e   Data           1  ucos_task.o(.data)
    tmr1                                     0x20000020   Data           4  ucos_task.o(.data)
    tmr2                                     0x20000024   Data           4  ucos_task.o(.data)
    tmr3                                     0x20000028   Data           4  ucos_task.o(.data)
    cpuusage                                 0x2000002c   Data           2  ucos_task.o(.data)
    msg_key                                  0x20000044   Data           4  main.o(.data)
    q_msg                                    0x20000048   Data           4  main.o(.data)
    flags_key                                0x2000004c   Data           4  main.o(.data)
    en_read                                  0x20000050   Data           1  main.o(.data)
    SystemCoreClock                          0x20000054   Data           4  system_stm32f4xx.o(.data)
    AHBPrescTable                            0x20000058   Data          16  system_stm32f4xx.o(.data)
    OSCtxSwCtr                               0x2000007c   Data           4  os_core.o(.data)
    OSEventFreeList                          0x20000080   Data           4  os_core.o(.data)
    OSFlagFreeList                           0x20000084   Data           4  os_core.o(.data)
    OSCPUUsage                               0x20000088   Data           1  os_core.o(.data)
    OSIdleCtrMax                             0x2000008c   Data           4  os_core.o(.data)
    OSIdleCtrRun                             0x20000090   Data           4  os_core.o(.data)
    OSStatRdy                                0x20000094   Data           1  os_core.o(.data)
    OSIntNesting                             0x20000095   Data           1  os_core.o(.data)
    OSLockNesting                            0x20000096   Data           1  os_core.o(.data)
    OSPrioCur                                0x20000097   Data           1  os_core.o(.data)
    OSPrioHighRdy                            0x20000098   Data           1  os_core.o(.data)
    OSRdyGrp                                 0x20000099   Data           1  os_core.o(.data)
    OSRdyTbl                                 0x2000009a   Data           8  os_core.o(.data)
    OSRunning                                0x200000a2   Data           1  os_core.o(.data)
    OSTaskCtr                                0x200000a3   Data           1  os_core.o(.data)
    OSIdleCtr                                0x200000a4   Data           4  os_core.o(.data)
    OSTCBCur                                 0x200000a8   Data           4  os_core.o(.data)
    OSTCBFreeList                            0x200000ac   Data           4  os_core.o(.data)
    OSTCBHighRdy                             0x200000b0   Data           4  os_core.o(.data)
    OSTCBList                                0x200000b4   Data           4  os_core.o(.data)
    OSTickStepState                          0x200000b8   Data           1  os_core.o(.data)
    OSQFreeList                              0x200000bc   Data           4  os_core.o(.data)
    OSTime                                   0x200000c0   Data           4  os_core.o(.data)
    OSTmrFree                                0x200000c4   Data           2  os_core.o(.data)
    OSTmrUsed                                0x200000c6   Data           2  os_core.o(.data)
    OSTmrTime                                0x200000c8   Data           4  os_core.o(.data)
    OSTmrSem                                 0x200000cc   Data           4  os_core.o(.data)
    OSTmrSemSignal                           0x200000d0   Data           4  os_core.o(.data)
    OSTmrFreeList                            0x200000d4   Data           4  os_core.o(.data)
    OSInterrputSum                           0x200000d8   Data           4  os_cpu_c.o(.data)
    test_leg                                 0x200000e2   Data           6  usart_fc.o(.data)
    TxCounter1                               0x200000e8   Data           1  usart_fc.o(.data)
    count1                                   0x200000e9   Data           1  usart_fc.o(.data)
    RxState1                                 0x200000ea   Data           1  usart_fc.o(.data)
    RxBufferNum1                             0x200000eb   Data           1  usart_fc.o(.data)
    RxBufferCnt1                             0x200000ec   Data           1  usart_fc.o(.data)
    RxLen1                                   0x200000ed   Data           1  usart_fc.o(.data)
    set1                                     0x200000f0   Data           1  usart_fc.o(.data)
    TxCounter2                               0x200000f1   Data           1  usart_fc.o(.data)
    count2                                   0x200000f2   Data           1  usart_fc.o(.data)
    RxState2                                 0x200000f3   Data           1  usart_fc.o(.data)
    RxBufferNum2                             0x200000f4   Data           1  usart_fc.o(.data)
    RxBufferCnt2                             0x200000f5   Data           1  usart_fc.o(.data)
    RxLen2                                   0x200000f6   Data           1  usart_fc.o(.data)
    TxCounter3                               0x200000f9   Data           1  usart_fc.o(.data)
    count3                                   0x200000fa   Data           1  usart_fc.o(.data)
    RxState3                                 0x200000fb   Data           1  usart_fc.o(.data)
    RxBufferNum3                             0x200000fc   Data           1  usart_fc.o(.data)
    RxBufferCnt3                             0x200000fd   Data           1  usart_fc.o(.data)
    RxLen3                                   0x200000fe   Data           1  usart_fc.o(.data)
    TxCounter4                               0x20000101   Data           1  usart_fc.o(.data)
    count4                                   0x20000102   Data           1  usart_fc.o(.data)
    RxState4                                 0x20000103   Data           1  usart_fc.o(.data)
    RxBufferNum4                             0x20000104   Data           1  usart_fc.o(.data)
    RxBufferCnt4                             0x20000105   Data           1  usart_fc.o(.data)
    RxLen4                                   0x20000106   Data           1  usart_fc.o(.data)
    TxCounter5                               0x20000109   Data           1  usart_fc.o(.data)
    count5                                   0x2000010a   Data           1  usart_fc.o(.data)
    RxState5                                 0x2000010b   Data           1  usart_fc.o(.data)
    RxBufferNum5                             0x2000010c   Data           1  usart_fc.o(.data)
    RxBufferCnt5                             0x2000010d   Data           1  usart_fc.o(.data)
    RxLen5                                   0x2000010e   Data           1  usart_fc.o(.data)
    leg_uart_cnt                             0x20000112   Data           2  usart_fc.o(.data)
    QH                                       0x20000128   Data           2  rc_mine.o(.data)
    ZY                                       0x2000012a   Data           2  rc_mine.o(.data)
    XZ                                       0x2000012c   Data           2  rc_mine.o(.data)
    is_lock                                  0x2000012e   Data           1  rc_mine.o(.data)
    EN_FIX_GPSF                              0x2000012f   Data           1  rc_mine.o(.data)
    EN_FIX_LOCKWF                            0x20000130   Data           1  rc_mine.o(.data)
    EN_CONTROL_IMUF                          0x20000131   Data           1  rc_mine.o(.data)
    EN_FIX_INSF                              0x20000132   Data           1  rc_mine.o(.data)
    EN_FIX_HIGHF                             0x20000133   Data           1  rc_mine.o(.data)
    tx_lock                                  0x20000134   Data           1  rc_mine.o(.data)
    EN_FIX_GPS                               0x20000135   Data           1  rc_mine.o(.data)
    EN_FIX_LOCKW                             0x20000136   Data           1  rc_mine.o(.data)
    EN_CONTROL_IMU                           0x20000137   Data           1  rc_mine.o(.data)
    EN_FIX_INS                               0x20000138   Data           1  rc_mine.o(.data)
    EN_FIX_HIGH                              0x20000139   Data           1  rc_mine.o(.data)
    EN_TX_GX                                 0x2000013a   Data           1  rc_mine.o(.data)
    EN_TX_AX                                 0x2000013b   Data           1  rc_mine.o(.data)
    EN_TX_HM                                 0x2000013c   Data           1  rc_mine.o(.data)
    EN_TX_YRP                                0x2000013d   Data           1  rc_mine.o(.data)
    EN_TX_GPS                                0x2000013e   Data           1  rc_mine.o(.data)
    EN_TX_HIGH                               0x2000013f   Data           1  rc_mine.o(.data)
    up_load_set                              0x20000140   Data           1  rc_mine.o(.data)
    up_load_pid                              0x20000141   Data           1  rc_mine.o(.data)
    key_rc                                   0x20000142   Data           6  rc_mine.o(.data)
    Yaw_sb_rc                                0x20000148   Data           2  rc_mine.o(.data)
    cnt_rst                                  0x2000014a   Data           1  rc_mine.o(.data)
    delta_pitch                              0x2000014b   Data           1  rc_mine.o(.data)
    delta_roll                               0x2000014c   Data           1  rc_mine.o(.data)
    delta_yew                                0x2000014d   Data           1  rc_mine.o(.data)
    KEY_SEL                                  0x2000014e   Data           4  rc_mine.o(.data)
    KEY                                      0x20000152   Data           8  rc_mine.o(.data)
    data_rate                                0x2000015a   Data           2  rc_mine.o(.data)
    control_scale                            0x2000015c   Data           4  rc_mine.o(.data)
    off_local                                0x20000160   Data           8  leg.o(.data)
    k_z                                      0x20000168   Data           4  leg.o(.data)
    SET_PWM3_OFF                             0x2000016c   Data           2  leg.o(.data)
    rate_delay_kuai                          0x20000170   Data           4  leg.o(.data)
    delay_time_kuai                          0x20000174   Data           4  leg.o(.data)
    sita_test                                0x20000178   Data          12  leg.o(.data)
    line_test                                0x20000184   Data           4  leg.o(.data)
    force_test_mode                          0x20000188   Data           1  leg.o(.data)
    center_control_out                       0x200001a4   Data           8  brain.o(.data)
    k_center_c                               0x200001ac   Data           8  brain.o(.data)
    flt                                      0x200001b4   Data           4  brain.o(.data)
    trig_list                                0x200001b8   Data           5  brain.o(.data)
    trig_list_ero                            0x200001bd   Data           5  brain.o(.data)
    trig_list_ero2                           0x200001c2   Data           5  brain.o(.data)
    test112                                  0x200001c7   Data           1  brain.o(.data)
    move_off                                 0x200001c8   Data           8  brain.o(.data)
    set11                                    0x200001d0   Data           2  brain.o(.data)
    last_move_leg                            0x200001d2   Data           1  brain.o(.data)
    fast_atan_table                          0x200001e0   Data        1028  my_math.o(.data)
    leg_dt                                   0x200005e4   Data          20  ucos_task.o(.bss)
    LEG1_TASK_STK                            0x200005f8   Data        1024  ucos_task.o(.bss)
    LEG2_TASK_STK                            0x200009f8   Data        1024  ucos_task.o(.bss)
    LEG3_TASK_STK                            0x20000df8   Data        1024  ucos_task.o(.bss)
    LEG4_TASK_STK                            0x200011f8   Data        1024  ucos_task.o(.bss)
    BRAIN_TASK_STK                           0x200015f8   Data        3072  ucos_task.o(.bss)
    UART_TASK_STK                            0x200021f8   Data        1024  ucos_task.o(.bss)
    START_TASK_STK                           0x200025f8   Data         256  main.o(.bss)
    MsgGrp                                   0x200026f8   Data        1024  main.o(.bss)
    OSEventTbl                               0x20002af8   Data         200  os_core.o(.bss)
    OSFlagTbl                                0x20002bc0   Data          80  os_core.o(.bss)
    OSTaskStatStk                            0x20002c10   Data         512  os_core.o(.bss)
    OSTaskIdleStk                            0x20002e10   Data         512  os_core.o(.bss)
    OSTCBPrioTbl                             0x20003010   Data         256  os_core.o(.bss)
    OSTCBTbl                                 0x20003110   Data        1848  os_core.o(.bss)
    OSQTbl                                   0x20003848   Data         120  os_core.o(.bss)
    OSTmrTbl                                 0x200038c0   Data         640  os_core.o(.bss)
    OSTmrTaskStk                             0x20003b40   Data         512  os_core.o(.bss)
    OSTmrWheelTbl                            0x20003d40   Data          64  os_core.o(.bss)
    Cycle_T                                  0x20003d80   Data         180  time.o(.bss)
    TxBuffer1                                0x20003e34   Data         256  usart_fc.o(.bss)
    Rx_Buf1                                  0x20003f34   Data         256  usart_fc.o(.bss)
    RxBuffer1                                0x20004034   Data          50  usart_fc.o(.bss)
    TxBuffer2                                0x20004066   Data         256  usart_fc.o(.bss)
    Rx_Buf2                                  0x20004166   Data         256  usart_fc.o(.bss)
    RxBuffer2                                0x20004266   Data          50  usart_fc.o(.bss)
    TxBuffer3                                0x20004298   Data         256  usart_fc.o(.bss)
    Rx_Buf3                                  0x20004398   Data         256  usart_fc.o(.bss)
    RxBuffer3                                0x20004498   Data          50  usart_fc.o(.bss)
    TxBuffer4                                0x200044ca   Data         256  usart_fc.o(.bss)
    Rx_Buf4                                  0x200045ca   Data         256  usart_fc.o(.bss)
    RxBuffer4                                0x200046ca   Data          50  usart_fc.o(.bss)
    TxBuffer5                                0x200046fc   Data         256  usart_fc.o(.bss)
    Rx_Buf5                                  0x200047fc   Data         256  usart_fc.o(.bss)
    RxBuffer5                                0x200048fc   Data          50  usart_fc.o(.bss)
    SendBuff1                                0x2000492e   Data         256  usart_fc.o(.bss)
    SendBuff3                                0x20004a2e   Data          32  usart_fc.o(.bss)
    NRF24L01_RXDATA                          0x20004a64   Data          32  rc_mine.o(.bss)
    NRF24L01_TXDATA                          0x20004a84   Data          32  rc_mine.o(.bss)
    Rc_Get                                   0x20004aa4   Data          20  rc_mine.o(.bss)
    key_rc_reg                               0x20004ab8   Data         105  rc_mine.o(.bss)
    RC_GET                                   0x20004b24   Data          64  rc_mine.o(.bss)
    ypr_sb                                   0x20004b64   Data          12  rc_mine.o(.bss)
    leg                                      0x20004b70   Data        2360  leg.o(.bss)
    brain                                    0x200054a8   Data         408  leg.o(.bss)
    c0                                       0x20005640   Data          12  leg.o(.bss)
    c3                                       0x2000564c   Data          12  leg.o(.bss)
    c4                                       0x20005658   Data          12  leg.o(.bss)
    c5                                       0x20005664   Data          12  leg.o(.bss)
    c6                                       0x20005670   Data          12  leg.o(.bss)
    __libspace_start                         0x200056bc   Data          96  libspace.o(.bss)
    __temporary_stack_top$libspace           0x2000571c   Data           0  libspace.o(.bss)



==============================================================================

Memory Map of the image

  Image Entry point : 0x08000189

  Load Region LR_IROM1 (Base: 0x08000000, Size: 0x0001050c, Max: 0x00100000, ABSOLUTE, COMPRESSED[0x0001039c])

    Execution Region ER_IROM1 (Base: 0x08000000, Size: 0x0000ff28, Max: 0x00100000, ABSOLUTE)

    Base Addr    Size         Type   Attr      Idx    E Section Name        Object

    0x08000000   0x00000188   Data   RO          418    RESET               startup_stm32f40_41xxx.o
    0x08000188   0x00000008   Code   RO         1389  * !!!main             c_w.l(__main.o)
    0x08000190   0x00000034   Code   RO         1713    !!!scatter          c_w.l(__scatter.o)
    0x080001c4   0x0000005a   Code   RO         1711    !!dczerorl2         c_w.l(__dczerorl2.o)
    0x0800021e   0x00000002   PAD
    0x08000220   0x0000001c   Code   RO         1715    !!handler_zi        c_w.l(__scatter_zi.o)
    0x0800023c   0x00000002   Code   RO         1580    .ARM.Collect$$libinit$$00000000  c_w.l(libinit.o)
    0x0800023e   0x00000004   Code   RO         1585    .ARM.Collect$$libinit$$00000001  c_w.l(libinit2.o)
    0x08000242   0x00000000   Code   RO         1588    .ARM.Collect$$libinit$$00000004  c_w.l(libinit2.o)
    0x08000242   0x00000000   Code   RO         1591    .ARM.Collect$$libinit$$0000000A  c_w.l(libinit2.o)
    0x08000242   0x00000000   Code   RO         1593    .ARM.Collect$$libinit$$0000000C  c_w.l(libinit2.o)
    0x08000242   0x00000000   Code   RO         1595    .ARM.Collect$$libinit$$0000000E  c_w.l(libinit2.o)
    0x08000242   0x00000000   Code   RO         1598    .ARM.Collect$$libinit$$00000011  c_w.l(libinit2.o)
    0x08000242   0x00000000   Code   RO         1600    .ARM.Collect$$libinit$$00000013  c_w.l(libinit2.o)
    0x08000242   0x00000000   Code   RO         1602    .ARM.Collect$$libinit$$00000015  c_w.l(libinit2.o)
    0x08000242   0x00000000   Code   RO         1604    .ARM.Collect$$libinit$$00000017  c_w.l(libinit2.o)
    0x08000242   0x00000000   Code   RO         1606    .ARM.Collect$$libinit$$00000019  c_w.l(libinit2.o)
    0x08000242   0x00000000   Code   RO         1608    .ARM.Collect$$libinit$$0000001B  c_w.l(libinit2.o)
    0x08000242   0x00000000   Code   RO         1610    .ARM.Collect$$libinit$$0000001D  c_w.l(libinit2.o)
    0x08000242   0x00000000   Code   RO         1612    .ARM.Collect$$libinit$$0000001F  c_w.l(libinit2.o)
    0x08000242   0x00000000   Code   RO         1614    .ARM.Collect$$libinit$$00000021  c_w.l(libinit2.o)
    0x08000242   0x00000000   Code   RO         1616    .ARM.Collect$$libinit$$00000023  c_w.l(libinit2.o)
    0x08000242   0x00000000   Code   RO         1618    .ARM.Collect$$libinit$$00000025  c_w.l(libinit2.o)
    0x08000242   0x00000000   Code   RO         1622    .ARM.Collect$$libinit$$0000002C  c_w.l(libinit2.o)
    0x08000242   0x00000000   Code   RO         1624    .ARM.Collect$$libinit$$0000002E  c_w.l(libinit2.o)
    0x08000242   0x00000000   Code   RO         1626    .ARM.Collect$$libinit$$00000030  c_w.l(libinit2.o)
    0x08000242   0x00000000   Code   RO         1628    .ARM.Collect$$libinit$$00000032  c_w.l(libinit2.o)
    0x08000242   0x00000002   Code   RO         1629    .ARM.Collect$$libinit$$00000033  c_w.l(libinit2.o)
    0x08000244   0x00000002   Code   RO         1651    .ARM.Collect$$libshutdown$$00000000  c_w.l(libshutdown.o)
    0x08000246   0x00000000   Code   RO         1664    .ARM.Collect$$libshutdown$$00000002  c_w.l(libshutdown2.o)
    0x08000246   0x00000000   Code   RO         1666    .ARM.Collect$$libshutdown$$00000004  c_w.l(libshutdown2.o)
    0x08000246   0x00000000   Code   RO         1669    .ARM.Collect$$libshutdown$$00000007  c_w.l(libshutdown2.o)
    0x08000246   0x00000000   Code   RO         1672    .ARM.Collect$$libshutdown$$0000000A  c_w.l(libshutdown2.o)
    0x08000246   0x00000000   Code   RO         1674    .ARM.Collect$$libshutdown$$0000000C  c_w.l(libshutdown2.o)
    0x08000246   0x00000000   Code   RO         1677    .ARM.Collect$$libshutdown$$0000000F  c_w.l(libshutdown2.o)
    0x08000246   0x00000002   Code   RO         1678    .ARM.Collect$$libshutdown$$00000010  c_w.l(libshutdown2.o)
    0x08000248   0x00000000   Code   RO         1495    .ARM.Collect$$rtentry$$00000000  c_w.l(__rtentry.o)
    0x08000248   0x00000000   Code   RO         1547    .ARM.Collect$$rtentry$$00000002  c_w.l(__rtentry2.o)
    0x08000248   0x00000006   Code   RO         1559    .ARM.Collect$$rtentry$$00000004  c_w.l(__rtentry4.o)
    0x0800024e   0x00000000   Code   RO         1549    .ARM.Collect$$rtentry$$00000009  c_w.l(__rtentry2.o)
    0x0800024e   0x00000004   Code   RO         1550    .ARM.Collect$$rtentry$$0000000A  c_w.l(__rtentry2.o)
    0x08000252   0x00000000   Code   RO         1552    .ARM.Collect$$rtentry$$0000000C  c_w.l(__rtentry2.o)
    0x08000252   0x00000008   Code   RO         1553    .ARM.Collect$$rtentry$$0000000D  c_w.l(__rtentry2.o)
    0x0800025a   0x00000002   Code   RO         1583    .ARM.Collect$$rtexit$$00000000  c_w.l(rtexit.o)
    0x0800025c   0x00000000   Code   RO         1633    .ARM.Collect$$rtexit$$00000002  c_w.l(rtexit2.o)
    0x0800025c   0x00000004   Code   RO         1634    .ARM.Collect$$rtexit$$00000003  c_w.l(rtexit2.o)
    0x08000260   0x00000006   Code   RO         1635    .ARM.Collect$$rtexit$$00000004  c_w.l(rtexit2.o)
    0x08000266   0x00000002   PAD
    0x08000268   0x00000308   Code   RO            3    .text               ucos_task.o
    0x08000570   0x000001c8   Code   RO          311    .text               main.o
    0x08000738   0x00000016   Code   RO          343    .text               stm32f4xx_it.o
    0x0800074e   0x00000002   PAD
    0x08000750   0x00000210   Code   RO          392    .text               system_stm32f4xx.o
    0x08000960   0x00000040   Code   RO          419    .text               startup_stm32f40_41xxx.o
    0x080009a0   0x00000108   Code   RO          425    .text               delay.o
    0x08000aa8   0x000000e0   Code   RO          465    .text               misc.o
    0x08000b88   0x00000294   Code   RO          485    .text               stm32f4xx_gpio.o
    0x08000e1c   0x0000065c   Code   RO          528    .text               stm32f4xx_rcc.o
    0x08001478   0x00000454   Code   RO          570    .text               stm32f4xx_usart.o
    0x080018cc   0x000003a8   Code   RO          690    .text               stm32f4xx_dma.o
    0x08001c74   0x000000a0   Code   RO          710    .text               stm32f4xx_rng.o
    0x08001d14   0x00000894   Code   RO          730    .text               os_core.o
    0x080025a8   0x0000080c   Code   RO          758    .text               os_flag.o
    0x08002db4   0x000003cc   Code   RO          778    .text               os_mbox.o
    0x08003180   0x000005e8   Code   RO          832    .text               os_q.o
    0x08003768   0x0000038c   Code   RO          852    .text               os_sem.o
    0x08003af4   0x000007c4   Code   RO          872    .text               os_task.o
    0x080042b8   0x000001b0   Code   RO          892    .text               os_time.o
    0x08004468   0x00000634   Code   RO          912    .text               os_tmr.o
    0x08004a9c   0x000000c8   Code   RO          930    .text               os_cpu_a.o
    0x08004b64   0x000001e8   Code   RO          935    .text               os_cpu_c.o
    0x08004d4c   0x000000d0   Code   RO          995    .text               led_fc.o
    0x08004e1c   0x00000164   Code   RO         1049    .text               time.o
    0x08004f80   0x000000e8   Code   RO         1080    .text               dma.o
    0x08005068   0x0000006c   Code   RO         1100    .text               rng.o
    0x080050d4   0x00001e00   Code   RO         1120    .text               usart_fc.o
    0x08006ed4   0x00000390   Code   RO         1148    .text               rc_mine.o
    0x08007264   0x00002974   Code   RO         1274    .text               leg.o
    0x08009bd8   0x00003010   Code   RO         1307    .text               brain.o
    0x0800cbe8   0x000005b4   Code   RO         1360    .text               my_math.o
    0x0800d19c   0x00000064   Code   RO         1383    .text               c_w.l(rt_memcpy_w.o)
    0x0800d200   0x0000004e   Code   RO         1385    .text               c_w.l(rt_memclr_w.o)
    0x0800d24e   0x00000006   Code   RO         1387    .text               c_w.l(heapauxi.o)
    0x0800d254   0x00000016   Code   RO         1496    .text               c_w.l(_rserrno.o)
    0x0800d26a   0x00000002   PAD
    0x0800d26c   0x00000008   Code   RO         1564    .text               c_w.l(rt_errno_addr_intlibspace.o)
    0x0800d274   0x00000008   Code   RO         1568    .text               c_w.l(libspace.o)
    0x0800d27c   0x0000004a   Code   RO         1571    .text               c_w.l(sys_stackheap_outer.o)
    0x0800d2c6   0x00000012   Code   RO         1573    .text               c_w.l(exit.o)
    0x0800d2d8   0x0000000c   Code   RO         1643    .text               c_w.l(sys_exit.o)
    0x0800d2e4   0x00000002   Code   RO         1654    .text               c_w.l(use_no_semi.o)
    0x0800d2e6   0x00000000   Code   RO         1656    .text               c_w.l(indicate_semi.o)
    0x0800d2e6   0x00000030   Code   RO         1530    i.__ARM_fpclassify  m_wm.l(fpclassify.o)
    0x0800d316   0x00000002   PAD
    0x0800d318   0x00000358   Code   RO         1425    i.__hardfp_acos     m_wm.l(acos.o)
    0x0800d670   0x000000c8   Code   RO         1439    i.__hardfp_cos      m_wm.l(cos.o)
    0x0800d738   0x00000014   Code   RO         1451    i.__hardfp_fabs     m_wm.l(fabs.o)
    0x0800d74c   0x00000004   PAD
    0x0800d750   0x00000c50   Code   RO         1457    i.__hardfp_pow      m_wm.l(pow.o)
    0x0800e3a0   0x000000c8   Code   RO         1471    i.__hardfp_sin      m_wm.l(sin.o)
    0x0800e468   0x0000007a   Code   RO         1483    i.__hardfp_sqrt     m_wm.l(sqrt.o)
    0x0800e4e2   0x00000006   PAD
    0x0800e4e8   0x00000438   Code   RO         1535    i.__ieee754_rem_pio2  m_wm.l(rred.o)
    0x0800e920   0x00000170   Code   RO         1513    i.__kernel_cos      m_wm.l(cos_i.o)
    0x0800ea90   0x000000f8   Code   RO         1532    i.__kernel_poly     m_wm.l(poly.o)
    0x0800eb88   0x00000130   Code   RO         1540    i.__kernel_sin      m_wm.l(sin_i.o)
    0x0800ecb8   0x00000030   Code   RO         1516    i.__mathlib_dbl_divzero  m_wm.l(dunder.o)
    0x0800ece8   0x00000014   Code   RO         1517    i.__mathlib_dbl_infnan  m_wm.l(dunder.o)
    0x0800ecfc   0x00000014   Code   RO         1518    i.__mathlib_dbl_infnan2  m_wm.l(dunder.o)
    0x0800ed10   0x00000020   Code   RO         1519    i.__mathlib_dbl_invalid  m_wm.l(dunder.o)
    0x0800ed30   0x00000020   Code   RO         1520    i.__mathlib_dbl_overflow  m_wm.l(dunder.o)
    0x0800ed50   0x00000020   Code   RO         1522    i.__mathlib_dbl_underflow  m_wm.l(dunder.o)
    0x0800ed70   0x00000018   Code   RO         1453    i.fabs              m_wm.l(fabs.o)
    0x0800ed88   0x0000006e   Code   RO         1485    i.sqrt              m_wm.l(sqrt.o)
    0x0800edf6   0x00000018   Code   RO         1391    x$fpl$basic         fz_wm.l(basic.o)
    0x0800ee0e   0x00000002   PAD
    0x0800ee10   0x00000062   Code   RO         1393    x$fpl$d2f           fz_wm.l(d2f.o)
    0x0800ee72   0x00000002   PAD
    0x0800ee74   0x00000150   Code   RO         1395    x$fpl$dadd          fz_wm.l(daddsub_clz.o)
    0x0800efc4   0x00000010   Code   RO         1566    x$fpl$dcheck1       fz_wm.l(dcheck1.o)
    0x0800efd4   0x00000018   Code   RO         1498    x$fpl$dcmpinf       fz_wm.l(dcmpi.o)
    0x0800efec   0x000002b0   Code   RO         1402    x$fpl$ddiv          fz_wm.l(ddiv.o)
    0x0800f29c   0x0000005e   Code   RO         1407    x$fpl$dfix          fz_wm.l(dfix.o)
    0x0800f2fa   0x0000002e   Code   RO         1412    x$fpl$dflt          fz_wm.l(dflt_clz.o)
    0x0800f328   0x00000026   Code   RO         1411    x$fpl$dfltu         fz_wm.l(dflt_clz.o)
    0x0800f34e   0x00000002   PAD
    0x0800f350   0x00000078   Code   RO         1417    x$fpl$dleqf         fz_wm.l(dleqf.o)
    0x0800f3c8   0x00000154   Code   RO         1419    x$fpl$dmul          fz_wm.l(dmul.o)
    0x0800f51c   0x0000009c   Code   RO         1500    x$fpl$dnaninf       fz_wm.l(dnaninf.o)
    0x0800f5b8   0x0000000c   Code   RO         1502    x$fpl$dretinf       fz_wm.l(dretinf.o)
    0x0800f5c4   0x0000006c   Code   RO         1421    x$fpl$drleqf        fz_wm.l(drleqf.o)
    0x0800f630   0x00000016   Code   RO         1396    x$fpl$drsb          fz_wm.l(daddsub_clz.o)
    0x0800f646   0x00000002   PAD
    0x0800f648   0x00000198   Code   RO         1504    x$fpl$dsqrt         fz_wm.l(dsqrt_umaal.o)
    0x0800f7e0   0x000001d4   Code   RO         1397    x$fpl$dsub          fz_wm.l(daddsub_clz.o)
    0x0800f9b4   0x00000056   Code   RO         1423    x$fpl$f2d           fz_wm.l(f2d.o)
    0x0800fa0a   0x0000008c   Code   RO         1506    x$fpl$fnaninf       fz_wm.l(fnaninf.o)
    0x0800fa96   0x0000000a   Code   RO         1641    x$fpl$fpinit        fz_wm.l(fpinit.o)
    0x0800faa0   0x0000000a   Code   RO         1508    x$fpl$fretinf       fz_wm.l(fretinf.o)
    0x0800faaa   0x00000064   Code   RO         1581    x$fpl$retnan        fz_wm.l(retnan.o)
    0x0800fb0e   0x0000005c   Code   RO         1510    x$fpl$scalbn        fz_wm.l(scalbn.o)
    0x0800fb6a   0x00000030   Code   RO         1630    x$fpl$trapveneer    fz_wm.l(trapv.o)
    0x0800fb9a   0x00000000   Code   RO         1512    x$fpl$usenofp       fz_wm.l(usenofp.o)
    0x0800fb9a   0x00000100   Data   RO          732    .constdata          os_core.o
    0x0800fc9a   0x00000002   PAD
    0x0800fc9c   0x00000008   Data   RO         1276    .constdata          leg.o
    0x0800fca4   0x00000004   PAD
    0x0800fca8   0x00000060   Data   RO         1309    .constdata          brain.o
    0x0800fd08   0x00000050   Data   RO         1428    .constdata          m_wm.l(acos.o)
    0x0800fd58   0x00000088   Data   RO         1460    .constdata          m_wm.l(pow.o)
    0x0800fde0   0x00000030   Data   RO         1514    .constdata          m_wm.l(cos_i.o)
    0x0800fe10   0x00000008   Data   RO         1534    .constdata          m_wm.l(qnan.o)
    0x0800fe18   0x000000c8   Data   RO         1537    .constdata          m_wm.l(rred.o)
    0x0800fee0   0x00000028   Data   RO         1541    .constdata          m_wm.l(sin_i.o)
    0x0800ff08   0x00000020   Data   RO         1709    Region$$Table       anon$$obj.o


    Execution Region RW_IRAM1 (Base: 0x20000000, Size: 0x00005d20, Max: 0x00020000, ABSOLUTE, COMPRESSED[0x00000474])

    Base Addr    Size         Type   Attr      Idx    E Section Name        Object

    0x20000000   0x00000041   Data   RW            5    .data               ucos_task.o
    0x20000041   0x00000003   PAD
    0x20000044   0x0000000d   Data   RW          313    .data               main.o
    0x20000051   0x00000003   PAD
    0x20000054   0x00000014   Data   RW          393    .data               system_stm32f4xx.o
    0x20000068   0x00000004   Data   RW          426    .data               delay.o
    0x2000006c   0x00000010   Data   RW          529    .data               stm32f4xx_rcc.o
    0x2000007c   0x0000005c   Data   RW          733    .data               os_core.o
    0x200000d8   0x00000006   Data   RW          936    .data               os_cpu_c.o
    0x200000de   0x00000004   Data   RW          996    .data               led_fc.o
    0x200000e2   0x00000044   Data   RW         1122    .data               usart_fc.o
    0x20000126   0x00000002   PAD
    0x20000128   0x00000038   Data   RW         1150    .data               rc_mine.o
    0x20000160   0x00000043   Data   RW         1277    .data               leg.o
    0x200001a3   0x00000001   PAD
    0x200001a4   0x00000039   Data   RW         1310    .data               brain.o
    0x200001dd   0x00000003   PAD
    0x200001e0   0x00000404   Data   RW         1361    .data               my_math.o
    0x200005e4   0x00002014   Zero   RW            4    .bss                ucos_task.o
    0x200025f8   0x00000500   Zero   RW          312    .bss                main.o
    0x20002af8   0x00001288   Zero   RW          731    .bss                os_core.o
    0x20003d80   0x000000b4   Zero   RW         1050    .bss                time.o
    0x20003e34   0x00000c2e   Zero   RW         1121    .bss                usart_fc.o
    0x20004a62   0x00000002   PAD
    0x20004a64   0x0000010c   Zero   RW         1149    .bss                rc_mine.o
    0x20004b70   0x00000b4a   Zero   RW         1275    .bss                leg.o
    0x200056ba   0x00000002   PAD
    0x200056bc   0x00000060   Zero   RW         1569    .bss                c_w.l(libspace.o)
    0x2000571c   0x00000004   PAD
    0x20005720   0x00000200   Zero   RW          417    HEAP                startup_stm32f40_41xxx.o
    0x20005920   0x00000400   Zero   RW          416    STACK               startup_stm32f40_41xxx.o


==============================================================================

Image component sizes


      Code (inc. data)   RO Data    RW Data    ZI Data      Debug   Object Name

     12304        354         96         57          0      15689   brain.o
       264         18          0          4          0       1387   delay.o
       232          4          0          0          0       1432   dma.o
       208          8          0          4          0        963   led_fc.o
     10612        306          8         67       2890      16918   leg.o
       456         80          0         13       1280       1853   main.o
       224         20          0          0          0       1789   misc.o
      1460        110          0       1028          0       5479   my_math.o
      2196        218        256         92       4744      15955   os_core.o
       200         32          0          0          0        312   os_cpu_a.o
       488          8          0          6          0      11755   os_cpu_c.o
      2060         42          0          0          0       7192   os_flag.o
       972         16          0          0          0       4298   os_mbox.o
      1512         30          0          0          0       5757   os_q.o
       908         18          0          0          0       4030   os_sem.o
      1988         70          0          0          0       7877   os_task.o
       432         30          0          0          0       1866   os_time.o
      1588         94          0          0          0       5721   os_tmr.o
       912         96          0         56        268       8055   rc_mine.o
       108          0          0          0          0        997   rng.o
        64         26        392          0       1536        824   startup_stm32f40_41xxx.o
       936         32          0          0          0       6365   stm32f4xx_dma.o
       660         44          0          0          0       4129   stm32f4xx_gpio.o
        22          0          0          0          0       1019   stm32f4xx_it.o
      1628         52          0         16          0      12992   stm32f4xx_rcc.o
       160          4          0          0          0       1796   stm32f4xx_rng.o
      1108         34          0          0          0       7856   stm32f4xx_usart.o
       528         46          0         20          0       1735   system_stm32f4xx.o
       356         18          0          0        180      29345   time.o
       776         66          0         65       8212     287230   ucos_task.o
      7680        296          0         68       3118      13737   usart_fc.o

    ----------------------------------------------------------------------
     53044       2172        790       1508      22232     486353   Object Totals
         0          0         32          0          0          0   (incl. Generated)
         2          0          6         12          4          0   (incl. Padding)

    ----------------------------------------------------------------------

      Code (inc. data)   RO Data    RW Data    ZI Data      Debug   Library Member Name

        90          0          0          0          0          0   __dczerorl2.o
         8          0          0          0          0         68   __main.o
         0          0          0          0          0          0   __rtentry.o
        12          0          0          0          0          0   __rtentry2.o
         6          0          0          0          0          0   __rtentry4.o
        52          8          0          0          0          0   __scatter.o
        28          0          0          0          0          0   __scatter_zi.o
        22          0          0          0          0        100   _rserrno.o
        18          0          0          0          0         80   exit.o
         6          0          0          0          0        152   heapauxi.o
         0          0          0          0          0          0   indicate_semi.o
         2          0          0          0          0          0   libinit.o
         6          0          0          0          0          0   libinit2.o
         2          0          0          0          0          0   libshutdown.o
         2          0          0          0          0          0   libshutdown2.o
         8          4          0          0         96         68   libspace.o
         8          4          0          0          0         68   rt_errno_addr_intlibspace.o
        78          0          0          0          0         80   rt_memclr_w.o
       100          0          0          0          0         80   rt_memcpy_w.o
         2          0          0          0          0          0   rtexit.o
        10          0          0          0          0          0   rtexit2.o
        12          4          0          0          0         68   sys_exit.o
        74          0          0          0          0         80   sys_stackheap_outer.o
         2          0          0          0          0         68   use_no_semi.o
        24          0          0          0          0        164   basic.o
        98          4          0          0          0        140   d2f.o
       826         16          0          0          0        492   daddsub_clz.o
        16          4          0          0          0        116   dcheck1.o
        24          0          0          0          0        116   dcmpi.o
       688        140          0          0          0        256   ddiv.o
        94          4          0          0          0        140   dfix.o
        84          0          0          0          0        232   dflt_clz.o
       120          4          0          0          0        140   dleqf.o
       340         12          0          0          0        152   dmul.o
       156          4          0          0          0        140   dnaninf.o
        12          0          0          0          0        116   dretinf.o
       108          0          0          0          0        128   drleqf.o
       408         56          0          0          0        168   dsqrt_umaal.o
        86          4          0          0          0        132   f2d.o
       140          4          0          0          0        132   fnaninf.o
        10          0          0          0          0        116   fpinit.o
        10          0          0          0          0        116   fretinf.o
       100          0          0          0          0        116   retnan.o
        92          0          0          0          0        116   scalbn.o
        48          0          0          0          0        116   trapv.o
         0          0          0          0          0          0   usenofp.o
       856        118         80          0          0        288   acos.o
       200         20          0          0          0        164   cos.o
       368         46         48          0          0        200   cos_i.o
       184         44          0          0          0        744   dunder.o
        44          0          0          0          0        248   fabs.o
        48          0          0          0          0        124   fpclassify.o
       248          0          0          0          0        152   poly.o
      3152        296        136          0          0        352   pow.o
         0          0          8          0          0          0   qnan.o
      1080        142        200          0          0        188   rred.o
       200         20          0          0          0        164   sin.o
       304         24         40          0          0        208   sin_i.o
       232          0          0          0          0        296   sqrt.o

    ----------------------------------------------------------------------
     10974        982        512          0        100       7384   Library Totals
        26          0          0          0          4          0   (incl. Padding)

    ----------------------------------------------------------------------

      Code (inc. data)   RO Data    RW Data    ZI Data      Debug   Library Name

       548         20          0          0         96        912   c_w.l
      3484        252          0          0          0       3344   fz_wm.l
      6916        710        512          0          0       3128   m_wm.l

    ----------------------------------------------------------------------
     10974        982        512          0        100       7384   Library Totals

    ----------------------------------------------------------------------

==============================================================================


      Code (inc. data)   RO Data    RW Data    ZI Data      Debug   

     64018       3154       1302       1508      22332     483273   Grand Totals
     64018       3154       1302       1140      22332     483273   ELF Image Totals (compressed)
     64018       3154       1302       1140          0          0   ROM Totals

==============================================================================

    Total RO  Size (Code + RO Data)                65320 (  63.79kB)
    Total RW  Size (RW Data + ZI Data)             23840 (  23.28kB)
    Total ROM Size (Code + RO Data + RW Data)      66460 (  64.90kB)

==============================================================================

