Component: ARM Compiler 5.06 update 2 (build 183) Tool: armlink [4d35b7]

==============================================================================

Section Cross References

    ucos_task.o(.text) refers to leg.o(.text) for leg_init
    ucos_task.o(.text) refers to time.o(.text) for Get_Cycle_T
    ucos_task.o(.text) refers to usart_fc.o(.text) for Send_LEG
    ucos_task.o(.text) refers to delay.o(.text) for delay_ms
    ucos_task.o(.text) refers to brain.o(.text) for leg_task
    ucos_task.o(.text) refers to dflt_clz.o(x$fpl$dfltu) for __aeabi_ui2d
    ucos_task.o(.text) refers to drleqf.o(x$fpl$drleqf) for __aeabi_cdrcmple
    ucos_task.o(.text) refers to leg.o(.bss) for leg
    ucos_task.o(.text) refers to ucos_task.o(.bss) for leg_dt
    ucos_task.o(.text) refers to ucos_task.o(.data) for tcnt
    ucos_task.o(.text) refers to os_core.o(.data) for OSCPUUsage
    main.o(.text) refers to os_mbox.o(.text) for OSMboxCreate
    main.o(.text) refers to os_q.o(.text) for OSQCreate
    main.o(.text) refers to os_flag.o(.text) for OSFlagCreate
    main.o(.text) refers to os_core.o(.text) for OSStatInit
    main.o(.text) refers to os_tmr.o(.text) for OSTmrCreate
    main.o(.text) refers to os_cpu_a.o(.text) for OS_CPU_SR_Save
    main.o(.text) refers to os_task.o(.text) for OSTaskCreate
    main.o(.text) refers to misc.o(.text) for NVIC_PriorityGroupConfig
    main.o(.text) refers to delay.o(.text) for delay_init
    main.o(.text) refers to time.o(.text) for Initial_Timer_SYS
    main.o(.text) refers to rng.o(.text) for RNG_Init
    main.o(.text) refers to usart_fc.o(.text) for Usart1_Init
    main.o(.text) refers to dma.o(.text) for MYDMA_Config
    main.o(.text) refers to stm32f4xx_usart.o(.text) for USART_DMACmd
    main.o(.text) refers to led_fc.o(.text) for LED_Init
    main.o(.text) refers to main.o(.data) for msg_key
    main.o(.text) refers to main.o(.bss) for MsgGrp
    main.o(.text) refers to ucos_task.o(.text) for tmr1_callback
    main.o(.text) refers to ucos_task.o(.data) for tmr1
    main.o(.text) refers to ucos_task.o(.bss) for BRAIN_TASK_STK
    main.o(.text) refers to usart_fc.o(.bss) for SendBuff1
    system_stm32f4xx.o(.text) refers to system_stm32f4xx.o(.data) for SystemCoreClock
    startup_stm32f40_41xxx.o(STACK) refers (Special) to heapauxi.o(.text) for __use_two_region_memory
    startup_stm32f40_41xxx.o(HEAP) refers (Special) to heapauxi.o(.text) for __use_two_region_memory
    startup_stm32f40_41xxx.o(RESET) refers (Special) to heapauxi.o(.text) for __use_two_region_memory
    startup_stm32f40_41xxx.o(RESET) refers to startup_stm32f40_41xxx.o(STACK) for __initial_sp
    startup_stm32f40_41xxx.o(RESET) refers to startup_stm32f40_41xxx.o(.text) for Reset_Handler
    startup_stm32f40_41xxx.o(RESET) refers to stm32f4xx_it.o(.text) for NMI_Handler
    startup_stm32f40_41xxx.o(RESET) refers to os_cpu_a.o(.text) for PendSV_Handler
    startup_stm32f40_41xxx.o(RESET) refers to delay.o(.text) for SysTick_Handler
    startup_stm32f40_41xxx.o(RESET) refers to usart_fc.o(.text) for USART1_IRQHandler
    startup_stm32f40_41xxx.o(.text) refers (Special) to heapauxi.o(.text) for __use_two_region_memory
    startup_stm32f40_41xxx.o(.text) refers to system_stm32f4xx.o(.text) for SystemInit
    startup_stm32f40_41xxx.o(.text) refers to __main.o(!!!main) for __main
    startup_stm32f40_41xxx.o(.text) refers to startup_stm32f40_41xxx.o(HEAP) for Heap_Mem
    startup_stm32f40_41xxx.o(.text) refers to startup_stm32f40_41xxx.o(STACK) for Stack_Mem
    delay.o(.text) refers to os_core.o(.text) for OSIntEnter
    delay.o(.text) refers to misc.o(.text) for SysTick_CLKSourceConfig
    delay.o(.text) refers to os_time.o(.text) for OSTimeDly
    delay.o(.text) refers to delay.o(.data) for fac_us
    delay.o(.text) refers to os_core.o(.data) for OSRunning
    stm32f4xx_gpio.o(.text) refers to stm32f4xx_rcc.o(.text) for RCC_AHB1PeriphResetCmd
    stm32f4xx_fsmc.o(.text) refers to stm32f4xx_fsmc.o(.constdata) for FSMC_DefaultTimingStruct
    stm32f4xx_rcc.o(.text) refers to stm32f4xx_rcc.o(.data) for APBAHBPrescTable
    stm32f4xx_syscfg.o(.text) refers to stm32f4xx_rcc.o(.text) for RCC_APB2PeriphResetCmd
    stm32f4xx_usart.o(.text) refers to stm32f4xx_rcc.o(.text) for RCC_APB2PeriphResetCmd
    stm32f4xx_tim.o(.text) refers to stm32f4xx_rcc.o(.text) for RCC_APB2PeriphResetCmd
    stm32f4xx_pwr.o(.text) refers to stm32f4xx_rcc.o(.text) for RCC_APB1PeriphResetCmd
    stm32f4xx_spi.o(.text) refers to stm32f4xx_rcc.o(.text) for RCC_APB2PeriphResetCmd
    stm32f4xx_rng.o(.text) refers to stm32f4xx_rcc.o(.text) for RCC_AHB2PeriphResetCmd
    os_core.o(.text) refers to os_task.o(.text) for OSTaskStkChk
    os_core.o(.text) refers to os_time.o(.text) for OSTimeDly
    os_core.o(.text) refers to os_cpu_a.o(.text) for OS_CPU_SR_Save
    os_core.o(.text) refers to os_cpu_c.o(.text) for OSTaskStatHook
    os_core.o(.text) refers to os_flag.o(.text) for OS_FlagInit
    os_core.o(.text) refers to os_q.o(.text) for OS_QInit
[...]
    _init_user_alloc                          - Undefined Weak Reference
    _initio                                   - Undefined Weak Reference
    _rand_init                                - Undefined Weak Reference
    _signal_finish                            - Undefined Weak Reference
    _signal_init                              - Undefined Weak Reference
    _terminate_alloc                          - Undefined Weak Reference
    _terminate_user_alloc                     - Undefined Weak Reference
    _terminateio                              - Undefined Weak Reference
    __Vectors_Size                           0x00000188   Number         0  startup_stm32f40_41xxx.o ABSOLUTE
    __Vectors                                0x08000000   Data           4  startup_stm32f40_41xxx.o(RESET)
    __Vectors_End                            0x08000188   Data           0  startup_stm32f40_41xxx.o(RESET)
    __main                                   0x08000189   Thumb Code     8  __main.o(!!!main)
    __scatterload                            0x08000191   Thumb Code     0  __scatter.o(!!!scatter)
    __scatterload_rt2                        0x08000191   Thumb Code    44  __scatter.o(!!!scatter)
    __scatterload_rt2_thumb_only             0x08000191   Thumb Code     0  __scatter.o(!!!scatter)
    __scatterload_null                       0x0800019f   Thumb Code     0  __scatter.o(!!!scatter)
    __decompress                             0x080001c5   Thumb Code    90  __dczerorl2.o(!!dczerorl2)
    __decompress1                            0x080001c5   Thumb Code     0  __dczerorl2.o(!!dczerorl2)
    __scatterload_zeroinit                   0x08000221   Thumb Code    28  __scatter_zi.o(!!handler_zi)
    __rt_lib_init                            0x0800023d   Thumb Code     0  libinit.o(.ARM.Collect$$libinit$$00000000)
    __rt_lib_init_fp_1                       0x0800023f   Thumb Code     0  libinit2.o(.ARM.Collect$$libinit$$00000001)
    __rt_lib_init_alloca_1                   0x08000243   Thumb Code     0  libinit2.o(.ARM.Collect$$libinit$$0000002E)
    __rt_lib_init_argv_1                     0x08000243   Thumb Code     0  libinit2.o(.ARM.Collect$$libinit$$0000002C)
    __rt_lib_init_atexit_1                   0x08000243   Thumb Code     0  libinit2.o(.ARM.Collect$$libinit$$0000001B)
    __rt_lib_init_clock_1                    0x08000243   Thumb Code     0  libinit2.o(.ARM.Collect$$libinit$$00000021)
    __rt_lib_init_cpp_1                      0x08000243   Thumb Code     0  libinit2.o(.ARM.Collect$$libinit$$00000032)
    __rt_lib_init_exceptions_1               0x08000243   Thumb Code     0  libinit2.o(.ARM.Collect$$libinit$$00000030)
    __rt_lib_init_fp_trap_1                  0x08000243   Thumb Code     0  libinit2.o(.ARM.Collect$$libinit$$0000001F)
    __rt_lib_init_getenv_1                   0x08000243   Thumb Code     0  libinit2.o(.ARM.Collect$$libinit$$00000023)
    __rt_lib_init_heap_1                     0x08000243   Thumb Code     0  libinit2.o(.ARM.Collect$$libinit$$0000000A)
    __rt_lib_init_lc_collate_1               0x08000243   Thumb Code     0  libinit2.o(.ARM.Collect$$libinit$$00000011)
    __rt_lib_init_lc_ctype_1                 0x08000243   Thumb Code     0  libinit2.o(.ARM.Collect$$libinit$$00000013)
    __rt_lib_init_lc_monetary_1              0x08000243   Thumb Code     0  libinit2.o(.ARM.Collect$$libinit$$00000015)
    __rt_lib_init_lc_numeric_1               0x08000243   Thumb Code     0  libinit2.o(.ARM.Collect$$libinit$$00000017)
    __rt_lib_init_lc_time_1                  0x08000243   Thumb Code     0  libinit2.o(.ARM.Collect$$libinit$$00000019)
    __rt_lib_init_preinit_1                  0x08000243   Thumb Code     0  libinit2.o(.ARM.Collect$$libinit$$00000004)
    __rt_lib_init_rand_1                     0x08000243   Thumb Code     0  libinit2.o(.ARM.Collect$$libinit$$0000000E)
    __rt_lib_init_return                     0x08000243   Thumb Code     0  libinit2.o(.ARM.Collect$$libinit$$00000033)
    __rt_lib_init_signal_1                   0x08000243   Thumb Code     0  libinit2.o(.ARM.Collect$$libinit$$0000001D)
    __rt_lib_init_stdio_1                    0x08000243   Thumb Code     0  libinit2.o(.ARM.Collect$$libinit$$00000025)
    __rt_lib_init_user_alloc_1               0x08000243   Thumb Code     0  libinit2.o(.ARM.Collect$$libinit$$0000000C)
    __rt_lib_shutdown                        0x08000245   Thumb Code     0  libshutdown.o(.ARM.Collect$$libshutdown$$00000000)
    __rt_lib_shutdown_cpp_1                  0x08000247   Thumb Code     0  libshutdown2.o(.ARM.Collect$$libshutdown$$00000002)
    __rt_lib_shutdown_fp_trap_1              0x08000247   Thumb Code     0  libshutdown2.o(.ARM.Collect$$libshutdown$$00000007)
    __rt_lib_shutdown_heap_1                 0x08000247   Thumb Code     0  libshutdown2.o(.ARM.Collect$$libshutdown$$0000000F)
    __rt_lib_shutdown_return                 0x08000247   Thumb Code     0  libshutdown2.o(.ARM.Collect$$libshutdown$$00000010)
    __rt_lib_shutdown_signal_1               0x08000247   Thumb Code     0  libshutdown2.o(.ARM.Collect$$libshutdown$$0000000A)
    __rt_lib_shutdown_stdio_1                0x08000247   Thumb Code     0  libshutdown2.o(.ARM.Collect$$libshutdown$$00000004)
    __rt_lib_shutdown_user_alloc_1           0x08000247   Thumb Code     0  libshutdown2.o(.ARM.Collect$$libshutdown$$0000000C)
    __rt_entry                               0x08000249   Thumb Code     0  __rtentry.o(.ARM.Collect$$rtentry$$00000000)
    __rt_entry_presh_1                       0x08000249   Thumb Code     0  __rtentry2.o(.ARM.Collect$$rtentry$$00000002)
    __rt_entry_sh                            0x08000249   Thumb Code     0  __rtentry4.o(.ARM.Collect$$rtentry$$00000004)
    __rt_entry_li                            0x0800024f   Thumb Code     0  __rtentry2.o(.ARM.Collect$$rtentry$$0000000A)
    __rt_entry_postsh_1                      0x0800024f   Thumb Code     0  __rtentry2.o(.ARM.Collect$$rtentry$$00000009)
    __rt_entry_main                          0x08000253   Thumb Code     0  __rtentry2.o(.ARM.Collect$$rtentry$$0000000D)
    __rt_entry_postli_1                      0x08000253   Thumb Code     0  __rtentry2.o(.ARM.Collect$$rtentry$$0000000C)
    __rt_exit                                0x0800025b   Thumb Code     0  rtexit.o(.ARM.Collect$$rtexit$$00000000)
    __rt_exit_ls                             0x0800025d   Thumb Code     0  rtexit2.o(.ARM.Collect$$rtexit$$00000003)
    __rt_exit_prels_1                        0x0800025d   Thumb Code     0  rtexit2.o(.ARM.Collect$$rtexit$$00000002)
    __rt_exit_exit                           0x08000261   Thumb Code     0  rtexit2.o(.ARM.Collect$$rtexit$$00000004)
    leg1_task                                0x08000269   Thumb Code    46  ucos_task.o(.text)
    leg2_task                                0x08000297   Thumb Code    46  ucos_task.o(.text)
    leg3_task                                0x080002c5   Thumb Code    46  ucos_task.o(.text)
    leg4_task                                0x080002f3   Thumb Code    46  ucos_task.o(.text)
    brain_task                               0x08000321   Thumb Code    40  ucos_task.o(.text)
    uart_task                                0x08000349   Thumb Code    10  ucos_task.o(.text)
    tmr1_callback                            0x08000353   Thumb Code    44  ucos_task.o(.text)
    tmr2_callback                            0x0800037f   Thumb Code   154  ucos_task.o(.text)
    tmr3_callback                            0x08000419   Thumb Code     2  ucos_task.o(.text)
    start_task                               0x08000451   Thumb Code   216  main.o(.text)
    main                                     0x08000529   Thumb Code   170  main.o(.text)
    flags_task                               0x080005d3   Thumb Code    38  main.o(.text)
    NMI_Handler                              0x08000669   Thumb Code     2  stm32f4xx_it.o(.text)
    HardFault_Handler                        0x0800066b   Thumb Code     4  stm32f4xx_it.o(.text)
    MemManage_Handler                        0x0800066f   Thumb Code     4  stm32f4xx_it.o(.text)
    BusFault_Handler                         0x08000673   Thumb Code     4  stm32f4xx_it.o(.text)
    UsageFault_Handler                       0x08000677   Thumb Code     4  stm32f4xx_it.o(.text)
    SVC_Handler                              0x0800067b   Thumb Code     2  stm32f4xx_it.o(.text)
    DebugMon_Handler                         0x0800067d   Thumb Code     2  stm32f4xx_it.o(.text)
    SystemInit                               0x0800075d   Thumb Code    88  system_stm32f4xx.o(.text)
    SystemCoreClockUpdate                    0x080007b5   Thumb Code   174  system_stm32f4xx.o(.text)
    Reset_Handler                            0x08000891   Thumb Code     8  startup_stm32f40_41xxx.o(.text)
    ADC_IRQHandler                           0x080008ab   Thumb Code     0  startup_stm32f40_41xxx.o(.text)
    CAN1_RX0_IRQHandler                      0x080008ab   Thumb Code     0  startup_stm32f40_41xxx.o(.text)
    CAN1_RX1_IRQHandler                      0x080008ab   Thumb Code     0  startup_stm32f40_41xxx.o(.text)
    CAN1_SCE_IRQHandler                      0x080008ab   Thumb Code     0  startup_stm32f40_41xxx.o(.text)
    CAN1_TX_IRQHandler                       0x080008ab   Thumb Code     0  startup_stm32f40_41xxx.o(.text)
    CAN2_RX0_IRQHandler                      0x080008ab   Thumb Code     0  startup_stm32f40_41xxx.o(.text)
    CAN2_RX1_IRQHandler                      0x080008ab   Thumb Code     0  startup_stm32f40_41xxx.o(.text)
    CAN2_SCE_IRQHandler                      0x080008ab   Thumb Code     0  startup_stm32f40_41xxx.o(.text)
    CAN2_TX_IRQHandler                       0x080008ab   Thumb Code     0  startup_stm32f40_41xxx.o(.text)
    CRYP_IRQHandler                          0x080008ab   Thumb Code     0  startup_stm32f40_41xxx.o(.text)
    DCMI_IRQHandler                          0x080008ab   Thumb Code     0  startup_stm32f40_41xxx.o(.text)
    DMA1_Stream0_IRQHandler                  0x080008ab   Thumb Code     0  startup_stm32f40_41xxx.o(.text)
    DMA1_Stream1_IRQHandler                  0x080008ab   Thumb Code     0  startup_stm32f40_41xxx.o(.text)
    DMA1_Stream2_IRQHandler                  0x080008ab   Thumb Code     0  startup_stm32f40_41xxx.o(.text)
    DMA1_Stream3_IRQHandler                  0x080008ab   Thumb Code     0  startup_stm32f40_41xxx.o(.text)
    DMA1_Stream4_IRQHandler                  0x080008ab   Thumb Code     0  startup_stm32f40_41xxx.o(.text)
    DMA1_Stream5_IRQHandler                  0x080008ab   Thumb Code     0  startup_stm32f40_41xxx.o(.text)
    DMA1_Stream6_IRQHandler                  0x080008ab   Thumb Code     0  startup_stm32f40_41xxx.o(.text)
    DMA1_Stream7_IRQHandler                  0x080008ab   Thumb Code     0  startup_stm32f40_41xxx.o(.text)
    DMA2_Stream0_IRQHandler                  0x080008ab   Thumb Code     0  startup_stm32f40_41xxx.o(.text)
    DMA2_Stream1_IRQHandler                  0x080008ab   Thumb Code     0  startup_stm32f40_41xxx.o(.text)
    DMA2_Stream2_IRQHandler                  0x080008ab   Thumb Code     0  startup_stm32f40_41xxx.o(.text)
    DMA2_Stream3_IRQHandler                  0x080008ab   Thumb Code     0  startup_stm32f40_41xxx.o(.text)
    DMA2_Stream4_IRQHandler                  0x080008ab   Thumb Code     0  startup_stm32f40_41xxx.o(.text)
    DMA2_Stream5_IRQHandler                  0x080008ab   Thumb Code     0  startup_stm32f40_41xxx.o(.text)
    DMA2_Stream6_IRQHandler                  0x080008ab   Thumb Code     0  startup_stm32f40_41xxx.o(.text)
    DMA2_Stream7_IRQHandler                  0x080008ab   Thumb Code     0  startup_stm32f40_41xxx.o(.text)
    ETH_IRQHandler                           0x080008ab   Thumb Code     0  startup_stm32f40_41xxx.o(.text)
    ETH_WKUP_IRQHandler                      0x080008ab   Thumb Code     0  startup_stm32f40_41xxx.o(.text)
    EXTI0_IRQHandler                         0x080008ab   Thumb Code     0  startup_stm32f40_41xxx.o(.text)
    EXTI15_10_IRQHandler                     0x080008ab   Thumb Code     0  startup_stm32f40_41xxx.o(.text)
    EXTI1_IRQHandler                         0x080008ab   Thumb Code     0  startup_stm32f40_41xxx.o(.text)
    EXTI2_IRQHandler                         0x080008ab   Thumb Code     0  startup_stm32f40_41xxx.o(.text)
    EXTI3_IRQHandler                         0x080008ab   Thumb Code     0  startup_stm32f40_41xxx.o(.text)
    EXTI4_IRQHandler                         0x080008ab   Thumb Code     0  startup_stm32f40_41xxx.o(.text)
    EXTI9_5_IRQHandler                       0x080008ab   Thumb Code     0  startup_stm32f40_41xxx.o(.text)
    FLASH_IRQHandler                         0x080008ab   Thumb Code     0  startup_stm32f40_41xxx.o(.text)
    FPU_IRQHandler                           0x080008ab   Thumb Code     0  startup_stm32f40_41xxx.o(.text)
    FSMC_IRQHandler                          0x080008ab   Thumb Code     0  startup_stm32f40_41xxx.o(.text)
    HASH_RNG_IRQHandler                      0x080008ab   Thumb Code     0  startup_stm32f40_41xxx.o(.text)
    I2C1_ER_IRQHandler                       0x080008ab   Thumb Code     0  startup_stm32f40_41xxx.o(.text)
    I2C1_EV_IRQHandler                       0x080008ab   Thumb Code     0  startup_stm32f40_41xxx.o(.text)
    I2C2_ER_IRQHandler                       0x080008ab   Thumb Code     0  startup_stm32f40_41xxx.o(.text)
    I2C2_EV_IRQHandler                       0x080008ab   Thumb Code     0  startup_stm32f40_41xxx.o(.text)
    I2C3_ER_IRQHandler                       0x080008ab   Thumb Code     0  startup_stm32f40_41xxx.o(.text)
    I2C3_EV_IRQHandler                       0x080008ab   Thumb Code     0  startup_stm32f40_41xxx.o(.text)
    OTG_FS_IRQHandler                        0x080008ab   Thumb Code     0  startup_stm32f40_41xxx.o(.text)
    OTG_FS_WKUP_IRQHandler                   0x080008ab   Thumb Code     0  startup_stm32f40_41xxx.o(.text)
    OTG_HS_EP1_IN_IRQHandler                 0x080008ab   Thumb Code     0  startup_stm32f40_41xxx.o(.text)
    OTG_HS_EP1_OUT_IRQHandler                0x080008ab   Thumb Code     0  startup_stm32f40_41xxx.o(.text)
    OTG_HS_IRQHandler                        0x080008ab   Thumb Code     0  startup_stm32f40_41xxx.o(.text)
    OTG_HS_WKUP_IRQHandler                   0x080008ab   Thumb Code     0  startup_stm32f40_41xxx.o(.text)
    PVD_IRQHandler                           0x080008ab   Thumb Code     0  startup_stm32f40_41xxx.o(.text)
    RCC_IRQHandler                           0x080008ab   Thumb Code     0  startup_stm32f40_41xxx.o(.text)
    RTC_Alarm_IRQHandler                     0x080008ab   Thumb Code     0  startup_stm32f40_41xxx.o(.text)
    RTC_WKUP_IRQHandler                      0x080008ab   Thumb Code     0  startup_stm32f40_41xxx.o(.text)
    SDIO_IRQHandler                          0x080008ab   Thumb Code     0  startup_stm32f40_41xxx.o(.text)
    SPI1_IRQHandler                          0x080008ab   Thumb Code     0  startup_stm32f40_41xxx.o(.text)
    SPI2_IRQHandler                          0x080008ab   Thumb Code     0  startup_stm32f40_41xxx.o(.text)
    SPI3_IRQHandler                          0x080008ab   Thumb Code     0  startup_stm32f40_41xxx.o(.text)
    TAMP_STAMP_IRQHandler                    0x080008ab   Thumb Code     0  startup_stm32f40_41xxx.o(.text)
    TIM1_BRK_TIM9_IRQHandler                 0x080008ab   Thumb Code     0  startup_stm32f40_41xxx.o(.text)
    TIM1_CC_IRQHandler                       0x080008ab   Thumb Code     0  startup_stm32f40_41xxx.o(.text)
    TIM1_TRG_COM_TIM11_IRQHandler            0x080008ab   Thumb Code     0  startup_stm32f40_41xxx.o(.text)
    TIM1_UP_TIM10_IRQHandler                 0x080008ab   Thumb Code     0  startup_stm32f40_41xxx.o(.text)
    TIM2_IRQHandler                          0x080008ab   Thumb Code     0  startup_stm32f40_41xxx.o(.text)
    TIM3_IRQHandler                          0x080008ab   Thumb Code     0  startup_stm32f40_41xxx.o(.text)
    TIM4_IRQHandler                          0x080008ab   Thumb Code     0  startup_stm32f40_41xxx.o(.text)
    TIM5_IRQHandler                          0x080008ab   Thumb Code     0  startup_stm32f40_41xxx.o(.text)
    TIM6_DAC_IRQHandler                      0x080008ab   Thumb Code     0  startup_stm32f40_41xxx.o(.text)
    TIM7_IRQHandler                          0x080008ab   Thumb Code     0  startup_stm32f40_41xxx.o(.text)
    TIM8_BRK_TIM12_IRQHandler                0x080008ab   Thumb Code     0  startup_stm32f40_41xxx.o(.text)
    TIM8_CC_IRQHandler                       0x080008ab   Thumb Code     0  startup_stm32f40_41xxx.o(.text)
    TIM8_TRG_COM_TIM14_IRQHandler            0x080008ab   Thumb Code     0  startup_stm32f40_41xxx.o(.text)
    TIM8_UP_TIM13_IRQHandler                 0x080008ab   Thumb Code     0  startup_stm32f40_41xxx.o(.text)
    USART6_IRQHandler                        0x080008ab   Thumb Code     0  startup_stm32f40_41xxx.o(.text)
    WWDG_IRQHandler                          0x080008ab   Thumb Code     0  startup_stm32f40_41xxx.o(.text)
    __user_initial_stackheap                 0x080008ad   Thumb Code     0  startup_stm32f40_41xxx.o(.text)
    SysTick_Handler                          0x080008d1   Thumb Code    16  delay.o(.text)
    delay_init                               0x080008e1   Thumb Code    76  delay.o(.text)
    delay_us                                 0x0800092d   Thumb Code    86  delay.o(.text)
    delay_ms                                 0x08000983   Thumb Code    68  delay.o(.text)
    NVIC_PriorityGroupConfig                 0x080009d9   Thumb Code    10  misc.o(.text)
    NVIC_Init                                0x080009e3   Thumb Code   106  misc.o(.text)
    NVIC_SetVectorTable                      0x08000a4d   Thumb Code    14  misc.o(.text)
    NVIC_SystemLPConfig                      0x08000a5b   Thumb Code    34  misc.o(.text)
    SysTick_CLKSourceConfig                  0x08000a7d   Thumb Code    40  misc.o(.text)
    GPIO_DeInit                              0x08000ab9   Thumb Code   268  stm32f4xx_gpio.o(.text)
    GPIO_Init                                0x08000bc5   Thumb Code   144  stm32f4xx_gpio.o(.text)
    GPIO_StructInit                          0x08000c55   Thumb Code    18  stm32f4xx_gpio.o(.text)
    GPIO_PinLockConfig                       0x08000c67   Thumb Code    34  stm32f4xx_gpio.o(.text)
    GPIO_ReadInputDataBit                    0x08000c89   Thumb Code    18  stm32f4xx_gpio.o(.text)
    GPIO_ReadInputData                       0x08000c9b   Thumb Code     8  stm32f4xx_gpio.o(.text)
    GPIO_ReadOutputDataBit                   0x08000ca3   Thumb Code    18  stm32f4xx_gpio.o(.text)
    GPIO_ReadOutputData                      0x08000cb5   Thumb Code     8  stm32f4xx_gpio.o(.text)
    GPIO_SetBits                             0x08000cbd   Thumb Code     4  stm32f4xx_gpio.o(.text)
    GPIO_ResetBits                           0x08000cc1   Thumb Code     4  stm32f4xx_gpio.o(.text)
    GPIO_WriteBit                            0x08000cc5   Thumb Code    10  stm32f4xx_gpio.o(.text)
    GPIO_Write                               0x08000ccf   Thumb Code     4  stm32f4xx_gpio.o(.text)
    GPIO_ToggleBits                          0x08000cd3   Thumb Code     8  stm32f4xx_gpio.o(.text)
    GPIO_PinAFConfig                         0x08000cdb   Thumb Code    70  stm32f4xx_gpio.o(.text)
    RCC_DeInit                               0x08000d4d   Thumb Code    82  stm32f4xx_rcc.o(.text)
    RCC_HSEConfig                            0x08000d9f   Thumb Code    14  stm32f4xx_rcc.o(.text)
    RCC_GetFlagStatus                        0x08000dad   Thumb Code    60  stm32f4xx_rcc.o(.text)
    RCC_WaitForHSEStartUp                    0x08000de9   Thumb Code    56  stm32f4xx_rcc.o(.text)
    RCC_AdjustHSICalibrationValue            0x08000e21   Thumb Code    20  stm32f4xx_rcc.o(.text)
    RCC_HSICmd                               0x08000e35   Thumb Code     6  stm32f4xx_rcc.o(.text)
    RCC_LSEConfig                            0x08000e3b   Thumb Code    46  stm32f4xx_rcc.o(.text)
    RCC_LSICmd                               0x08000e69   Thumb Code     6  stm32f4xx_rcc.o(.text)
    RCC_PLLConfig                            0x08000e6f   Thumb Code    32  stm32f4xx_rcc.o(.text)
    RCC_PLLCmd                               0x08000e8f   Thumb Code     6  stm32f4xx_rcc.o(.text)
    RCC_PLLI2SConfig                         0x08000e95   Thumb Code    14  stm32f4xx_rcc.o(.text)
    RCC_PLLI2SCmd                            0x08000ea3   Thumb Code     6  stm32f4xx_rcc.o(.text)
    RCC_PLLSAIConfig                         0x08000ea9   Thumb Code    20  stm32f4xx_rcc.o(.text)
    RCC_PLLSAICmd                            0x08000ebd   Thumb Code     6  stm32f4xx_rcc.o(.text)
    RCC_ClockSecuritySystemCmd               0x08000ec3   Thumb Code     6  stm32f4xx_rcc.o(.text)
    RCC_MCO1Config                           0x08000ec9   Thumb Code    28  stm32f4xx_rcc.o(.text)
    RCC_MCO2Config                           0x08000ee5   Thumb Code    28  stm32f4xx_rcc.o(.text)
    RCC_SYSCLKConfig                         0x08000f01   Thumb Code    20  stm32f4xx_rcc.o(.text)
    RCC_GetSYSCLKSource                      0x08000f15   Thumb Code    12  stm32f4xx_rcc.o(.text)
    RCC_HCLKConfig                           0x08000f21   Thumb Code    20  stm32f4xx_rcc.o(.text)
    RCC_PCLK1Config                          0x08000f35   Thumb Code    20  stm32f4xx_rcc.o(.text)
    RCC_PCLK2Config                          0x08000f49   Thumb Code    22  stm32f4xx_rcc.o(.text)
    RCC_GetClocksFreq                        0x08000f5f   Thumb Code   222  stm32f4xx_rcc.o(.text)
    RCC_RTCCLKConfig                         0x0800103d   Thumb Code    54  stm32f4xx_rcc.o(.text)
    RCC_RTCCLKCmd                            0x08001073   Thumb Code     8  stm32f4xx_rcc.o(.text)
    RCC_BackupResetCmd                       0x0800107b   Thumb Code     8  stm32f4xx_rcc.o(.text)
    RCC_I2SCLKConfig                         0x08001083   Thumb Code     6  stm32f4xx_rcc.o(.text)
    RCC_SAIPLLI2SClkDivConfig                0x08001089   Thumb Code    26  stm32f4xx_rcc.o(.text)
    RCC_SAIPLLSAIClkDivConfig                0x080010a3   Thumb Code    28  stm32f4xx_rcc.o(.text)
    RCC_SAIBlockACLKConfig                   0x080010bf   Thumb Code    20  stm32f4xx_rcc.o(.text)
    RCC_SAIBlockBCLKConfig                   0x080010d3   Thumb Code    20  stm32f4xx_rcc.o(.text)
    RCC_LTDCCLKDivConfig                     0x080010e7   Thumb Code    20  stm32f4xx_rcc.o(.text)
    RCC_TIMCLKPresConfig                     0x080010fb   Thumb Code     6  stm32f4xx_rcc.o(.text)
    RCC_AHB1PeriphClockCmd                   0x08001101   Thumb Code    34  stm32f4xx_rcc.o(.text)
    RCC_AHB2PeriphClockCmd                   0x08001123   Thumb Code    78  stm32f4xx_rcc.o(.text)
    RCC_AHB3PeriphClockCmd                   0x08001171   Thumb Code    34  stm32f4xx_rcc.o(.text)
    RCC_APB1PeriphClockCmd                   0x08001193   Thumb Code    34  stm32f4xx_rcc.o(.text)
    RCC_APB2PeriphClockCmd                   0x080011b5   Thumb Code    34  stm32f4xx_rcc.o(.text)
    RCC_AHB1PeriphResetCmd                   0x080011d7   Thumb Code    34  stm32f4xx_rcc.o(.text)
    RCC_AHB2PeriphResetCmd                   0x080011f9   Thumb Code    34  stm32f4xx_rcc.o(.text)
    RCC_AHB3PeriphResetCmd                   0x0800121b   Thumb Code    34  stm32f4xx_rcc.o(.text)
    RCC_APB1PeriphResetCmd                   0x0800123d   Thumb Code    34  stm32f4xx_rcc.o(.text)
    RCC_APB2PeriphResetCmd                   0x0800125f   Thumb Code    34  stm32f4xx_rcc.o(.text)
    RCC_AHB1PeriphClockLPModeCmd             0x08001281   Thumb Code    34  stm32f4xx_rcc.o(.text)
    RCC_AHB2PeriphClockLPModeCmd             0x080012a3   Thumb Code    34  stm32f4xx_rcc.o(.text)
    RCC_AHB3PeriphClockLPModeCmd             0x080012c5   Thumb Code    34  stm32f4xx_rcc.o(.text)
    RCC_APB1PeriphClockLPModeCmd             0x080012e7   Thumb Code    34  stm32f4xx_rcc.o(.text)
    RCC_APB2PeriphClockLPModeCmd             0x08001309   Thumb Code    34  stm32f4xx_rcc.o(.text)
    RCC_LSEModeConfig                        0x0800132b   Thumb Code    40  stm32f4xx_rcc.o(.text)
    RCC_ITConfig                             0x08001353   Thumb Code    34  stm32f4xx_rcc.o(.text)
    RCC_ClearFlag                            0x08001375   Thumb Code    18  stm32f4xx_rcc.o(.text)
    RCC_GetITStatus                          0x08001387   Thumb Code    22  stm32f4xx_rcc.o(.text)
    RCC_ClearITPendingBit                    0x0800139d   Thumb Code     8  stm32f4xx_rcc.o(.text)
    USART_DeInit                             0x080013a9   Thumb Code   206  stm32f4xx_usart.o(.text)
    USART_Init                               0x08001477   Thumb Code   204  stm32f4xx_usart.o(.text)
    USART_StructInit                         0x08001543   Thumb Code    24  stm32f4xx_usart.o(.text)
    USART_ClockInit                          0x0800155b   Thumb Code    32  stm32f4xx_usart.o(.text)
    USART_ClockStructInit                    0x0800157b   Thumb Code    12  stm32f4xx_usart.o(.text)
    USART_Cmd                                0x08001587   Thumb Code    24  stm32f4xx_usart.o(.text)
    USART_SetPrescaler                       0x0800159f   Thumb Code    16  stm32f4xx_usart.o(.text)
    USART_OverSampling8Cmd                   0x080015af   Thumb Code    22  stm32f4xx_usart.o(.text)
    USART_OneBitMethodCmd                    0x080015c5   Thumb Code    24  stm32f4xx_usart.o(.text)
    USART_SendData                           0x080015dd   Thumb Code     8  stm32f4xx_usart.o(.text)
    USART_ReceiveData                        0x080015e5   Thumb Code    10  stm32f4xx_usart.o(.text)
    USART_SetAddress                         0x080015ef   Thumb Code    18  stm32f4xx_usart.o(.text)
    USART_ReceiverWakeUpCmd                  0x08001601   Thumb Code    24  stm32f4xx_usart.o(.text)
    USART_WakeUpConfig                       0x08001619   Thumb Code    18  stm32f4xx_usart.o(.text)
    USART_LINBreakDetectLengthConfig         0x0800162b   Thumb Code    18  stm32f4xx_usart.o(.text)
    USART_LINCmd                             0x0800163d   Thumb Code    24  stm32f4xx_usart.o(.text)
    USART_SendBreak                          0x08001655   Thumb Code    10  stm32f4xx_usart.o(.text)
    USART_HalfDuplexCmd                      0x0800165f   Thumb Code    24  stm32f4xx_usart.o(.text)
    USART_SetGuardTime                       0x08001677   Thumb Code    16  stm32f4xx_usart.o(.text)
    USART_SmartCardCmd                       0x08001687   Thumb Code    24  stm32f4xx_usart.o(.text)
    USART_SmartCardNACKCmd                   0x0800169f   Thumb Code    24  stm32f4xx_usart.o(.text)
    USART_IrDAConfig                         0x080016b7   Thumb Code    18  stm32f4xx_usart.o(.text)
    USART_IrDACmd                            0x080016c9   Thumb Code    24  stm32f4xx_usart.o(.text)
    USART_DMACmd                             0x080016e1   Thumb Code    18  stm32f4xx_usart.o(.text)
    USART_ITConfig                           0x080016f3   Thumb Code    74  stm32f4xx_usart.o(.text)
    USART_GetFlagStatus                      0x0800173d   Thumb Code    26  stm32f4xx_usart.o(.text)
    USART_ClearFlag                          0x08001757   Thumb Code    18  stm32f4xx_usart.o(.text)
    USART_GetITStatus                        0x08001769   Thumb Code   118  stm32f4xx_usart.o(.text)
    USART_ClearITPendingBit                  0x080017df   Thumb Code    30  stm32f4xx_usart.o(.text)
    DMA_DeInit                               0x080017fd   Thumb Code   324  stm32f4xx_dma.o(.text)
    DMA_Init                                 0x08001941   Thumb Code    82  stm32f4xx_dma.o(.text)
    DMA_StructInit                           0x08001993   Thumb Code    34  stm32f4xx_dma.o(.text)
    DMA_Cmd                                  0x080019b5   Thumb Code    22  stm32f4xx_dma.o(.text)
    DMA_PeriphIncOffsetSizeConfig            0x080019cb   Thumb Code    22  stm32f4xx_dma.o(.text)
    DMA_FlowControllerConfig                 0x080019e1   Thumb Code    22  stm32f4xx_dma.o(.text)
    DMA_SetCurrDataCounter                   0x080019f7   Thumb Code     4  stm32f4xx_dma.o(.text)
    DMA_GetCurrDataCounter                   0x080019fb   Thumb Code     8  stm32f4xx_dma.o(.text)
    DMA_DoubleBufferModeConfig               0x08001a03   Thumb Code    24  stm32f4xx_dma.o(.text)
    DMA_DoubleBufferModeCmd                  0x08001a1b   Thumb Code    22  stm32f4xx_dma.o(.text)
    DMA_MemoryTargetConfig                   0x08001a31   Thumb Code    10  stm32f4xx_dma.o(.text)
    DMA_GetCurrentMemoryTarget               0x08001a3b   Thumb Code    20  stm32f4xx_dma.o(.text)
    DMA_GetCmdStatus                         0x08001a4f   Thumb Code    20  stm32f4xx_dma.o(.text)
    DMA_GetFIFOStatus                        0x08001a63   Thumb Code    12  stm32f4xx_dma.o(.text)
    DMA_GetFlagStatus                        0x08001a6f   Thumb Code    56  stm32f4xx_dma.o(.text)
    DMA_ClearFlag                            0x08001aa7   Thumb Code    40  stm32f4xx_dma.o(.text)
    DMA_ITConfig                             0x08001acf   Thumb Code    58  stm32f4xx_dma.o(.text)
    DMA_GetITStatus                          0x08001b09   Thumb Code    84  stm32f4xx_dma.o(.text)
    DMA_ClearITPendingBit                    0x08001b5d   Thumb Code    40  stm32f4xx_dma.o(.text)
    RNG_DeInit                               0x08001ba5   Thumb Code    20  stm32f4xx_rng.o(.text)
    RNG_Cmd                                  0x08001bb9   Thumb Code    30  stm32f4xx_rng.o(.text)
    RNG_GetRandomNumber                      0x08001bd7   Thumb Code     8  stm32f4xx_rng.o(.text)
    RNG_ITConfig                             0x08001bdf   Thumb Code    30  stm32f4xx_rng.o(.text)
    RNG_GetFlagStatus                        0x08001bfd   Thumb Code    22  stm32f4xx_rng.o(.text)
    RNG_ClearFlag                            0x08001c13   Thumb Code    12  stm32f4xx_rng.o(.text)
    RNG_GetITStatus                          0x08001c1f   Thumb Code    22  stm32f4xx_rng.o(.text)
    RNG_ClearITPendingBit                    0x08001c35   Thumb Code    12  stm32f4xx_rng.o(.text)
    OS_TaskStatStkChk                        0x08001c45   Thumb Code    54  os_core.o(.text)
    OS_TaskStat                              0x08001c7b   Thumb Code   116  os_core.o(.text)
    OS_TaskIdle                              0x08001d23   Thumb Code    34  os_core.o(.text)
    OS_MemClr                                0x08001d79   Thumb Code    18  os_core.o(.text)
    OSInit                                   0x08001e97   Thumb Code    48  os_core.o(.text)
    OSIntEnter                               0x08001ec7   Thumb Code    28  os_core.o(.text)
    OSIntExit                                0x08001efd   Thumb Code   112  os_core.o(.text)
    OSSchedLock                              0x08001f6d   Thumb Code    50  os_core.o(.text)
    OS_Sched                                 0x08001f9f   Thumb Code    88  os_core.o(.text)
    OSSchedUnlock                            0x08001ff7   Thumb Code   238  os_core.o(.text)
    OSStart                                  0x080020e5   Thumb Code    48  os_core.o(.text)
    OSStatInit                               0x08002115   Thumb Code    62  os_core.o(.text)
    OSTimeTick                               0x08002153   Thumb Code   210  os_core.o(.text)
    OSVersion                                0x08002225   Thumb Code     6  os_core.o(.text)
    OS_Dummy                                 0x0800222b   Thumb Code     2  os_core.o(.text)
    OS_EventTaskRemove                       0x0800222d   Thumb Code    42  os_core.o(.text)
    OS_EventTaskRdy                          0x08002257   Thumb Code   114  os_core.o(.text)
    OS_EventTaskWait                         0x080022c9   Thumb Code   112  os_core.o(.text)
    OS_EventWaitListInit                     0x08002339   Thumb Code    28  os_core.o(.text)
    OS_MemCopy                               0x08002355   Thumb Code    20  os_core.o(.text)
    OS_StrLen                                0x08002369   Thumb Code    20  os_core.o(.text)
    OS_TCBInit                               0x0800237d   Thumb Code   280  os_core.o(.text)
    OSFlagAccept                             0x080024d9   Thumb Code   252  os_flag.o(.text)
    OSFlagCreate                             0x080025d5   Thumb Code    86  os_flag.o(.text)
    OS_FlagUnlink                            0x0800262b   Thumb Code    36  os_flag.o(.text)
    OSFlagDel                                0x080026a1   Thumb Code   214  os_flag.o(.text)
    OSFlagNameGet                            0x08002777   Thumb Code    80  os_flag.o(.text)
    OSFlagNameSet                            0x080027c7   Thumb Code    66  os_flag.o(.text)
    OSFlagPend                               0x080028a1   Thumb Code   614  os_flag.o(.text)
    OSFlagPendGetFlagsRdy                    0x08002b07   Thumb Code    26  os_flag.o(.text)
    OSFlagPost                               0x08002b21   Thumb Code   312  os_flag.o(.text)
    OSFlagQuery                              0x08002c59   Thumb Code    48  os_flag.o(.text)
    OS_FlagInit                              0x08002c89   Thumb Code    78  os_flag.o(.text)
    OSMboxAccept                             0x08002ce5   Thumb Code    38  os_mbox.o(.text)
    OSMboxCreate                             0x08002d0b   Thumb Code    68  os_mbox.o(.text)
    OSMboxDel                                0x08002d4f   Thumb Code   200  os_mbox.o(.text)
    OSMboxPend                               0x08002e17   Thumb Code   246  os_mbox.o(.text)
    OSMboxPendAbort                          0x08002f0d   Thumb Code   128  os_mbox.o(.text)
    OSMboxPost                               0x08002f8d   Thumb Code    80  os_mbox.o(.text)
    OSMboxPostOpt                            0x08002fdd   Thumb Code   120  os_mbox.o(.text)
    OSMboxQuery                              0x08003055   Thumb Code    76  os_mbox.o(.text)
    OSQAccept                                0x080030b1   Thumb Code    88  os_q.o(.text)
    OSQCreate                                0x08003109   Thumb Code   140  os_q.o(.text)
    OSQDel                                   0x08003195   Thumb Code   236  os_q.o(.text)
    OSQFlush                                 0x08003281   Thumb Code    36  os_q.o(.text)
    OSQPend                                  0x080032a5   Thumb Code   272  os_q.o(.text)
    OSQPendAbort                             0x080033b5   Thumb Code   128  os_q.o(.text)
    OSQPost                                  0x08003435   Thumb Code   114  os_q.o(.text)
    OSQPostFront                             0x080034a7   Thumb Code   136  os_q.o(.text)
    OSQPostOpt                               0x0800352f   Thumb Code   182  os_q.o(.text)
    OSQQuery                                 0x080035e5   Thumb Code    98  os_q.o(.text)
    OS_QInit                                 0x08003647   Thumb Code    72  os_q.o(.text)
    OSSemAccept                              0x08003699   Thumb Code    42  os_sem.o(.text)
    OSSemCreate                              0x080036c3   Thumb Code    68  os_sem.o(.text)
    OSSemDel                                 0x08003707   Thumb Code   200  os_sem.o(.text)
    OSSemPend                                0x080037cf   Thumb Code   222  os_sem.o(.text)
    OSSemPendAbort                           0x080038ad   Thumb Code   128  os_sem.o(.text)
    OSSemPost                                0x0800392d   Thumb Code    88  os_sem.o(.text)
    OSSemQuery                               0x08003985   Thumb Code    76  os_sem.o(.text)
    OSSemSet                                 0x080039d1   Thumb Code    66  os_sem.o(.text)
    OSTaskChangePrio                         0x08003a25   Thumb Code   308  os_task.o(.text)
    OSTaskCreate                             0x08003b59   Thumb Code   148  os_task.o(.text)
    OS_TaskStkClr                            0x08003bed   Thumb Code    26  os_task.o(.text)
    OSTaskCreateExt                          0x08003c07   Thumb Code   170  os_task.o(.text)
    OSTaskDel                                0x08003cb1   Thumb Code   294  os_task.o(.text)
    OSTaskDelReq                             0x08003dd7   Thumb Code   144  os_task.o(.text)
    OSTaskNameGet                            0x08003e67   Thumb Code   114  os_task.o(.text)
    OSTaskNameSet                            0x08003ed9   Thumb Code    98  os_task.o(.text)
    OSTaskResume                             0x08003f3b   Thumb Code   154  os_task.o(.text)
    OSTaskStkChk                             0x08003fd5   Thumb Code   132  os_task.o(.text)
    OSTaskSuspend                            0x08004059   Thumb Code   152  os_task.o(.text)
    OSTaskQuery                              0x080040f1   Thumb Code    82  os_task.o(.text)
    OSTaskRegGet                             0x08004143   Thumb Code    60  os_task.o(.text)
    OSTaskRegSet                             0x0800417f   Thumb Code    62  os_task.o(.text)
    OS_TaskReturn                            0x080041bd   Thumb Code    18  os_task.o(.text)
    OSTimeDly                                0x080041e9   Thumb Code   100  os_time.o(.text)
    OSTimeDlyHMSM                            0x0800424d   Thumb Code    86  os_time.o(.text)
    OSTimeDlyResume                          0x080042a3   Thumb Code   168  os_time.o(.text)
    OSTimeGet                                0x0800434b   Thumb Code    24  os_time.o(.text)
    OSTimeSet                                0x08004363   Thumb Code    24  os_time.o(.text)
    OSTmrCreate                              0x080043cb   Thumb Code    96  os_tmr.o(.text)
    OSTmrDel                                 0x080044a3   Thumb Code   124  os_tmr.o(.text)
    OSTmrNameGet                             0x0800451f   Thumb Code   114  os_tmr.o(.text)
    OSTmrRemainGet                           0x08004591   Thumb Code   164  os_tmr.o(.text)
    OSTmrStateGet                            0x08004635   Thumb Code    86  os_tmr.o(.text)
    OSTmrStart                               0x080046ef   Thumb Code   128  os_tmr.o(.text)
    OSTmrStop                                0x0800476f   Thumb Code   210  os_tmr.o(.text)
    OSTmrSignal                              0x08004841   Thumb Code    16  os_tmr.o(.text)
    OSTmr_Init                               0x080048f5   Thumb Code   152  os_tmr.o(.text)
    OS_CPU_SR_Save                           0x080049cd   Thumb Code     0  os_cpu_a.o(.text)
    OS_CPU_SR_Restore                        0x080049d5   Thumb Code     0  os_cpu_a.o(.text)
    OSStartHighRdy                           0x080049db   Thumb Code     0  os_cpu_a.o(.text)
    OSCtxSw                                  0x080049ff   Thumb Code     0  os_cpu_a.o(.text)
    OSIntCtxSw                               0x08004a0d   Thumb Code     0  os_cpu_a.o(.text)
    PendSV_Handler                           0x08004a1d   Thumb Code     0  os_cpu_a.o(.text)
    OSInitHookBegin                          0x08004a95   Thumb Code     8  os_cpu_c.o(.text)
    OSInitHookEnd                            0x08004a9d   Thumb Code     2  os_cpu_c.o(.text)
    OSTaskCreateHook                         0x08004a9f   Thumb Code     2  os_cpu_c.o(.text)
    OSTaskDelHook                            0x08004aa1   Thumb Code     2  os_cpu_c.o(.text)
    OSTaskIdleHook                           0x08004aa3   Thumb Code     2  os_cpu_c.o(.text)
    OSTaskStatHook                           0x08004aa5   Thumb Code     2  os_cpu_c.o(.text)
    OSTaskStkInit                            0x08004aa7   Thumb Code   426  os_cpu_c.o(.text)
    OSTaskSwHook                             0x08004c51   Thumb Code     2  os_cpu_c.o(.text)
    OSTCBInitHook                            0x08004c53   Thumb Code     2  os_cpu_c.o(.text)
    OSTimeTickHook                           0x08004c55   Thumb Code    30  os_cpu_c.o(.text)
    OSTaskReturnHook                         0x08004c73   Thumb Code     2  os_cpu_c.o(.text)
    LED_Init                                 0x08004c7d   Thumb Code    42  led_fc.o(.text)
    LEDRGB                                   0x08004ca7   Thumb Code   116  led_fc.o(.text)
    LEDRGB_STATE                             0x08004d1b   Thumb Code    42  led_fc.o(.text)
    SysTick_Configuration                    0x08004d4d   Thumb Code    98  time.o(.text)
    micros                                   0x08004daf   Thumb Code    10  time.o(.text)
    GetSysTime_us                            0x08004db9   Thumb Code     8  time.o(.text)
    Delay_us                                 0x08004dc1   Thumb Code    12  time.o(.text)
    Delay_ms                                 0x08004dcd   Thumb Code    24  time.o(.text)
    Get_Cycle_T                              0x08004de5   Thumb Code   118  time.o(.text)
    Cycle_Time_Init                          0x08004e5b   Thumb Code    22  time.o(.text)
    Initial_Timer_SYS                        0x08004e71   Thumb Code    46  time.o(.text)
    MYDMA_Config                             0x08004eb1   Thumb Code   184  dma.o(.text)
    MYDMA_Enable                             0x08004f69   Thumb Code    44  dma.o(.text)
    RNG_Init                                 0x08004f99   Thumb Code    62  rng.o(.text)
    RNG_Get_RandomNum                        0x08004fd7   Thumb Code    20  rng.o(.text)
    RNG_Get_RandomRange                      0x08004feb   Thumb Code    26  rng.o(.text)
    Usart1_Init                              0x08005005   Thumb Code   218  usart_fc.o(.text)
    Usart2_Init                              0x080050df   Thumb Code   210  usart_fc.o(.text)
    Usart3_Init                              0x080051b1   Thumb Code   218  usart_fc.o(.text)
    Usart4_Init                              0x0800528b   Thumb Code   218  usart_fc.o(.text)
    Uart5_Init                               0x08005365   Thumb Code   244  usart_fc.o(.text)
    Uart6_Init                               0x08005459   Thumb Code   196  usart_fc.o(.text)
    UsartSend_LEG1                           0x0800551d   Thumb Code    28  usart_fc.o(.text)
    UsartSend_LEG2                           0x08005539   Thumb Code    28  usart_fc.o(.text)
    UsartSend_LEG3                           0x08005555   Thumb Code    28  usart_fc.o(.text)
    UsartSend_LEG4                           0x08005571   Thumb Code    28  usart_fc.o(.text)
    Send_LEG                                 0x080055db   Thumb Code  1518  usart_fc.o(.text)
    Data_LEG_CMD                             0x08005bc9   Thumb Code   706  usart_fc.o(.text)
    USART1_IRQHandler                        0x08005e8b   Thumb Code   330  usart_fc.o(.text)
    Data_LEG                                 0x08005fd5   Thumb Code   952  usart_fc.o(.text)
    USART2_IRQHandler                        0x0800638d   Thumb Code   340  usart_fc.o(.text)
    USART3_IRQHandler                        0x080064e1   Thumb Code   340  usart_fc.o(.text)
    UART4_IRQHandler                         0x08006635   Thumb Code   430  usart_fc.o(.text)
    UART5_IRQHandler                         0x080067e3   Thumb Code   330  usart_fc.o(.text)
    data_per_uart1                           0x0800692d   Thumb Code  1290  usart_fc.o(.text)
    GOL_LINK_TASK_DMA                        0x08006e37   Thumb Code    28  usart_fc.o(.text)
    clear_leg_uart                           0x08006e53   Thumb Code    26  usart_fc.o(.text)
    READ_LEG_ID                              0x08006e7d   Thumb Code     8  leg.o(.text)
    leg_init                                 0x08006e85   Thumb Code   622  leg.o(.text)
    pos_range_check                          0x080070f3   Thumb Code   170  leg.o(.text)
    cal_sita_from_pos                        0x0800719d   Thumb Code  2818  leg.o(.text)
    cal_pos_from_sita                        0x08007c9f   Thumb Code  1758  leg.o(.text)
    cal_pwm_from_sita                        0x0800837d   Thumb Code   284  leg.o(.text)
    curve_cal                                0x08008499   Thumb Code   394  leg.o(.text)
    cal_curve_from_pos                       0x08008623   Thumb Code  1530  leg.o(.text)
    cal_pos_tar_from_curve                   0x08008c1d   Thumb Code   146  leg.o(.text)
    leg_follow_curve                         0x08008caf   Thumb Code   182  leg.o(.text)
    cal_pos_tar_for_deng                     0x08008d65   Thumb Code   184  leg.o(.text)
    leg_ground_check                         0x08008e1d   Thumb Code    92  leg.o(.text)
    leg_publish                              0x08008e79   Thumb Code   412  leg.o(.text)
    leg_drive                                0x08009015   Thumb Code   364  leg.o(.text)
    barin_init                               0x08009199   Thumb Code   352  brain.o(.text)
    conver_legpos_to_barin                   0x080092f9   Thumb Code   174  brain.o(.text)
    estimate_center                          0x080093a7   Thumb Code    30  brain.o(.text)
    inTrig                                   0x080093c5   Thumb Code   360  brain.o(.text)
    segmentsIntr                             0x0800952d   Thumb Code   508  brain.o(.text)
    inTrig2                                  0x08009729   Thumb Code   368  brain.o(.text)
    find_closet_point                        0x080098b7   Thumb Code   720  brain.o(.text)
    find_leg_need_move                       0x08009b87   Thumb Code   858  brain.o(.text)
    check_leg_need_move                      0x08009ee1   Thumb Code  1062  brain.o(.text)
    cal_center_of_leg_ground                 0x0800a307   Thumb Code  1230  brain.o(.text)
    center_control                           0x0800a7d5   Thumb Code   176  brain.o(.text)
    leg_tar_est                              0x0800a885   Thumb Code  4092  brain.o(.text)
    get_leg_tar_trig                         0x0800b881   Thumb Code   390  brain.o(.text)
    cal_deng_from_spd                        0x0800ba07   Thumb Code   354  brain.o(.text)
    leg_task                                 0x0800bb69   Thumb Code   198  brain.o(.text)
    my_abs                                   0x0800bc49   Thumb Code    26  my_math.o(.text)
    fast_atan2                               0x0800bc63   Thumb Code   350  my_math.o(.text)
    my_atan                                  0x0800bdc1   Thumb Code    24  my_math.o(.text)
    my_pow                                   0x0800bdd9   Thumb Code    10  my_math.o(.text)
    my_sqrt                                  0x0800bde3   Thumb Code    88  my_math.o(.text)
    mx_sin                                   0x0800be3b   Thumb Code   292  my_math.o(.text)
    my_sin                                   0x0800bf5f   Thumb Code   108  my_math.o(.text)
    my_cos                                   0x0800bfcb   Thumb Code   136  my_math.o(.text)
    my_deathzoom                             0x0800c053   Thumb Code   158  my_math.o(.text)
    my_deathzoom_2                           0x0800c0f1   Thumb Code    40  my_math.o(.text)
    limit_mine                               0x0800c119   Thumb Code    40  my_math.o(.text)
    limit_mine2                              0x0800c141   Thumb Code    36  my_math.o(.text)
    To_180_degrees                           0x0800c165   Thumb Code    58  my_math.o(.text)
    my_pow_2_curve                           0x0800c19f   Thumb Code    80  my_math.o(.text)
    __aeabi_memcpy4                          0x0800c1fd   Thumb Code     0  rt_memcpy_w.o(.text)
    __aeabi_memcpy8                          0x0800c1fd   Thumb Code     0  rt_memcpy_w.o(.text)
    __rt_memcpy_w                            0x0800c1fd   Thumb Code   100  rt_memcpy_w.o(.text)
    _memcpy_lastbytes_aligned                0x0800c245   Thumb Code     0  rt_memcpy_w.o(.text)
    __aeabi_memclr4                          0x0800c261   Thumb Code     0  rt_memclr_w.o(.text)
    __aeabi_memclr8                          0x0800c261   Thumb Code     0  rt_memclr_w.o(.text)
    __rt_memclr_w                            0x0800c261   Thumb Code    78  rt_memclr_w.o(.text)
    _memset_w                                0x0800c265   Thumb Code     0  rt_memclr_w.o(.text)
    __use_two_region_memory                  0x0800c2af   Thumb Code     2  heapauxi.o(.text)
    __rt_heap_escrow$2region                 0x0800c2b1   Thumb Code     2  heapauxi.o(.text)
    __rt_heap_expand$2region                 0x0800c2b3   Thumb Code     2  heapauxi.o(.text)
    __read_errno                             0x0800c2b5   Thumb Code    10  _rserrno.o(.text)
    __set_errno                              0x0800c2bf   Thumb Code    12  _rserrno.o(.text)
    __aeabi_errno_addr                       0x0800c2cd   Thumb Code     8  rt_errno_addr_intlibspace.o(.text)
    __errno$intlibspace                      0x0800c2cd   Thumb Code     0  rt_errno_addr_intlibspace.o(.text)
    __rt_errno_addr$intlibspace              0x0800c2cd   Thumb Code     0  rt_errno_addr_intlibspace.o(.text)
    __user_libspace                          0x0800c2d5   Thumb Code     8  libspace.o(.text)
    __user_perproc_libspace                  0x0800c2d5   Thumb Code     0  libspace.o(.text)
    __user_perthread_libspace                0x0800c2d5   Thumb Code     0  libspace.o(.text)
    __user_setup_stackheap                   0x0800c2dd   Thumb Code    74  sys_stackheap_outer.o(.text)
    exit                                     0x0800c327   Thumb Code    18  exit.o(.text)
    _sys_exit                                0x0800c339   Thumb Code     8  sys_exit.o(.text)
    __I$use$semihosting                      0x0800c345   Thumb Code     0  use_no_semi.o(.text)
    __use_no_semihosting_swi                 0x0800c345   Thumb Code     2  use_no_semi.o(.text)
    __ARM_fpclassify                         0x0800c347   Thumb Code    48  fpclassify.o(i.__ARM_fpclassify)
    __semihosting_library_function           0x0800c347   Thumb Code     0  indicate_semi.o(.text)
    __hardfp_acos                            0x0800c379   Thumb Code   738  acos.o(i.__hardfp_acos)
    __hardfp_cos                             0x0800c6d1   Thumb Code   180  cos.o(i.__hardfp_cos)
    __hardfp_fabs                            0x0800c799   Thumb Code    20  fabs.o(i.__hardfp_fabs)
    __hardfp_pow                             0x0800c7b1   Thumb Code  3072  pow.o(i.__hardfp_pow)
    __hardfp_sin                             0x0800d401   Thumb Code   180  sin.o(i.__hardfp_sin)
    __hardfp_sqrt                            0x0800d4c9   Thumb Code   122  sqrt.o(i.__hardfp_sqrt)
    __ieee754_rem_pio2                       0x0800d549   Thumb Code   938  rred.o(i.__ieee754_rem_pio2)
    __kernel_cos                             0x0800d981   Thumb Code   322  cos_i.o(i.__kernel_cos)
    __kernel_poly                            0x0800daf1   Thumb Code   248  poly.o(i.__kernel_poly)
    __kernel_sin                             0x0800dbe9   Thumb Code   280  sin_i.o(i.__kernel_sin)
    __mathlib_dbl_divzero                    0x0800dd19   Thumb Code    28  dunder.o(i.__mathlib_dbl_divzero)
    __mathlib_dbl_infnan                     0x0800dd49   Thumb Code    20  dunder.o(i.__mathlib_dbl_infnan)
    __mathlib_dbl_infnan2                    0x0800dd5d   Thumb Code    20  dunder.o(i.__mathlib_dbl_infnan2)
    __mathlib_dbl_invalid                    0x0800dd71   Thumb Code    24  dunder.o(i.__mathlib_dbl_invalid)
    __mathlib_dbl_overflow                   0x0800dd91   Thumb Code    24  dunder.o(i.__mathlib_dbl_overflow)
    __mathlib_dbl_underflow                  0x0800ddb1   Thumb Code    24  dunder.o(i.__mathlib_dbl_underflow)
    fabs                                     0x0800ddd1   Thumb Code    24  fabs.o(i.fabs)
    sqrt                                     0x0800dde9   Thumb Code   110  sqrt.o(i.sqrt)
    __aeabi_dneg                             0x0800de57   Thumb Code     0  basic.o(x$fpl$basic)
    _dneg                                    0x0800de57   Thumb Code     6  basic.o(x$fpl$basic)
    __aeabi_fneg                             0x0800de5d   Thumb Code     0  basic.o(x$fpl$basic)
    _fneg                                    0x0800de5d   Thumb Code     6  basic.o(x$fpl$basic)
    _dabs                                    0x0800de63   Thumb Code     6  basic.o(x$fpl$basic)
    _fabs                                    0x0800de69   Thumb Code     6  basic.o(x$fpl$basic)
    __aeabi_d2f                              0x0800de71   Thumb Code     0  d2f.o(x$fpl$d2f)
    _d2f                                     0x0800de71   Thumb Code    98  d2f.o(x$fpl$d2f)
    __aeabi_dadd                             0x0800ded5   Thumb Code     0  daddsub_clz.o(x$fpl$dadd)
    _dadd                                    0x0800ded5   Thumb Code   332  daddsub_clz.o(x$fpl$dadd)
    __fpl_dcheck_NaN1                        0x0800e025   Thumb Code    10  dcheck1.o(x$fpl$dcheck1)
    __fpl_dcmp_Inf                           0x0800e035   Thumb Code    24  dcmpi.o(x$fpl$dcmpinf)
    __aeabi_ddiv                             0x0800e04d   Thumb Code     0  ddiv.o(x$fpl$ddiv)
    _ddiv                                    0x0800e04d   Thumb Code   552  ddiv.o(x$fpl$ddiv)
    __aeabi_d2iz                             0x0800e2fd   Thumb Code     0  dfix.o(x$fpl$dfix)
    _dfix                                    0x0800e2fd   Thumb Code    94  dfix.o(x$fpl$dfix)
    __aeabi_i2d                              0x0800e35b   Thumb Code     0  dflt_clz.o(x$fpl$dflt)
    _dflt                                    0x0800e35b   Thumb Code    46  dflt_clz.o(x$fpl$dflt)
    __aeabi_ui2d                             0x0800e389   Thumb Code     0  dflt_clz.o(x$fpl$dfltu)
    _dfltu                                   0x0800e389   Thumb Code    38  dflt_clz.o(x$fpl$dfltu)
    __aeabi_cdcmple                          0x0800e3b1   Thumb Code     0  dleqf.o(x$fpl$dleqf)
    _dcmple                                  0x0800e3b1   Thumb Code   120  dleqf.o(x$fpl$dleqf)
    __fpl_dcmple_InfNaN                      0x0800e413   Thumb Code     0  dleqf.o(x$fpl$dleqf)
    __aeabi_dmul                             0x0800e429   Thumb Code     0  dmul.o(x$fpl$dmul)
    _dmul                                    0x0800e429   Thumb Code   332  dmul.o(x$fpl$dmul)
    __fpl_dnaninf                            0x0800e57d   Thumb Code   156  dnaninf.o(x$fpl$dnaninf)
    __fpl_dretinf                            0x0800e619   Thumb Code    12  dretinf.o(x$fpl$dretinf)
    __aeabi_cdrcmple                         0x0800e625   Thumb Code     0  drleqf.o(x$fpl$drleqf)
    _drcmple                                 0x0800e625   Thumb Code   108  drleqf.o(x$fpl$drleqf)
    __aeabi_drsub                            0x0800e691   Thumb Code     0  daddsub_clz.o(x$fpl$drsb)
    _drsb                                    0x0800e691   Thumb Code    22  daddsub_clz.o(x$fpl$drsb)
    _dsqrt                                   0x0800e6a9   Thumb Code   404  dsqrt_umaal.o(x$fpl$dsqrt)
    __aeabi_dsub                             0x0800e841   Thumb Code     0  daddsub_clz.o(x$fpl$dsub)
    _dsub                                    0x0800e841   Thumb Code   464  daddsub_clz.o(x$fpl$dsub)
    __aeabi_f2d                              0x0800ea15   Thumb Code     0  f2d.o(x$fpl$f2d)
    _f2d                                     0x0800ea15   Thumb Code    86  f2d.o(x$fpl$f2d)
    __fpl_fnaninf                            0x0800ea6b   Thumb Code   140  fnaninf.o(x$fpl$fnaninf)
    _fp_init                                 0x0800eaf7   Thumb Code    10  fpinit.o(x$fpl$fpinit)
    __fplib_config_fpu_vfp                   0x0800eaff   Thumb Code     0  fpinit.o(x$fpl$fpinit)
    __fplib_config_pureend_doubles           0x0800eaff   Thumb Code     0  fpinit.o(x$fpl$fpinit)
    __fpl_fretinf                            0x0800eb01   Thumb Code    10  fretinf.o(x$fpl$fretinf)
    __fpl_return_NaN                         0x0800eb0b   Thumb Code   100  retnan.o(x$fpl$retnan)
    __ARM_scalbn                             0x0800eb6f   Thumb Code    92  scalbn.o(x$fpl$scalbn)
    __fpl_cmpreturn                          0x0800ebcb   Thumb Code    48  trapv.o(x$fpl$trapveneer)
    OSUnMapTbl                               0x0800ebfa   Data         256  os_core.o(.constdata)
    __I$use$fp                               0x0800ebfa   Number         0  usenofp.o(x$fpl$usenofp)
    __mathlib_zero                           0x0800ee58   Data           8  qnan.o(.constdata)
    Region$$Table$$Base                      0x0800ef50   Number         0  anon$$obj.o(Region$$Table)
    Region$$Table$$Limit                     0x0800ef70   Number         0  anon$$obj.o(Region$$Table)
    test                                     0x20000000   Data          20  ucos_task.o(.data)
    UART_UP_LOAD_SEL                         0x20000014   Data           1  ucos_task.o(.data)
    state_v_test                             0x20000015   Data           1  ucos_task.o(.data)
    num_need_to_check                        0x20000016   Data           1  ucos_task.o(.data)
    tmr1                                     0x20000018   Data           4  ucos_task.o(.data)
    tmr2                                     0x2000001c   Data           4  ucos_task.o(.data)
    tmr3                                     0x20000020   Data           4  ucos_task.o(.data)
    cpuusage                                 0x20000024   Data           2  ucos_task.o(.data)
    msg_key                                  0x2000003c   Data           4  main.o(.data)
    q_msg                                    0x20000040   Data           4  main.o(.data)
    flags_key                                0x20000044   Data           4  main.o(.data)
    en_read                                  0x20000048   Data           1  main.o(.data)
    SystemCoreClock                          0x2000004c   Data           4  system_stm32f4xx.o(.data)
    AHBPrescTable                            0x20000050   Data          16  system_stm32f4xx.o(.data)
    OSCtxSwCtr                               0x20000074   Data           4  os_core.o(.data)
    OSEventFreeList                          0x20000078   Data           4  os_core.o(.data)
    OSFlagFreeList                           0x2000007c   Data           4  os_core.o(.data)
    OSCPUUsage                               0x20000080   Data           1  os_core.o(.data)
    OSIdleCtrMax                             0x20000084   Data           4  os_core.o(.data)
    OSIdleCtrRun                             0x20000088   Data           4  os_core.o(.data)
    OSStatRdy                                0x2000008c   Data           1  os_core.o(.data)
    OSIntNesting                             0x2000008d   Data           1  os_core.o(.data)
    OSLockNesting                            0x2000008e   Data           1  os_core.o(.data)
    OSPrioCur                                0x2000008f   Data           1  os_core.o(.data)
    OSPrioHighRdy                            0x20000090   Data           1  os_core.o(.data)
    OSRdyGrp                                 0x20000091   Data           1  os_core.o(.data)
    OSRdyTbl                                 0x20000092   Data           8  os_core.o(.data)
    OSRunning                                0x2000009a   Data           1  os_core.o(.data)
    OSTaskCtr                                0x2000009b   Data           1  os_core.o(.data)
    OSIdleCtr                                0x2000009c   Data           4  os_core.o(.data)
    OSTCBCur                                 0x200000a0   Data           4  os_core.o(.data)
    OSTCBFreeList                            0x200000a4   Data           4  os_core.o(.data)
    OSTCBHighRdy                             0x200000a8   Data           4  os_core.o(.data)
    OSTCBList                                0x200000ac   Data           4  os_core.o(.data)
    OSTickStepState                          0x200000b0   Data           1  os_core.o(.data)
    OSQFreeList                              0x200000b4   Data           4  os_core.o(.data)
    OSTime                                   0x200000b8   Data           4  os_core.o(.data)
    OSTmrFree                                0x200000bc   Data           2  os_core.o(.data)
    OSTmrUsed                                0x200000be   Data           2  os_core.o(.data)
    OSTmrTime                                0x200000c0   Data           4  os_core.o(.data)
    OSTmrSem                                 0x200000c4   Data           4  os_core.o(.data)
    OSTmrSemSignal                           0x200000c8   Data           4  os_core.o(.data)
    OSTmrFreeList                            0x200000cc   Data           4  os_core.o(.data)
    OSInterrputSum                           0x200000d0   Data           4  os_cpu_c.o(.data)
    TxCounter1                               0x200000da   Data           1  usart_fc.o(.data)
    count1                                   0x200000db   Data           1  usart_fc.o(.data)
    RxState1                                 0x200000dc   Data           1  usart_fc.o(.data)
    RxBufferNum1                             0x200000dd   Data           1  usart_fc.o(.data)
    RxBufferCnt1                             0x200000de   Data           1  usart_fc.o(.data)
    RxLen1                                   0x200000df   Data           1  usart_fc.o(.data)
    set1                                     0x200000e2   Data           1  usart_fc.o(.data)
    TxCounter2                               0x200000e3   Data           1  usart_fc.o(.data)
    count2                                   0x200000e4   Data           1  usart_fc.o(.data)
    RxState2                                 0x200000e5   Data           1  usart_fc.o(.data)
    RxBufferNum2                             0x200000e6   Data           1  usart_fc.o(.data)
    RxBufferCnt2                             0x200000e7   Data           1  usart_fc.o(.data)
    RxLen2                                   0x200000e8   Data           1  usart_fc.o(.data)
    TxCounter3                               0x200000eb   Data           1  usart_fc.o(.data)
    count3                                   0x200000ec   Data           1  usart_fc.o(.data)
    RxState3                                 0x200000ed   Data           1  usart_fc.o(.data)
    RxBufferNum3                             0x200000ee   Data           1  usart_fc.o(.data)
    RxBufferCnt3                             0x200000ef   Data           1  usart_fc.o(.data)
    RxLen3                                   0x200000f0   Data           1  usart_fc.o(.data)
    TxCounter4                               0x200000f3   Data           1  usart_fc.o(.data)
    count4                                   0x200000f4   Data           1  usart_fc.o(.data)
    RxState4                                 0x200000f5   Data           1  usart_fc.o(.data)
    RxBufferNum4                             0x200000f6   Data           1  usart_fc.o(.data)
    RxBufferCnt4                             0x200000f7   Data           1  usart_fc.o(.data)
    RxLen4                                   0x200000f8   Data           1  usart_fc.o(.data)
    TxCounter5                               0x200000fb   Data           1  usart_fc.o(.data)
    count5                                   0x200000fc   Data           1  usart_fc.o(.data)
    RxState5                                 0x200000fd   Data           1  usart_fc.o(.data)
    RxBufferNum5                             0x200000fe   Data           1  usart_fc.o(.data)
    RxBufferCnt5                             0x200000ff   Data           1  usart_fc.o(.data)
    RxLen5                                   0x20000100   Data           1  usart_fc.o(.data)
    leg_uart_cnt                             0x20000104   Data           2  usart_fc.o(.data)
    line_test                                0x20000110   Data           4  leg.o(.data)
    force_test_mode                          0x20000114   Data           1  leg.o(.data)
    center_control_out                       0x20000130   Data           8  brain.o(.data)
    k_center_c                               0x20000138   Data           8  brain.o(.data)
    trig_list                                0x20000140   Data           5  brain.o(.data)
    trig_list_ero                            0x20000145   Data           5  brain.o(.data)
    trig_list_ero2                           0x2000014a   Data           5  brain.o(.data)
    test112                                  0x2000014f   Data           1  brain.o(.data)
    move_off                                 0x20000150   Data           8  brain.o(.data)
    fast_atan_table                          0x20000164   Data        1028  my_math.o(.data)
    leg_dt                                   0x20000568   Data          20  ucos_task.o(.bss)
    LEG1_TASK_STK                            0x2000057c   Data        1024  ucos_task.o(.bss)
    LEG2_TASK_STK                            0x2000097c   Data        1024  ucos_task.o(.bss)
    LEG3_TASK_STK                            0x20000d7c   Data        1024  ucos_task.o(.bss)
    LEG4_TASK_STK                            0x2000117c   Data        1024  ucos_task.o(.bss)
    BRAIN_TASK_STK                           0x2000157c   Data        1024  ucos_task.o(.bss)
    UART_TASK_STK                            0x2000197c   Data         512  ucos_task.o(.bss)
    START_TASK_STK                           0x20001b7c   Data         256  main.o(.bss)
    MsgGrp                                   0x20001c7c   Data        1024  main.o(.bss)
    OSEventTbl                               0x2000207c   Data         200  os_core.o(.bss)
    OSFlagTbl                                0x20002144   Data          80  os_core.o(.bss)
    OSTaskStatStk                            0x20002194   Data         512  os_core.o(.bss)
    OSTaskIdleStk                            0x20002394   Data         512  os_core.o(.bss)
    OSTCBPrioTbl                             0x20002594   Data         256  os_core.o(.bss)
    OSTCBTbl                                 0x20002694   Data        1848  os_core.o(.bss)
    OSQTbl                                   0x20002dcc   Data         120  os_core.o(.bss)
    OSTmrTbl                                 0x20002e44   Data         640  os_core.o(.bss)
    OSTmrTaskStk                             0x200030c4   Data         512  os_core.o(.bss)
    OSTmrWheelTbl                            0x200032c4   Data          64  os_core.o(.bss)
    Cycle_T                                  0x20003304   Data         180  time.o(.bss)
    TxBuffer1                                0x200033b8   Data         256  usart_fc.o(.bss)
    Rx_Buf1                                  0x200034b8   Data         256  usart_fc.o(.bss)
    RxBuffer1                                0x200035b8   Data          50  usart_fc.o(.bss)
    TxBuffer2                                0x200035ea   Data         256  usart_fc.o(.bss)
    Rx_Buf2                                  0x200036ea   Data         256  usart_fc.o(.bss)
    RxBuffer2                                0x200037ea   Data          50  usart_fc.o(.bss)
    TxBuffer3                                0x2000381c   Data         256  usart_fc.o(.bss)
    Rx_Buf3                                  0x2000391c   Data         256  usart_fc.o(.bss)
    RxBuffer3                                0x20003a1c   Data          50  usart_fc.o(.bss)
    TxBuffer4                                0x20003a4e   Data         256  usart_fc.o(.bss)
    Rx_Buf4                                  0x20003b4e   Data         256  usart_fc.o(.bss)
    RxBuffer4                                0x20003c4e   Data          50  usart_fc.o(.bss)
    TxBuffer5                                0x20003c80   Data         256  usart_fc.o(.bss)
    Rx_Buf5                                  0x20003d80   Data         256  usart_fc.o(.bss)
    RxBuffer5                                0x20003e80   Data          50  usart_fc.o(.bss)
    SendBuff1                                0x20003eb2   Data         256  usart_fc.o(.bss)
    SendBuff3                                0x20003fb2   Data          32  usart_fc.o(.bss)
    leg                                      0x20003fe8   Data        2300  leg.o(.bss)
    brain                                    0x200048e8   Data         336  leg.o(.bss)
    c0                                       0x20004a38   Data          12  leg.o(.bss)
    c3                                       0x20004a44   Data          12  leg.o(.bss)
    c4                                       0x20004a50   Data          12  leg.o(.bss)
    c5                                       0x20004a5c   Data          12  leg.o(.bss)
    c6                                       0x20004a68   Data          12  leg.o(.bss)
    sita_test                                0x20004a74   Data          12  leg.o(.bss)
    __libspace_start                         0x20004a80   Data          96  libspace.o(.bss)
    __temporary_stack_top$libspace           0x20004ae0   Data           0  libspace.o(.bss)



==============================================================================

Memory Map of the image

  Image Entry point : 0x08000189

  Load Region LR_IROM1 (Base: 0x08000000, Size: 0x0000f4d8, Max: 0x00100000, ABSOLUTE, COMPRESSED[0x0000f3a4])

    Execution Region ER_IROM1 (Base: 0x08000000, Size: 0x0000ef70, Max: 0x00100000, ABSOLUTE)

    Base Addr    Size         Type   Attr      Idx    E Section Name        Object

    0x08000000   0x00000188   Data   RO          418    RESET               startup_stm32f40_41xxx.o
    0x08000188   0x00000008   Code   RO         1257  * !!!main             c_w.l(__main.o)
    0x08000190   0x00000034   Code   RO         1579    !!!scatter          c_w.l(__scatter.o)
    0x080001c4   0x0000005a   Code   RO         1577    !!dczerorl2         c_w.l(__dczerorl2.o)
    0x0800021e   0x00000002   PAD
    0x08000220   0x0000001c   Code   RO         1581    !!handler_zi        c_w.l(__scatter_zi.o)
    0x0800023c   0x00000002   Code   RO         1446    .ARM.Collect$$libinit$$00000000  c_w.l(libinit.o)
    0x0800023e   0x00000004   Code   RO         1451    .ARM.Collect$$libinit$$00000001  c_w.l(libinit2.o)
    0x08000242   0x00000000   Code   RO         1454    .ARM.Collect$$libinit$$00000004  c_w.l(libinit2.o)
    0x08000242   0x00000000   Code   RO         1457    .ARM.Collect$$libinit$$0000000A  c_w.l(libinit2.o)
    0x08000242   0x00000000   Code   RO         1459    .ARM.Collect$$libinit$$0000000C  c_w.l(libinit2.o)
    0x08000242   0x00000000   Code   RO         1461    .ARM.Collect$$libinit$$0000000E  c_w.l(libinit2.o)
    0x08000242   0x00000000   Code   RO         1464    .ARM.Collect$$libinit$$00000011  c_w.l(libinit2.o)
    0x08000242   0x00000000   Code   RO         1466    .ARM.Collect$$libinit$$00000013  c_w.l(libinit2.o)
    0x08000242   0x00000000   Code   RO         1468    .ARM.Collect$$libinit$$00000015  c_w.l(libinit2.o)
    0x08000242   0x00000000   Code   RO         1470    .ARM.Collect$$libinit$$00000017  c_w.l(libinit2.o)
    0x08000242   0x00000000   Code   RO         1472    .ARM.Collect$$libinit$$00000019  c_w.l(libinit2.o)
    0x08000242   0x00000000   Code   RO         1474    .ARM.Collect$$libinit$$0000001B  c_w.l(libinit2.o)
    0x08000242   0x00000000   Code   RO         1476    .ARM.Collect$$libinit$$0000001D  c_w.l(libinit2.o)
    0x08000242   0x00000000   Code   RO         1478    .ARM.Collect$$libinit$$0000001F  c_w.l(libinit2.o)
    0x08000242   0x00000000   Code   RO         1480    .ARM.Collect$$libinit$$00000021  c_w.l(libinit2.o)
    0x08000242   0x00000000   Code   RO         1482    .ARM.Collect$$libinit$$00000023  c_w.l(libinit2.o)
    0x08000242   0x00000000   Code   RO         1484    .ARM.Collect$$libinit$$00000025  c_w.l(libinit2.o)
    0x08000242   0x00000000   Code   RO         1488    .ARM.Collect$$libinit$$0000002C  c_w.l(libinit2.o)
    0x08000242   0x00000000   Code   RO         1490    .ARM.Collect$$libinit$$0000002E  c_w.l(libinit2.o)
    0x08000242   0x00000000   Code   RO         1492    .ARM.Collect$$libinit$$00000030  c_w.l(libinit2.o)
    0x08000242   0x00000000   Code   RO         1494    .ARM.Collect$$libinit$$00000032  c_w.l(libinit2.o)
    0x08000242   0x00000002   Code   RO         1495    .ARM.Collect$$libinit$$00000033  c_w.l(libinit2.o)
    0x08000244   0x00000002   Code   RO         1517    .ARM.Collect$$libshutdown$$00000000  c_w.l(libshutdown.o)
    0x08000246   0x00000000   Code   RO         1530    .ARM.Collect$$libshutdown$$00000002  c_w.l(libshutdown2.o)
    0x08000246   0x00000000   Code   RO         1532    .ARM.Collect$$libshutdown$$00000004  c_w.l(libshutdown2.o)
    0x08000246   0x00000000   Code   RO         1535    .ARM.Collect$$libshutdown$$00000007  c_w.l(libshutdown2.o)
    0x08000246   0x00000000   Code   RO         1538    .ARM.Collect$$libshutdown$$0000000A  c_w.l(libshutdown2.o)
    0x08000246   0x00000000   Code   RO         1540    .ARM.Collect$$libshutdown$$0000000C  c_w.l(libshutdown2.o)
    0x08000246   0x00000000   Code   RO         1543    .ARM.Collect$$libshutdown$$0000000F  c_w.l(libshutdown2.o)
    0x08000246   0x00000002   Code   RO         1544    .ARM.Collect$$libshutdown$$00000010  c_w.l(libshutdown2.o)
    0x08000248   0x00000000   Code   RO         1357    .ARM.Collect$$rtentry$$00000000  c_w.l(__rtentry.o)
    0x08000248   0x00000000   Code   RO         1409    .ARM.Collect$$rtentry$$00000002  c_w.l(__rtentry2.o)
    0x08000248   0x00000006   Code   RO         1421    .ARM.Collect$$rtentry$$00000004  c_w.l(__rtentry4.o)
    0x0800024e   0x00000000   Code   RO         1411    .ARM.Collect$$rtentry$$00000009  c_w.l(__rtentry2.o)
    0x0800024e   0x00000004   Code   RO         1412    .ARM.Collect$$rtentry$$0000000A  c_w.l(__rtentry2.o)
    0x08000252   0x00000000   Code   RO         1414    .ARM.Collect$$rtentry$$0000000C  c_w.l(__rtentry2.o)
    0x08000252   0x00000008   Code   RO         1415    .ARM.Collect$$rtentry$$0000000D  c_w.l(__rtentry2.o)
    0x0800025a   0x00000002   Code   RO         1449    .ARM.Collect$$rtexit$$00000000  c_w.l(rtexit.o)
    0x0800025c   0x00000000   Code   RO         1499    .ARM.Collect$$rtexit$$00000002  c_w.l(rtexit2.o)
    0x0800025c   0x00000004   Code   RO         1500    .ARM.Collect$$rtexit$$00000003  c_w.l(rtexit2.o)
    0x08000260   0x00000006   Code   RO         1501    .ARM.Collect$$rtexit$$00000004  c_w.l(rtexit2.o)
    0x08000266   0x00000002   PAD
    0x08000268   0x000001e8   Code   RO            3    .text               ucos_task.o
    0x08000450   0x00000218   Code   RO          311    .text               main.o
    0x08000668   0x00000016   Code   RO          343    .text               stm32f4xx_it.o
    0x0800067e   0x00000002   PAD
    0x08000680   0x00000210   Code   RO          392    .text               system_stm32f4xx.o
    0x08000890   0x00000040   Code   RO          419    .text               startup_stm32f40_41xxx.o
    0x080008d0   0x00000108   Code   RO          425    .text               delay.o
    0x080009d8   0x000000e0   Code   RO          465    .text               misc.o
    0x08000ab8   0x00000294   Code   RO          485    .text               stm32f4xx_gpio.o
    0x08000d4c   0x0000065c   Code   RO          528    .text               stm32f4xx_rcc.o
    0x080013a8   0x00000454   Code   RO          570    .text               stm32f4xx_usart.o
    0x080017fc   0x000003a8   Code   RO          690    .text               stm32f4xx_dma.o
    0x08001ba4   0x000000a0   Code   RO          710    .text               stm32f4xx_rng.o
    0x08001c44   0x00000894   Code   RO          730    .text               os_core.o
    0x080024d8   0x0000080c   Code   RO          758    .text               os_flag.o
    0x08002ce4   0x000003cc   Code   RO          778    .text               os_mbox.o
    0x080030b0   0x000005e8   Code   RO          832    .text               os_q.o
    0x08003698   0x0000038c   Code   RO          852    .text               os_sem.o
    0x08003a24   0x000007c4   Code   RO          872    .text               os_task.o
    0x080041e8   0x000001b0   Code   RO          892    .text               os_time.o
    0x08004398   0x00000634   Code   RO          912    .text               os_tmr.o
    0x080049cc   0x000000c8   Code   RO          930    .text               os_cpu_a.o
    0x08004a94   0x000001e8   Code   RO          935    .text               os_cpu_c.o
    0x08004c7c   0x000000d0   Code   RO          995    .text               led_fc.o
    0x08004d4c   0x00000164   Code   RO         1049    .text               time.o
    0x08004eb0   0x000000e8   Code   RO         1080    .text               dma.o
    0x08004f98   0x0000006c   Code   RO         1100    .text               rng.o
    0x08005004   0x00001e78   Code   RO         1120    .text               usart_fc.o
    0x08006e7c   0x0000231c   Code   RO         1148    .text               leg.o
    0x08009198   0x00002ab0   Code   RO         1179    .text               brain.o
    0x0800bc48   0x000005b4   Code   RO         1228    .text               my_math.o
    0x0800c1fc   0x00000064   Code   RO         1251    .text               c_w.l(rt_memcpy_w.o)
    0x0800c260   0x0000004e   Code   RO         1253    .text               c_w.l(rt_memclr_w.o)
    0x0800c2ae   0x00000006   Code   RO         1255    .text               c_w.l(heapauxi.o)
    0x0800c2b4   0x00000016   Code   RO         1358    .text               c_w.l(_rserrno.o)
    0x0800c2ca   0x00000002   PAD
    0x0800c2cc   0x00000008   Code   RO         1426    .text               c_w.l(rt_errno_addr_intlibspace.o)
    0x0800c2d4   0x00000008   Code   RO         1434    .text               c_w.l(libspace.o)
    0x0800c2dc   0x0000004a   Code   RO         1437    .text               c_w.l(sys_stackheap_outer.o)
    0x0800c326   0x00000012   Code   RO         1439    .text               c_w.l(exit.o)
    0x0800c338   0x0000000c   Code   RO         1509    .text               c_w.l(sys_exit.o)
    0x0800c344   0x00000002   Code   RO         1520    .text               c_w.l(use_no_semi.o)
    0x0800c346   0x00000000   Code   RO         1522    .text               c_w.l(indicate_semi.o)
    0x0800c346   0x00000030   Code   RO         1392    i.__ARM_fpclassify  m_wm.l(fpclassify.o)
    0x0800c376   0x00000002   PAD
    0x0800c378   0x00000358   Code   RO         1287    i.__hardfp_acos     m_wm.l(acos.o)
    0x0800c6d0   0x000000c8   Code   RO         1301    i.__hardfp_cos      m_wm.l(cos.o)
    0x0800c798   0x00000014   Code   RO         1313    i.__hardfp_fabs     m_wm.l(fabs.o)
    0x0800c7ac   0x00000004   PAD
    0x0800c7b0   0x00000c50   Code   RO         1319    i.__hardfp_pow      m_wm.l(pow.o)
    0x0800d400   0x000000c8   Code   RO         1333    i.__hardfp_sin      m_wm.l(sin.o)
    0x0800d4c8   0x0000007a   Code   RO         1345    i.__hardfp_sqrt     m_wm.l(sqrt.o)
    0x0800d542   0x00000006   PAD
    0x0800d548   0x00000438   Code   RO         1397    i.__ieee754_rem_pio2  m_wm.l(rred.o)
    0x0800d980   0x00000170   Code   RO         1375    i.__kernel_cos      m_wm.l(cos_i.o)
    0x0800daf0   0x000000f8   Code   RO         1394    i.__kernel_poly     m_wm.l(poly.o)
    0x0800dbe8   0x00000130   Code   RO         1402    i.__kernel_sin      m_wm.l(sin_i.o)
    0x0800dd18   0x00000030   Code   RO         1378    i.__mathlib_dbl_divzero  m_wm.l(dunder.o)
    0x0800dd48   0x00000014   Code   RO         1379    i.__mathlib_dbl_infnan  m_wm.l(dunder.o)
    0x0800dd5c   0x00000014   Code   RO         1380    i.__mathlib_dbl_infnan2  m_wm.l(dunder.o)
    0x0800dd70   0x00000020   Code   RO         1381    i.__mathlib_dbl_invalid  m_wm.l(dunder.o)
    0x0800dd90   0x00000020   Code   RO         1382    i.__mathlib_dbl_overflow  m_wm.l(dunder.o)
    0x0800ddb0   0x00000020   Code   RO         1384    i.__mathlib_dbl_underflow  m_wm.l(dunder.o)
    0x0800ddd0   0x00000018   Code   RO         1315    i.fabs              m_wm.l(fabs.o)
    0x0800dde8   0x0000006e   Code   RO         1347    i.sqrt              m_wm.l(sqrt.o)
    0x0800de56   0x00000018   Code   RO         1259    x$fpl$basic         fz_wm.l(basic.o)
    0x0800de6e   0x00000002   PAD
    0x0800de70   0x00000062   Code   RO         1261    x$fpl$d2f           fz_wm.l(d2f.o)
    0x0800ded2   0x00000002   PAD
    0x0800ded4   0x00000150   Code   RO         1263    x$fpl$dadd          fz_wm.l(daddsub_clz.o)
    0x0800e024   0x00000010   Code   RO         1428    x$fpl$dcheck1       fz_wm.l(dcheck1.o)
    0x0800e034   0x00000018   Code   RO         1360    x$fpl$dcmpinf       fz_wm.l(dcmpi.o)
    0x0800e04c   0x000002b0   Code   RO         1270    x$fpl$ddiv          fz_wm.l(ddiv.o)
    0x0800e2fc   0x0000005e   Code   RO         1430    x$fpl$dfix          fz_wm.l(dfix.o)
    0x0800e35a   0x0000002e   Code   RO         1274    x$fpl$dflt          fz_wm.l(dflt_clz.o)
    0x0800e388   0x00000026   Code   RO         1273    x$fpl$dfltu         fz_wm.l(dflt_clz.o)
    0x0800e3ae   0x00000002   PAD
    0x0800e3b0   0x00000078   Code   RO         1279    x$fpl$dleqf         fz_wm.l(dleqf.o)
    0x0800e428   0x00000154   Code   RO         1281    x$fpl$dmul          fz_wm.l(dmul.o)
    0x0800e57c   0x0000009c   Code   RO         1362    x$fpl$dnaninf       fz_wm.l(dnaninf.o)
    0x0800e618   0x0000000c   Code   RO         1364    x$fpl$dretinf       fz_wm.l(dretinf.o)
    0x0800e624   0x0000006c   Code   RO         1283    x$fpl$drleqf        fz_wm.l(drleqf.o)
    0x0800e690   0x00000016   Code   RO         1264    x$fpl$drsb          fz_wm.l(daddsub_clz.o)
    0x0800e6a6   0x00000002   PAD
    0x0800e6a8   0x00000198   Code   RO         1366    x$fpl$dsqrt         fz_wm.l(dsqrt_umaal.o)
    0x0800e840   0x000001d4   Code   RO         1265    x$fpl$dsub          fz_wm.l(daddsub_clz.o)
    0x0800ea14   0x00000056   Code   RO         1285    x$fpl$f2d           fz_wm.l(f2d.o)
    0x0800ea6a   0x0000008c   Code   RO         1368    x$fpl$fnaninf       fz_wm.l(fnaninf.o)
    0x0800eaf6   0x0000000a   Code   RO         1507    x$fpl$fpinit        fz_wm.l(fpinit.o)
    0x0800eb00   0x0000000a   Code   RO         1370    x$fpl$fretinf       fz_wm.l(fretinf.o)
    0x0800eb0a   0x00000064   Code   RO         1447    x$fpl$retnan        fz_wm.l(retnan.o)
    0x0800eb6e   0x0000005c   Code   RO         1372    x$fpl$scalbn        fz_wm.l(scalbn.o)
    0x0800ebca   0x00000030   Code   RO         1496    x$fpl$trapveneer    fz_wm.l(trapv.o)
    0x0800ebfa   0x00000000   Code   RO         1374    x$fpl$usenofp       fz_wm.l(usenofp.o)
    0x0800ebfa   0x00000100   Data   RO          732    .constdata          os_core.o
    0x0800ecfa   0x00000006   PAD
    0x0800ed00   0x00000050   Data   RO         1181    .constdata          brain.o
    0x0800ed50   0x00000050   Data   RO         1290    .constdata          m_wm.l(acos.o)
    0x0800eda0   0x00000088   Data   RO         1322    .constdata          m_wm.l(pow.o)
    0x0800ee28   0x00000030   Data   RO         1376    .constdata          m_wm.l(cos_i.o)
    0x0800ee58   0x00000008   Data   RO         1396    .constdata          m_wm.l(qnan.o)
    0x0800ee60   0x000000c8   Data   RO         1399    .constdata          m_wm.l(rred.o)
    0x0800ef28   0x00000028   Data   RO         1403    .constdata          m_wm.l(sin_i.o)
    0x0800ef50   0x00000020   Data   RO         1575    Region$$Table       anon$$obj.o


    Execution Region RW_IRAM1 (Base: 0x20000000, Size: 0x000050e0, Max: 0x00020000, ABSOLUTE, COMPRESSED[0x00000434])

    Base Addr    Size         Type   Attr      Idx    E Section Name        Object

    0x20000000   0x00000039   Data   RW            5    .data               ucos_task.o
    0x20000039   0x00000003   PAD
    0x2000003c   0x0000000d   Data   RW          313    .data               main.o
    0x20000049   0x00000003   PAD
    0x2000004c   0x00000014   Data   RW          393    .data               system_stm32f4xx.o
    0x20000060   0x00000004   Data   RW          426    .data               delay.o
    0x20000064   0x00000010   Data   RW          529    .data               stm32f4xx_rcc.o
    0x20000074   0x0000005c   Data   RW          733    .data               os_core.o
    0x200000d0   0x00000006   Data   RW          936    .data               os_cpu_c.o
    0x200000d6   0x00000004   Data   RW          996    .data               led_fc.o
    0x200000da   0x00000034   Data   RW         1122    .data               usart_fc.o
    0x2000010e   0x00000002   PAD
    0x20000110   0x00000020   Data   RW         1150    .data               leg.o
    0x20000130   0x00000033   Data   RW         1182    .data               brain.o
    0x20000163   0x00000001   PAD
    0x20000164   0x00000404   Data   RW         1229    .data               my_math.o
    0x20000568   0x00001614   Zero   RW            4    .bss                ucos_task.o
    0x20001b7c   0x00000500   Zero   RW          312    .bss                main.o
    0x2000207c   0x00001288   Zero   RW          731    .bss                os_core.o
    0x20003304   0x000000b4   Zero   RW         1050    .bss                time.o
    0x200033b8   0x00000c2e   Zero   RW         1121    .bss                usart_fc.o
    0x20003fe6   0x00000002   PAD
    0x20003fe8   0x00000a98   Zero   RW         1149    .bss                leg.o
    0x20004a80   0x00000060   Zero   RW         1435    .bss                c_w.l(libspace.o)
    0x20004ae0   0x00000200   Zero   RW          417    HEAP                startup_stm32f40_41xxx.o
    0x20004ce0   0x00000400   Zero   RW          416    STACK               startup_stm32f40_41xxx.o


==============================================================================

Image component sizes


      Code (inc. data)   RO Data    RW Data    ZI Data      Debug   Object Name

     10928        286         80         51          0      12015   brain.o
       264         18          0          4          0       1475   delay.o
       232          4          0          0          0       1520   dma.o
       208          8          0          4          0       1003   led_fc.o
      8988        222          0         32       2712      15604   leg.o
       536        112          0         13       1280       1997   main.o
       224         20          0          0          0       1877   misc.o
      1460        110          0       1028          0       5611   my_math.o
      2196        218        256         92       4744      16131   os_core.o
       200         32          0          0          0        352   os_cpu_a.o
       488          8          0          6          0      11967   os_cpu_c.o
      2060         42          0          0          0       7280   os_flag.o
       972         16          0          0          0       4382   os_mbox.o
      1512         30          0          0          0       5845   os_q.o
       908         18          0          0          0       4118   os_sem.o
      1988         70          0          0          0       7957   os_task.o
       432         30          0          0          0       1910   os_time.o
      1588         94          0          0          0       5809   os_tmr.o
       108          0          0          0          0       1037   rng.o
        64         26        392          0       1536        860   startup_stm32f40_41xxx.o
       936         32          0          0          0       6453   stm32f4xx_dma.o
       660         44          0          0          0       4217   stm32f4xx_gpio.o
        22          0          0          0          0       1063   stm32f4xx_it.o
      1628         52          0         16          0      13124   stm32f4xx_rcc.o
       160          4          0          0          0       1836   stm32f4xx_rng.o
      1108         34          0          0          0       7940   stm32f4xx_usart.o
       528         46          0         20          0       1867   system_stm32f4xx.o
       356         18          0          0        180      29517   time.o
       488         54          0         57       5652     289865   ucos_task.o
      7800        304          0         52       3118      11779   usart_fc.o

    ----------------------------------------------------------------------
     49044       1952        766       1384      19224     476411   Object Totals
         0          0         32          0          0          0   (incl. Generated)
         2          0          6          9          2          0   (incl. Padding)

    ----------------------------------------------------------------------

      Code (inc. data)   RO Data    RW Data    ZI Data      Debug   Library Member Name

        90          0          0          0          0          0   __dczerorl2.o
         8          0          0          0          0         68   __main.o
         0          0          0          0          0          0   __rtentry.o
        12          0          0          0          0          0   __rtentry2.o
         6          0          0          0          0          0   __rtentry4.o
        52          8          0          0          0          0   __scatter.o
        28          0          0          0          0          0   __scatter_zi.o
        22          0          0          0          0        100   _rserrno.o
        18          0          0          0          0         80   exit.o
         6          0          0          0          0        152   heapauxi.o
         0          0          0          0          0          0   indicate_semi.o
         2          0          0          0          0          0   libinit.o
         6          0          0          0          0          0   libinit2.o
         2          0          0          0          0          0   libshutdown.o
         2          0          0          0          0          0   libshutdown2.o
         8          4          0          0         96         68   libspace.o
         8          4          0          0          0         68   rt_errno_addr_intlibspace.o
        78          0          0          0          0         80   rt_memclr_w.o
       100          0          0          0          0         80   rt_memcpy_w.o
         2          0          0          0          0          0   rtexit.o
        10          0          0          0          0          0   rtexit2.o
        12          4          0          0          0         68   sys_exit.o
        74          0          0          0          0         80   sys_stackheap_outer.o
         2          0          0          0          0         68   use_no_semi.o
        24          0          0          0          0        164   basic.o
        98          4          0          0          0        140   d2f.o
       826         16          0          0          0        492   daddsub_clz.o
        16          4          0          0          0        116   dcheck1.o
        24          0          0          0          0        116   dcmpi.o
       688        140          0          0          0        256   ddiv.o
        94          4          0          0          0        140   dfix.o
        84          0          0          0          0        232   dflt_clz.o
       120          4          0          0          0        140   dleqf.o
       340         12          0          0          0        152   dmul.o
       156          4          0          0          0        140   dnaninf.o
        12          0          0          0          0        116   dretinf.o
       108          0          0          0          0        128   drleqf.o
       408         56          0          0          0        168   dsqrt_umaal.o
        86          4          0          0          0        132   f2d.o
       140          4          0          0          0        132   fnaninf.o
        10          0          0          0          0        116   fpinit.o
        10          0          0          0          0        116   fretinf.o
       100          0          0          0          0        116   retnan.o
        92          0          0          0          0        116   scalbn.o
        48          0          0          0          0        116   trapv.o
         0          0          0          0          0          0   usenofp.o
       856        118         80          0          0        288   acos.o
       200         20          0          0          0        164   cos.o
       368         46         48          0          0        200   cos_i.o
       184         44          0          0          0        744   dunder.o
        44          0          0          0          0        248   fabs.o
        48          0          0          0          0        124   fpclassify.o
       248          0          0          0          0        152   poly.o
      3152        296        136          0          0        352   pow.o
         0          0          8          0          0          0   qnan.o
      1080        142        200          0          0        188   rred.o
       200         20          0          0          0        164   sin.o
       304         24         40          0          0        208   sin_i.o
       232          0          0          0          0        296   sqrt.o

    ----------------------------------------------------------------------
     10974        982        512          0         96       7384   Library Totals
        26          0          0          0          0          0   (incl. Padding)

    ----------------------------------------------------------------------

      Code (inc. data)   RO Data    RW Data    ZI Data      Debug   Library Name

       548         20          0          0         96        912   c_w.l
      3484        252          0          0          0       3344   fz_wm.l
      6916        710        512          0          0       3128   m_wm.l

    ----------------------------------------------------------------------
     10974        982        512          0         96       7384   Library Totals

    ----------------------------------------------------------------------

==============================================================================


      Code (inc. data)   RO Data    RW Data    ZI Data      Debug   

     60018       2934       1278       1384      19320     473431   Grand Totals
     60018       2934       1278       1076      19320     473431   ELF Image Totals (compressed)
     60018       2934       1278       1076          0          0   ROM Totals

==============================================================================

    Total RO  Size (Code + RO Data)                61296 (  59.86kB)
    Total RW  Size (RW Data + ZI Data)             20704 (  20.22kB)
    Total ROM Size (Code + RO Data + RW Data)      62372 (  60.91kB)

==============================================================================

